02-20 11:59:48.462   661   661 E wificond: Failed to get NL80211_STA_INFO_CNAHLOAD
02-20 11:59:50.921   509  1124 W SocketListener: sending broadcast to Pid = 1188, Uid = 1000 
02-20 11:59:51.498   661   661 E wificond: Failed to get NL80211_STA_INFO_CNAHLOAD
02-20 11:59:54.526   661   661 E wificond: Failed to get NL80211_STA_INFO_CNAHLOAD
02-20 11:59:57.550   661   661 E wificond: Failed to get NL80211_STA_INFO_CNAHLOAD
02-20 12:00:00.004  1188  1188 I chatty  : uid=1000 system_server expire 10 lines
02-20 12:00:00.155  2585 10065 W ContextImpl: Calling a method in the system process without a qualified user: android.app.ContextImpl.bindService:1736 android.content.ContextWrapper.bindService:678 com.huawei.nb.dataservice.dsclient.RemoteServiceConnection.open:90 com.huawei.nb.dataservice.dsclient.DataServiceProxy.connect:105 com.huawei.nb.dataservice.rsclient.internal.RemoteRuleService.start:27 
02-20 12:00:00.198  2585 10067 W ContextImpl: Calling a method in the system process without a qualified user: android.app.ContextImpl.bindService:1736 android.content.ContextWrapper.bindService:678 com.huawei.nb.dataservice.dsclient.RemoteServiceConnection.open:90 com.huawei.nb.dataservice.dsclient.DataServiceProxy.connect:105 com.huawei.nb.dataservice.rsclient.internal.RemoteRuleService.start:27 
02-20 12:00:00.574   661   661 E wificond: Failed to get NL80211_STA_INFO_CNAHLOAD
02-20 12:00:06.630   661   661 E wificond: Failed to get NL80211_STA_INFO_CNAHLOAD
02-20 12:00:09.144  1188  5883 I chatty  : uid=1000(system) Binder:1188_16 expire 4 lines
02-20 12:00:09.164  1188  1780 I chatty  : uid=1000(system) Binder:1188_9 expire 11 lines
02-20 12:00:09.665   661   661 E wificond: Failed to get NL80211_STA_INFO_CNAHLOAD
02-20 12:00:12.693   661   661 E wificond: Failed to get NL80211_STA_INFO_CNAHLOAD
02-20 12:00:12.919   509  1124 W SocketListener: sending broadcast to Pid = 1188, Uid = 1000 
02-20 12:00:12.925  1188  1421 I chatty  : uid=1000(system) NetdConnector expire 10 lines
02-20 12:00:12.931  1188  1245 I chatty  : uid=1000(system) android.fg expire 8 lines
02-20 12:00:15.724   661   661 E wificond: Failed to get NL80211_STA_INFO_CNAHLOAD
02-20 12:00:18.758   661   661 I chatty  : uid=1010(wifi) /system/bin/wificond identical 13 lines
02-20 12:00:21.779   661   661 E wificond: Failed to get NL80211_STA_INFO_CNAHLOAD
02-20 12:00:24.802   661   661 E wificond: Failed to get NL80211_STA_INFO_CNAHLOAD
02-20 12:00:26.562  1188  1392 I chatty  : uid=1000(system) UEventObserver expire 10 lines
02-20 12:00:27.830   661   661 E wificond: Failed to get NL80211_STA_INFO_CNAHLOAD
02-20 12:00:30.016  1188  1646 I chatty  : uid=1000(system) watchdog expire 6 lines
02-20 12:00:30.766  1188  5884 I chatty  : uid=1000(system) Binder:1188_17 expire 14 lines
02-20 12:00:30.850   661   661 E wificond: Failed to get NL80211_STA_INFO_CNAHLOAD
02-20 12:00:39.928   661   661 E wificond: Failed to get NL80211_STA_INFO_CNAHLOAD
02-20 12:00:40.974  1188  4697 I chatty  : uid=1000(system) Binder:1188_12 expire 12 lines
02-20 12:00:42.962   661   661 E wificond: Failed to get NL80211_STA_INFO_CNAHLOAD
02-20 12:00:49.029   661   661 E wificond: Failed to get NL80211_STA_INFO_CNAHLOAD
02-20 12:00:52.054   661   661 E wificond: Failed to get NL80211_STA_INFO_CNAHLOAD
02-20 12:00:53.641   509  1124 W SocketListener: sending broadcast to Pid = 1188, Uid = 1000 
02-20 12:00:55.083   661   661 E wificond: Failed to get NL80211_STA_INFO_CNAHLOAD
02-20 12:00:58.117   661   661 E wificond: Failed to get NL80211_STA_INFO_CNAHLOAD
02-20 12:01:01.147   661   661 E wificond: Failed to get NL80211_STA_INFO_CNAHLOAD
02-20 12:01:07.212   661   661 E wificond: Failed to get NL80211_STA_INFO_CNAHLOAD
02-20 12:01:10.240   661   661 E wificond: Failed to get NL80211_STA_INFO_CNAHLOAD
02-20 12:01:12.518   509  1124 W SocketListener: sending broadcast to Pid = 1188, Uid = 1000 
02-20 12:01:13.277   661   661 E wificond: Failed to get NL80211_STA_INFO_CNAHLOAD
02-20 12:01:14.268  1188  1515 I chatty  : uid=1000(system) Binder:1188_3 expire 13 lines
02-20 12:01:14.271  1188  1236 I chatty  : uid=1000(system) HwActivityManag expire 3 lines
02-20 12:01:14.376  4270  4270 D ActivityThread: Remove activity client record, r= ActivityRecord{88ac120 token=android.os.BinderProxy@3722b84 {com.android.vending/com.google.android.finsky.billing.acquire.AcquireActivity}} token= android.os.BinderProxy@3722b84
02-20 12:01:14.376  1188  1239 I chatty  : uid=1000(system) android.ui expire 3 lines
02-20 12:01:14.379  1188  1844 I chatty  : uid=1000(system) Binder:1188_B expire 1 line
02-20 12:01:14.510  9393 10096 E ActivityThread: Failed to find provider info for com.facebook.katana.provider.AttributionIdProvider
02-20 12:01:14.553  1188  1386 I chatty  : uid=1000(system) android.anim expire 14 lines
02-20 12:01:16.301   661   661 E wificond: Failed to get NL80211_STA_INFO_CNAHLOAD
02-20 12:01:22.352   661   661 E wificond: Failed to get NL80211_STA_INFO_CNAHLOAD
02-20 12:01:22.611  1188  1188 I chatty  : uid=1000 system_server expire 10 lines
02-20 12:01:25.383   661   661 E wificond: Failed to get NL80211_STA_INFO_CNAHLOAD
02-20 12:01:28.415   661   661 E wificond: Failed to get NL80211_STA_INFO_CNAHLOAD
02-20 12:01:30.135  1188  1243 I chatty  : uid=1000(system) batterystats-sy expire 4 lines
02-20 12:01:31.441   661   661 E wificond: Failed to get NL80211_STA_INFO_CNAHLOAD
02-20 12:01:34.341  1188  1410 I chatty  : uid=1000(system) InputDispatcher expire 2 lines
02-20 12:01:34.428  9393  9393 W ViewRootImpl[MainActivity]: Cancelling event due to no window focus: KeyEvent { action=ACTION_UP, keyCode=KEYCODE_BACK, scanCode=0, metaState=0, flags=0x68, hwFlags=0x5000008, repeatCount=0, eventTime=1036955, downTime=1036884, deviceId=-1, source=0x101 }
02-20 12:01:34.428  9393  9393 I chatty  : uid=12542(u0_a2542) com.excelliance.multiaccounts identical 1 line
02-20 12:01:34.428  9393  9393 W ViewRootImpl[MainActivity]: Cancelling event due to no window focus: KeyEvent { action=ACTION_UP, keyCode=KEYCODE_BACK, scanCode=0, metaState=0, flags=0x68, hwFlags=0x5000008, repeatCount=0, eventTime=1036955, downTime=1036884, deviceId=-1, source=0x101 }
02-20 12:01:34.448  1188  1515 I chatty  : uid=1000(system) Binder:1188_3 expire 14 lines
02-20 12:01:34.462   661   661 E wificond: Failed to get NL80211_STA_INFO_CNAHLOAD
02-20 12:01:34.484  1188  4697 I chatty  : uid=1000(system) Binder:1188_12 expire 10 lines
02-20 12:01:34.729  9393  9393 D ActivityThread: Remove activity client record, r= ActivityRecord{22b5f05 token=android.os.BinderProxy@111867f {com.excelliance.multiaccounts/com.excelliance.kxqp.ui.PayNavActivity}} token= android.os.BinderProxy@111867f
02-20 12:01:35.946   509  1124 W SocketListener: sending broadcast to Pid = 1188, Uid = 1000 
02-20 12:01:37.492   661   661 E wificond: Failed to get NL80211_STA_INFO_CNAHLOAD
02-20 12:01:40.277  9393  9393 V ActivityThread: ActivityThread,callActivityOnCreate
02-20 12:01:40.294  9393  9393 D ActivityThread: add activity client record, r= ActivityRecord{f267df7 token=android.os.BinderProxy@ff49c5d {com.excelliance.multiaccounts/com.excelliance.kxqp.ui.PayNavActivity}} token= android.os.BinderProxy@ff49c5d
02-20 12:01:40.339  1188  1386 I chatty  : uid=1000(system) android.anim expire 11 lines
02-20 12:01:40.374  1188  3210 I chatty  : uid=1000(system) Binder:1188_F expire 1 line
02-20 12:01:40.399   509  1124 W SocketListener: sending broadcast to Pid = 1188, Uid = 1000 
02-20 12:01:40.506   661   661 E wificond: Failed to get NL80211_STA_INFO_CNAHLOAD
02-20 12:01:40.879   509  1126 W SocketListener: sending broadcast to Pid = 1188, Uid = 1000 
02-20 12:01:40.880  1188  1421 I chatty  : uid=1000(system) NetdConnector expire 10 lines
02-20 12:01:40.886  1188  1422 I chatty  : uid=1000(system) NetworkStats expire 5 lines
02-20 12:01:43.535   661   661 E wificond: Failed to get NL80211_STA_INFO_CNAHLOAD
02-20 12:01:44.972  1888  2141 I HwNetworkPolicyManager: getHwUidPolicy uid = 10022 policy = 0
02-20 12:01:44.976  4270  4270 V ActivityThread: ActivityThread,callActivityOnCreate
02-20 12:01:45.013  4270  4270 D ActivityThread: add activity client record, r= ActivityRecord{b64a436 token=android.os.BinderProxy@ced4f80 {com.android.vending/com.google.android.finsky.billing.acquire.AcquireActivity}} token= android.os.BinderProxy@ced4f80
02-20 12:01:45.016  1188  1584 I chatty  : uid=1000(system) Binder:1188_4 expire 3 lines
02-20 12:01:45.067  1188  4697 I chatty  : uid=1000(system) Binder:1188_12 expire 6 lines
02-20 12:01:46.261  9393 10142 E ActivityThread: Failed to find provider info for com.facebook.katana.provider.AttributionIdProvider
02-20 12:01:46.553   661   661 E wificond: Failed to get NL80211_STA_INFO_CNAHLOAD
02-20 12:01:52.604   661   661 E wificond: Failed to get NL80211_STA_INFO_CNAHLOAD
02-20 12:01:55.632   661   661 E wificond: Failed to get NL80211_STA_INFO_CNAHLOAD
02-20 12:01:57.343  1188  1515 I chatty  : uid=1000(system) Binder:1188_3 expire 8 lines
02-20 12:01:57.438  4270  4270 D ActivityThread: Remove activity client record, r= ActivityRecord{b64a436 token=android.os.BinderProxy@ced4f80 {com.android.vending/com.google.android.finsky.billing.acquire.AcquireActivity}} token= android.os.BinderProxy@ced4f80
02-20 12:01:57.438  1188  5813 I chatty  : uid=1000(system) Binder:1188_15 expire 7 lines
02-20 12:01:57.564  9393 10149 E ActivityThread: Failed to find provider info for com.facebook.katana.provider.AttributionIdProvider
02-20 12:01:58.655   661   661 E wificond: Failed to get NL80211_STA_INFO_CNAHLOAD
02-20 12:02:01.681   661   661 E wificond: Failed to get NL80211_STA_INFO_CNAHLOAD
02-20 12:02:07.740   661   661 E wificond: Failed to get NL80211_STA_INFO_CNAHLOAD
02-20 12:02:10.775   661   661 E wificond: Failed to get NL80211_STA_INFO_CNAHLOAD
02-20 12:02:16.829   661   661 E wificond: Failed to get NL80211_STA_INFO_CNAHLOAD
02-20 12:02:18.024   509  1124 W SocketListener: sending broadcast to Pid = 1188, Uid = 1000 
02-20 12:02:19.859   661   661 E wificond: Failed to get NL80211_STA_INFO_CNAHLOAD
02-20 12:02:22.608  1188  1188 I chatty  : uid=1000 system_server expire 8 lines
02-20 12:02:22.893   661   661 E wificond: Failed to get NL80211_STA_INFO_CNAHLOAD
02-20 12:02:25.915   661   661 E wificond: Failed to get NL80211_STA_INFO_CNAHLOAD
02-20 12:02:27.406  1188  1392 I chatty  : uid=1000(system) UEventObserver expire 4 lines
02-20 12:02:28.943   661   661 E wificond: Failed to get NL80211_STA_INFO_CNAHLOAD
02-20 12:02:30.792   509  1124 W SocketListener: sending broadcast to Pid = 1188, Uid = 1000 
02-20 12:02:31.978   661   661 E wificond: Failed to get NL80211_STA_INFO_CNAHLOAD
02-20 12:02:47.141   661   661 E wificond: Failed to get NL80211_STA_INFO_CNAHLOAD
02-20 12:02:50.166   661   661 E wificond: Failed to get NL80211_STA_INFO_CNAHLOAD
02-20 12:02:53.191   661   661 E wificond: Failed to get NL80211_STA_INFO_CNAHLOAD
02-20 12:02:54.081  1188  1780 I chatty  : uid=1000(system) Binder:1188_9 expire 13 lines
02-20 12:02:56.218   661   661 E wificond: Failed to get NL80211_STA_INFO_CNAHLOAD
02-20 12:02:59.252   661   661 E wificond: Failed to get NL80211_STA_INFO_CNAHLOAD
02-20 12:03:02.286   661   661 E wificond: Failed to get NL80211_STA_INFO_CNAHLOAD
02-20 12:03:05.310   661   661 E wificond: Failed to get NL80211_STA_INFO_CNAHLOAD
02-20 12:03:08.105  1188  1515 I chatty  : uid=1000(system) Binder:1188_3 expire 13 lines
02-20 12:03:08.105  1188  1236 I chatty  : uid=1000(system) HwActivityManag expire 4 lines
02-20 12:03:08.111  1188  5813 I chatty  : uid=1000(system) Binder:1188_15 expire 9 lines
02-20 12:03:08.111  4270  4270 V ActivityThread: ActivityThread,callActivityOnCreate
02-20 12:03:08.112  1888  2141 I HwNetworkPolicyManager: getHwUidPolicy uid = 10022 policy = 0
02-20 12:03:08.115  1188  1239 I chatty  : uid=1000(system) android.ui expire 6 lines
02-20 12:03:08.151  4270  4270 D ActivityThread: add activity client record, r= ActivityRecord{ff476f6 token=android.os.BinderProxy@ae312a5 {com.android.vending/com.google.android.finsky.billing.acquire.AcquireActivity}} token= android.os.BinderProxy@ae312a5
02-20 12:03:08.153  1188  6281 I chatty  : uid=1000(system) Binder:1188_19 expire 10 lines
02-20 12:03:08.174  1188  4697 I chatty  : uid=1000(system) Binder:1188_12 expire 1 line
02-20 12:03:08.175  1188  1386 I chatty  : uid=1000(system) android.anim expire 14 lines
02-20 12:03:08.326   661   661 E wificond: Failed to get NL80211_STA_INFO_CNAHLOAD
02-20 12:03:08.604  9393 10149 E ActivityThread: Failed to find provider info for com.facebook.katana.provider.AttributionIdProvider
02-20 12:03:09.502  1188  1188 I chatty  : uid=1000 system_server expire 11 lines
02-20 12:03:10.607  1188  1848 I chatty  : uid=1000(system) Binder:1188_D expire 10 lines
02-20 12:03:10.607  4270  4270 D ActivityThread: Remove activity client record, r= ActivityRecord{ff476f6 token=android.os.BinderProxy@ae312a5 {com.android.vending/com.google.android.finsky.billing.acquire.AcquireActivity}} token= android.os.BinderProxy@ae312a5
02-20 12:03:10.738  9393 10193 E ActivityThread: Failed to find provider info for com.facebook.katana.provider.AttributionIdProvider
02-20 12:03:11.349   661   661 E wificond: Failed to get NL80211_STA_INFO_CNAHLOAD
02-20 12:03:14.378   661   661 E wificond: Failed to get NL80211_STA_INFO_CNAHLOAD
02-20 12:03:17.403   661   661 I chatty  : uid=1010(wifi) /system/bin/wificond identical 7 lines
02-20 12:03:20.433   661   661 E wificond: Failed to get NL80211_STA_INFO_CNAHLOAD
02-20 12:03:23.460   661   661 E wificond: Failed to get NL80211_STA_INFO_CNAHLOAD
02-20 12:03:24.783  1188  1515 I chatty  : uid=1000(system) Binder:1188_3 expire 14 lines
02-20 12:03:26.490   661   661 E wificond: Failed to get NL80211_STA_INFO_CNAHLOAD
02-20 12:03:27.822  1188  1392 I chatty  : uid=1000(system) UEventObserver expire 8 lines
02-20 12:03:29.524   661   661 E wificond: Failed to get NL80211_STA_INFO_CNAHLOAD
02-20 12:03:30.028  1188  1646 I chatty  : uid=1000(system) watchdog expire 4 lines
02-20 12:03:31.016   509  1124 W SocketListener: sending broadcast to Pid = 1188, Uid = 1000 
02-20 12:03:31.018  1188  1421 I chatty  : uid=1000(system) NetdConnector expire 8 lines
02-20 12:03:31.024  1188  1245 I chatty  : uid=1000(system) android.fg expire 4 lines
02-20 12:03:32.552   661   661 E wificond: Failed to get NL80211_STA_INFO_CNAHLOAD
02-20 12:03:38.619   661   661 E wificond: Failed to get NL80211_STA_INFO_CNAHLOAD
02-20 12:03:41.648   661   661 E wificond: Failed to get NL80211_STA_INFO_CNAHLOAD
02-20 12:03:47.707   661   661 E wificond: Failed to get NL80211_STA_INFO_CNAHLOAD
02-20 12:03:50.731   661   661 E wificond: Failed to get NL80211_STA_INFO_CNAHLOAD
02-20 12:03:56.791   661   661 E wificond: Failed to get NL80211_STA_INFO_CNAHLOAD
02-20 12:03:59.820   661   661 E wificond: Failed to get NL80211_STA_INFO_CNAHLOAD
02-20 12:04:02.849   661   661 E wificond: Failed to get NL80211_STA_INFO_CNAHLOAD
02-20 12:04:05.879   661   661 E wificond: Failed to get NL80211_STA_INFO_CNAHLOAD
02-20 12:04:08.916   661   661 E wificond: Failed to get NL80211_STA_INFO_CNAHLOAD
02-20 12:04:09.894   509  1124 W SocketListener: sending broadcast to Pid = 1188, Uid = 1000 
02-20 12:04:11.951   661   661 E wificond: Failed to get NL80211_STA_INFO_CNAHLOAD
02-20 12:04:18.013   661   661 E wificond: Failed to get NL80211_STA_INFO_CNAHLOAD
02-20 12:04:21.039   661   661 E wificond: Failed to get NL80211_STA_INFO_CNAHLOAD
02-20 12:04:22.606  1188  1188 I chatty  : uid=1000 system_server expire 8 lines
02-20 12:04:24.065   661   661 E wificond: Failed to get NL80211_STA_INFO_CNAHLOAD
02-20 12:04:27.096   661   661 E wificond: Failed to get NL80211_STA_INFO_CNAHLOAD
02-20 12:04:28.213  1188  1235 I chatty  : uid=1000(system) android.bg expire 1 line
02-20 12:04:30.129   661   661 E wificond: Failed to get NL80211_STA_INFO_CNAHLOAD
02-20 12:04:33.152   661   661 E wificond: Failed to get NL80211_STA_INFO_CNAHLOAD
02-20 12:04:36.189   661   661 E wificond: Failed to get NL80211_STA_INFO_CNAHLOAD
02-20 12:04:39.220   661   661 E wificond: Failed to get NL80211_STA_INFO_CNAHLOAD
02-20 12:04:48.303   661   661 E wificond: Failed to get NL80211_STA_INFO_CNAHLOAD
02-20 12:04:48.713   509  1124 W SocketListener: sending broadcast to Pid = 1188, Uid = 1000 
02-20 12:04:51.334   661   661 E wificond: Failed to get NL80211_STA_INFO_CNAHLOAD
02-20 12:04:54.362   661   661 E wificond: Failed to get NL80211_STA_INFO_CNAHLOAD
02-20 12:04:56.796  1188  1410 I chatty  : uid=1000(system) InputDispatcher expire 6 lines
02-20 12:04:56.965  1888  2141 I HwNetworkPolicyManager: getHwUidPolicy uid = 10068 policy = 0
02-20 12:04:56.975  1188  1515 I chatty  : uid=1000(system) Binder:1188_3 expire 32 lines
02-20 12:04:56.976  1529  1937 I CommandQueue: updateBarBgColor
02-20 12:04:56.976  1529  1937 D CommandQueue: CommandQueue, setBarBackgroundColor
02-20 12:04:57.060  1188  3210 I chatty  : uid=1000(system) Binder:1188_F expire 11 lines
02-20 12:04:57.384   661   661 E wificond: Failed to get NL80211_STA_INFO_CNAHLOAD
02-20 12:05:00.403   661   661 E wificond: Failed to get NL80211_STA_INFO_CNAHLOAD
02-20 12:05:01.060  1188  1780 I chatty  : uid=1000(system) Binder:1188_9 expire 21 lines
02-20 12:05:01.060  1888  2141 I HwNetworkPolicyManager: getHwUidPolicy uid = 1000 policy = 0
02-20 12:05:01.091  1188  1386 I chatty  : uid=1000(system) android.anim expire 18 lines
02-20 12:05:01.092  1552  1552 V ActivityThread: ActivityThread,callActivityOnCreate
02-20 12:05:01.157  1188  1848 I chatty  : uid=1000(system) Binder:1188_D expire 7 lines
02-20 12:05:01.188 10261 10261 D ActivityThread: ActivityThread,attachApplication
02-20 12:05:01.228  1552  1552 D ActivityThread: add activity client record, r= ActivityRecord{12f3eff token=android.os.BinderProxy@f493f72 {com.android.settings/com.android.settings.HWSettings}} token= android.os.BinderProxy@f493f72
02-20 12:05:01.233  1552  1552 W ContextImpl: Calling a method in the system process without a qualified user: android.app.ContextImpl.sendBroadcast:1095 android.content.ContextWrapper.sendBroadcast:436 com.android.settings.HWSettings.onResume:161 android.app.Instrumentation.callActivityOnResume:1364 android.app.Activity.performResume:7490 
02-20 12:05:01.285  1529  1937 I CommandQueue: updateBarBgColor
02-20 12:05:01.285  1529  1937 D CommandQueue: CommandQueue, setBarBackgroundColor
02-20 12:05:01.344 10304 10304 D ActivityThread: ActivityThread,attachApplication
02-20 12:05:01.372 10323 10323 D ActivityThread: ActivityThread,attachApplication
02-20 12:05:01.449 10346 10346 D ActivityThread: ActivityThread,attachApplication
02-20 12:05:01.453  1188  6281 I chatty  : uid=1000(system) Binder:1188_19 expire 1 line
02-20 12:05:01.536   509  1124 W SocketListener: sending broadcast to Pid = 1188, Uid = 1000 
02-20 12:05:01.677 10391 10391 D ActivityThread: ActivityThread,attachApplication
02-20 12:05:01.966  1188  1419 I chatty  : uid=1000(system) CryptdConnector expire 1 line
02-20 12:05:02.342  1727  1740 D HwBootanimService: Boot or Shutdown sound is Capable :true
02-20 12:05:02.500   467   475 D VoldCmdListener: sdlock poll
02-20 12:05:02.500   467   475 I         : poll
02-20 12:05:02.501   467   475 E         : failed to get lockable path
02-20 12:05:02.501   467   475 W Vold    : Returning OperationFailed - no handler for errno 9
02-20 12:05:02.502   467   475 D VoldCmdListener: sdlock poll
02-20 12:05:02.502   467   475 I         : poll
02-20 12:05:02.502   467   475 E         : failed to get lockable path
02-20 12:05:02.502   467   475 W Vold    : Returning OperationFailed - no handler for errno 9
02-20 12:05:02.503  1188  1780 I chatty  : uid=1000(system) Binder:1188_9 expire 11 lines
02-20 12:05:03.427   661   661 E wificond: Failed to get NL80211_STA_INFO_CNAHLOAD
02-20 12:05:03.493  1188  5813 I chatty  : uid=1000(system) Binder:1188_15 expire 26 lines
02-20 12:05:03.505  1188  1201 I chatty  : uid=1000(system) Binder:1188_2 expire 17 lines
02-20 12:05:03.512  1188  1386 I chatty  : uid=1000(system) android.anim expire 44 lines
02-20 12:05:03.514  1552  1552 V ActivityThread: ActivityThread,callActivityOnCreate
02-20 12:05:03.602  1552  1552 D ActivityThread: add activity client record, r= ActivityRecord{6bcd2e7 token=android.os.BinderProxy@7e4da58 {com.android.settings/com.android.settings.Settings$AppAndNotificationDashboardActivity}} token= android.os.BinderProxy@7e4da58
02-20 12:05:03.626  1188  4697 I chatty  : uid=1000(system) Binder:1188_12 expire 14 lines
02-20 12:05:03.875  1188  1238 I chatty  : uid=1000(system) ActivityManager expire 10 lines
02-20 12:05:06.454   661   661 E wificond: Failed to get NL80211_STA_INFO_CNAHLOAD
02-20 12:05:06.582  1552  1552 V ActivityThread: ActivityThread,callActivityOnCreate
02-20 12:05:06.646  1552  1552 D ActivityThread: add activity client record, r= ActivityRecord{d7335e4 token=android.os.BinderProxy@6880f90 {com.android.settings/com.android.settings.SubSettings}} token= android.os.BinderProxy@6880f90
02-20 12:05:06.679  1188  1848 I chatty  : uid=1000(system) Binder:1188_D expire 17 lines
02-20 12:05:07.881  1552  1552 D ActivityThread: Remove activity client record, r= ActivityRecord{d7335e4 token=android.os.BinderProxy@6880f90 {com.android.settings/com.android.settings.SubSettings}} token= android.os.BinderProxy@6880f90
02-20 12:05:09.474   661   661 E wificond: Failed to get NL80211_STA_INFO_CNAHLOAD
02-20 12:05:12.494   661   661 E wificond: Failed to get NL80211_STA_INFO_CNAHLOAD
02-20 12:05:14.102  1188  1236 I chatty  : uid=1000(system) HwActivityManag expire 3 lines
02-20 12:05:14.107  1188  1239 I chatty  : uid=1000(system) android.ui expire 5 lines
02-20 12:05:14.112  1888  2141 I HwNetworkPolicyManager: getHwUidPolicy uid = 1000 policy = 0
02-20 12:05:14.119  5399  5399 V ActivityThread: ActivityThread,callActivityOnCreate
02-20 12:05:14.123  1188  5813 I chatty  : uid=1000(system) Binder:1188_15 expire 14 lines
02-20 12:05:14.193  5399  5399 D ActivityThread: add activity client record, r= ActivityRecord{f267df7 token=android.os.BinderProxy@3cbbd35 {com.huawei.systemmanager/com.huawei.permissionmanager.ui.MainActivity}} token= android.os.BinderProxy@3cbbd35
02-20 12:05:14.284  1188  1201 I chatty  : uid=1000(system) Binder:1188_2 expire 1 line
02-20 12:05:14.285  1188  1386 I chatty  : uid=1000(system) android.anim expire 6 lines
02-20 12:05:14.301  5399  5399 W ContextImpl: Calling a method in the system process without a qualified user: android.app.ContextImpl.startService:1656 android.content.ContextWrapper.startService:644 com.huawei.permissionmanager.ui.MainActivity.updateRecommendPermission:88 com.huawei.permissionmanager.ui.MainActivity.-wrap1:0 com.huawei.permissionmanager.ui.MainActivity$2.handleMessage:38 
02-20 12:05:14.392  1188  1515 I chatty  : uid=1000(system) Binder:1188_3 expire 5 lines
02-20 12:05:15.506   661   661 E wificond: Failed to get NL80211_STA_INFO_CNAHLOAD
02-20 12:05:18.524   661   661 I chatty  : uid=1010(wifi) /system/bin/wificond identical 1 line
02-20 12:05:21.546   661   661 E wificond: Failed to get NL80211_STA_INFO_CNAHLOAD
02-20 12:05:22.608  1188  1188 I chatty  : uid=1000 system_server expire 8 lines
02-20 12:05:24.580   661   661 E wificond: Failed to get NL80211_STA_INFO_CNAHLOAD
02-20 12:05:26.106  9100  9100 V ActivityThread: ActivityThread,callActivityOnCreate
02-20 12:05:26.108  1188  3210 I chatty  : uid=1000(system) Binder:1188_F expire 2 lines
02-20 12:05:26.108  1888  2141 I HwNetworkPolicyManager: getHwUidPolicy uid = 10039 policy = 0
02-20 12:05:26.121  1188  1848 I chatty  : uid=1000(system) Binder:1188_D expire 3 lines
02-20 12:05:26.228  9100  9100 D ActivityThread: add activity client record, r= ActivityRecord{7166119 token=android.os.BinderProxy@9d13359 {com.android.packageinstaller/com.android.packageinstaller.permission.ui.ManagePermissionsActivity}} token= android.os.BinderProxy@9d13359
02-20 12:05:26.270  1188  5883 I chatty  : uid=1000(system) Binder:1188_16 expire 3 lines
02-20 12:05:26.288  1188  6285 I chatty  : uid=1000(system) Binder:1188_1B expire 10 lines
02-20 12:05:26.713  1188  3529 I chatty  : uid=1000(system) Binder:1188_11 expire 6 lines
02-20 12:05:27.597   661   661 E wificond: Failed to get NL80211_STA_INFO_CNAHLOAD
02-20 12:05:28.664  1188  1392 I chatty  : uid=1000(system) UEventObserver expire 2 lines
02-20 12:05:30.037  1188  1646 I chatty  : uid=1000(system) watchdog expire 1 line
02-20 12:05:30.623   661   661 E wificond: Failed to get NL80211_STA_INFO_CNAHLOAD
02-20 12:05:33.384   509  1124 W SocketListener: sending broadcast to Pid = 1188, Uid = 1000 
02-20 12:05:33.387  1188  1421 I chatty  : uid=1000(system) NetdConnector expire 4 lines
02-20 12:05:33.392  1188  1245 I chatty  : uid=1000(system) android.fg expire 2 lines
02-20 12:05:33.648   661   661 E wificond: Failed to get NL80211_STA_INFO_CNAHLOAD
02-20 12:05:35.935   509  1124 W SocketListener: sending broadcast to Pid = 1188, Uid = 1000 
02-20 12:05:36.673   661   661 E wificond: Failed to get NL80211_STA_INFO_CNAHLOAD
02-20 12:05:37.575  1188  6285 I chatty  : uid=1000(system) Binder:1188_1B expire 12 lines
--------- beginning of main
02-20 12:05:37.954  2636  8881 I HiAction_XChannel.i-5: run(): schedule to restart XChannelClient
02-20 12:05:37.954  2636  8881 I HiAction_XChannel.k: startWork(): 
02-20 12:05:37.958  2636  8881 I HiAction_XChannel.k: getDelay(): current time is 2019220 12:05:37, last connect time is 2019220 11:55:35
02-20 12:05:37.958  2636  8881 I HiAction_XChannel.k: getDelay(): more than one minute between tow connections, delay is set to be 0
02-20 12:05:37.960  2636  8881 I HiAction_XChannel.k: run(): startWork is scheduled
02-20 12:05:37.960  2636  8881 I HiAction_XChannel.i-5: run(): SendThread exit
02-20 12:05:37.963  2636 10476 I HiAction_XChannel.k-6: run(): 
02-20 12:05:37.963  2636 10476 I HiAction_XChannel.k-6: reset(): 
02-20 12:05:37.963  2636 10476 I HiAction_XChannel.k-6: reset(): stop expired alarm
02-20 12:05:37.963  2636 10476 I HiAction_XChannel.k-6: stopAlarm(): 
02-20 12:05:37.963  2636 10476 I HiAction_XChannel.k-6: reset(): interrupt recvThread
02-20 12:05:37.963  2636 10476 I HiAction_XChannel.k-6: reset(): interrupt sendThread
02-20 12:05:37.963  2636 10476 I HiAction_XChannel.k-6: reset(): close expired socket
02-20 12:05:37.964  2636 10476 I HiAction_XChannel.k-6: reset(): ensure expired threads exit
02-20 12:05:37.964  2636 10476 I HiAction_XChannel.k-6: reset(): receive thread exit
02-20 12:05:37.964  2636 10476 I HiAction_XChannel.k-6: reset(): send thread exit
02-20 12:05:37.964  2636 10476 I HiAction_XChannel.k-6: reset(): clear expired data
02-20 12:05:37.964  2636 10476 I HiAction_XChannel.d: clear(): 
02-20 12:05:37.964  2636 10476 I HiAction_XChannel.a: clear(): 
02-20 12:05:37.964  2636 10476 I HiAction_XChannel.k-6: reset(): success
02-20 12:05:37.964  2636 10476 I HiAction_XChannel.k-6: getPusher(): 
02-20 12:05:37.967  2636 10476 I HiAction_ThreadStateSync: get threadAllReady
02-20 12:05:37.967  2636 10476 I HiAction_ThreadStateSync: get isSendThreadReady
02-20 12:05:37.967  2636 10477 I HiAction_XChannel.f-6: run():
02-20 12:05:37.967  2636 10477 I HiAction_ThreadStateSync: receiveThreadRun
02-20 12:05:37.967  2636 10478 I HiAction_XChannel.i-6: run 
02-20 12:05:37.967  2636 10478 I HiAction_ThreadStateSync: sendThreadRun
02-20 12:05:37.967  2636 10478 I HiAction_XChannel.k-6: getFromMsgReqQueue(): 
02-20 12:05:37.968  2636 10476 I HiAction_ThreadStateSync: SendThreadBlockQueue get  :java.lang.Object@f6b4fed
02-20 12:05:37.968  2636 10476 I HiAction_ThreadStateSync: get isReceiveThreadReady
02-20 12:05:37.968  2636 10476 I HiAction_ThreadStateSync: ReceiveThreadBlockQueue  get  :java.lang.Object@1596e22
02-20 12:05:37.968  2636 10476 I HiAction_b: handshake(): 
02-20 12:05:37.968  2636 10476 I HiAction_b: firstStep(): 
02-20 12:05:37.968  2636 10476 I HiAction_b: firstStepContent(): 
02-20 12:05:37.968  2636 10476 I HiAction_b: firstStepContent(): encryptLength=155
02-20 12:05:37.970  2636 10476 I HiAction_b: firstStep(): body.length=403
02-20 12:05:37.970  2636 10476 W HiAction_b: TraceFlow.PushMessageFlow: syncSend type:3 requestid:275613202
02-20 12:05:37.970  2636 10476 I HiAction_XChannel.d: setQueue(): 
02-20 12:05:37.970  2636 10476 I HiAction_b: syncSend(): send message to server
02-20 12:05:37.971  2636 10476 I HiAction_b: syncSend(): to get response
02-20 12:05:37.971  2636 10476 I HiAction_XChannel.d: getMessage(): 
02-20 12:05:38.317   587   587 I aptouch_daemon: filter_touch_detect, down, in: 1, out: 1
02-20 12:05:38.460  2636 10477 I HiAction_XChannel.k-6: restartAlarm(): 
02-20 12:05:38.464   587   587 I aptouch_daemon: filter_touch_detect, all_touch_up
02-20 12:05:38.466  2636 10477 W HiAction_XChannel.f-6: TraceFlow.PushMessageFlow: handlePacket type:2
02-20 12:05:38.466  2636 10477 I HiAction_XChannel.d: addMessage(): 
02-20 12:05:38.469  2636 10476 I HiAction_XChannel.d: getMessage(): AESKEY_RES
02-20 12:05:38.469  2636 10476 I HiAction_b: syncSend(): received response
02-20 12:05:38.471  9100  9100 D CubicBezierInterpolator: CubicBezierInterpolator  mControlPoint1x = 0.23, mControlPoint1y = 0.06, mControlPoint2x = 0.09, mControlPoint2y = 0.97
02-20 12:05:38.473  9100  9100 D CubicBezierInterpolator: CubicBezierInterpolator  mControlPoint1x = 0.6, mControlPoint1y = 0.9, mControlPoint2x = 0.8, mControlPoint2y = 1.0
02-20 12:05:38.474  9100  9100 D CubicBezierInterpolator: CubicBezierInterpolator  mControlPoint1x = 0.23, mControlPoint1y = 0.06, mControlPoint2x = 0.09, mControlPoint2y = 0.97
02-20 12:05:38.475  9100  9100 D CubicBezierInterpolator: CubicBezierInterpolator  mControlPoint1x = 0.6, mControlPoint1y = 0.9, mControlPoint2x = 0.8, mControlPoint2y = 1.0
02-20 12:05:38.530  2636 10476 I HiAction_XChannel.XChannelService: notify Refresh ChannelId:F5F36EF453D2861F
02-20 12:05:38.530  2636 10476 I HiAction_XChannel.e: register(): 
02-20 12:05:38.530  2636 10476 I HiAction_XChannel.a: onRegister :
02-20 12:05:38.530  2636 10476 I HiAction_XChannel.a: mChannelId is already exist
02-20 12:05:38.530  2636 10476 I HiAction_b: secondStep(): 
02-20 12:05:38.531  2636 10476 W HiAction_b: TraceFlow.PushMessageFlow: syncSend type:5 requestid:2115932376
02-20 12:05:38.531  2636 10476 I HiAction_XChannel.d: setQueue(): 
02-20 12:05:38.532  2636 10476 I HiAction_b: syncSend(): send message to server
02-20 12:05:38.532  2636 10476 I HiAction_b: syncSend(): to get response
02-20 12:05:38.532  2636 10476 I HiAction_XChannel.d: getMessage(): 
02-20 12:05:39.439   587   587 I aptouch_daemon: filter_touch_detect, down, in: 1, out: 1
02-20 12:05:39.555   587   587 I aptouch_daemon: filter_touch_detect, all_touch_up
02-20 12:05:39.679   578   578 E WifiHAL : enter wifi_get_link_stats
02-20 12:05:39.696   661   661 E wificond: Failed to get NL80211_STA_INFO_CNAHLOAD
02-20 12:05:40.175   587   587 I aptouch_daemon: filter_touch_detect, down, in: 1, out: 1
02-20 12:05:40.224   587   587 I aptouch_daemon: filter_touch_detect, all_touch_up
02-20 12:05:40.248  9100  9100 V AudioManager: playSoundEffect   effectType: 0
02-20 12:05:40.281   665   777 I Pged-IPgedBinderService: ****action is 1, pid num is 9***
02-20 12:05:40.281   665   777 I Pged-Freezer: freezePids
02-20 12:05:40.281   665   777 I Pged-Freezer: Freeze process: 9754
02-20 12:05:40.281   665   777 I Pged-Freezer: Freeze process: 9370
02-20 12:05:40.281   665   777 I Pged-Freezer: Freeze process: 9393
02-20 12:05:40.281   665   777 I Pged-Freezer: Freeze process: 9525
02-20 12:05:40.282   665   777 I Pged-Freezer: Freeze process: 9550
02-20 12:05:40.282   665   777 I Pged-Freezer: Freeze process: 6782
02-20 12:05:40.282   665   777 I Pged-Freezer: Freeze process: 7444
02-20 12:05:40.282   665   777 I Pged-Freezer: Freeze process: 7541
02-20 12:05:40.284  1745  2158 I chatty  : uid=1000(system) actions handler expire 10 lines
02-20 12:05:40.286  2585  5366 D [HwRecSys]HwRecSysService: onEvent actionID: 10000 msg:com.huawei.systemmanager		
02-20 12:05:40.286  2585  5366 E [HwRecSys]HwRecSysService: getIsRportDirectService is false!
02-20 12:05:40.287  1188  1475 I chatty  : uid=1000(system) EmcomThread expire 12 lines
02-20 12:05:40.287  1745  2269 I chatty  : uid=1000(system) sdk thread expire 12 lines
02-20 12:05:40.292  5399  5399 D HwCust  : Create obj success use class android.app.HwCustActivityImpl
02-20 12:05:40.292  5399  5399 D HwCust  : Create obj success use class android.app.HwCustHwWallpaperManagerImpl
02-20 12:05:40.293  5399  5399 V ActivityThread: ActivityThread,callActivityOnCreate
02-20 12:05:40.294  1188  5263 I chatty  : uid=1000(system) Binder:1188_13 expire 5 lines
02-20 12:05:40.295  1188  5263 I chatty  : uid=1000(system) Binder:1188_13 expire 1 line
02-20 12:05:40.296  1188  6284 I chatty  : uid=1000(system) Binder:1188_1A expire 2 lines
02-20 12:05:40.296  1888  2141 I HwNetworkPolicyManager: getHwUidPolicy uid = 1000 policy = 0
02-20 12:05:40.297  5399  5399 D CubicBezierInterpolator: CubicBezierInterpolator  mControlPoint1x = 0.23, mControlPoint1y = 0.06, mControlPoint2x = 0.09, mControlPoint2y = 0.97
02-20 12:05:40.298  5399  5399 D CubicBezierInterpolator: CubicBezierInterpolator  mControlPoint1x = 0.6, mControlPoint1y = 0.9, mControlPoint2x = 0.8, mControlPoint2y = 1.0
02-20 12:05:40.298  5399  5399 D CubicBezierInterpolator: CubicBezierInterpolator  mControlPoint1x = 0.23, mControlPoint1y = 0.06, mControlPoint2x = 0.09, mControlPoint2y = 0.97
02-20 12:05:40.298  5399  5399 D CubicBezierInterpolator: CubicBezierInterpolator  mControlPoint1x = 0.6, mControlPoint1y = 0.9, mControlPoint2x = 0.8, mControlPoint2y = 1.0
02-20 12:05:40.304  5399  5399 W WindowDecorActionBar: should not do the transition or the transition anim is null or it is running or the mContainer view is null or mContainer view hasn't been drawn to screen 
02-20 12:05:40.304  5399  5399 I chatty  : uid=1000(system) com.huawei.systemmanager identical 5 lines
02-20 12:05:40.310  5399  5399 W ContextImpl: Calling a method in the system process without a qualified user: android.app.ContextImpl.sendBroadcast:1074 android.content.ContextWrapper.sendBroadcast:431 com.huawei.permissionmanager.ui.SingleAppFragment.clearNotificationIfNeeded:624 com.huawei.permissionmanager.ui.SingleAppFragment.onCreate:178 android.app.Fragment.performCreate:2606 
02-20 12:05:40.318  5399  5399 W HwPhoneLayoutInflater: onCreateView : ClassNotFoundException, In this case we want to let the base class take a crack at it
02-20 12:05:40.319  5399  5399 W HwPhoneLayoutInflater: onCreateView : ClassNotFoundException, In this case we want to let the base class take a crack at it
02-20 12:05:40.339  5399  5399 D ActivityThread: add activity client record, r= ActivityRecord{6be6da7 token=android.os.BinderProxy@f543934 {com.huawei.systemmanager/com.huawei.permissionmanager.ui.SingleAppActivity}} token= android.os.BinderProxy@f543934
02-20 12:05:40.345  5399 10434 D OpenGLRenderer:   HWUI Binary is  enabled
02-20 12:05:40.347  1888  3725 W HSM     : AbsRecommendQuery:queryRecommendData get a invalid cursor, maybe no matched result exist!
02-20 12:05:40.347  5399 10480 E HSM     : SingleAppFragment:error generateOnePkgMultiItemInput Exception
02-20 12:05:40.348  5399 10434 D OpenGLRenderer:   HWUI Binary is  enabled
02-20 12:05:40.348  1188  5712 I chatty  : uid=1000(system) Binder:1188_14 expire 19 lines
02-20 12:05:40.354  5399  5399 I PressGestureDetector: onAttached begin
02-20 12:05:40.354  5399  5399 I PressGestureDetector: onAttached end
02-20 12:05:40.355  5399 10481 I PressGestureDetector: enabledInPad = false,isPcCastMode = false
02-20 12:05:40.359  1188  6284 I chatty  : uid=1000(system) Binder:1188_1A expire 10 lines
02-20 12:05:40.374  5399 10434 D mali_winsys: EGLint new_window_surface(egl_winsys_display *, void *, EGLSurface, EGLConfig, egl_winsys_surface **, egl_color_buffer_format *, EGLBoolean) returns 0x3000
02-20 12:05:40.377  5399  5399 D CubicBezierInterpolator: CubicBezierInterpolator  mControlPoint1x = 0.2, mControlPoint1y = 0.65, mControlPoint2x = 0.28, mControlPoint2y = 0.97
02-20 12:05:40.386  1188  5883 I chatty  : uid=1000(system) Binder:1188_16 expire 10 lines
02-20 12:05:40.387  5399  5399 W InputMethodManager: startInputReason = 1
02-20 12:05:40.387  1529  7071 I chatty  : uid=10029(u0_a29) Binder:1529_8 expire 7 lines
02-20 12:05:40.387  1727  1740 E HsmCoreServiceImpl: onTransact in code is: 103
02-20 12:05:40.387  1727  1740 I MediaProcessHandler: playingUids: 
02-20 12:05:40.388  1188  1386 I chatty  : uid=1000(system) android.anim expire 11 lines
02-20 12:05:40.397  1188  1247 I chatty  : uid=1000(system) android.display expire 13 lines
02-20 12:05:40.401  4982  4982 I wangchen: SysInfo.getSysParam: orientation=1||config d=3.0,w=1080,h=1792||metrics d=3.0,w=1080,h=1792||sdk=26,bar_h=72
02-20 12:05:40.401  4982  4982 I KeymapLoader: w=1080 h=1792 ori=true appScale=3.3 s1=3.0
02-20 12:05:40.402  1188  5263 I chatty  : uid=1000(system) Binder:1188_13 expire 2 lines
02-20 12:05:40.406  9100  9493 W libEGL  : EGLNativeWindowType 0x78427f5010 disconnect failed
02-20 12:05:40.466  5399  5399 W InputMethodManager: startInputReason = 4
02-20 12:05:40.468  4982  4982 I wangchen: SysInfo.getSysParam: orientation=1||config d=3.0,w=1080,h=1792||metrics d=3.0,w=1080,h=1792||sdk=26,bar_h=72
02-20 12:05:40.468  4982  4982 I KeymapLoader: w=1080 h=1792 ori=true appScale=3.3 s1=3.0
02-20 12:05:40.534  2636 10476 E HiAction_b: syncSend(): receive response timeout
02-20 12:05:40.534  2636 10476 I HiAction_XChannel.d: removeMessage(): 
02-20 12:05:40.534  2636 10476 I HiAction_XChannel.k-6: run(): check bastet model
02-20 12:05:40.535  2636 10476 I HiAction_XChannel.a: clearBastetProxy: clear bastet proxy succeed
02-20 12:05:40.728  1188  1239 I chatty  : uid=1000(system) android.ui expire 6 lines
02-20 12:05:41.465   587   587 I aptouch_daemon: filter_touch_detect, down, in: 1, out: 1
02-20 12:05:41.466  1188  1411 I chatty  : uid=1000(system) InputReader expire 32 lines
02-20 12:05:41.695   587   587 I aptouch_daemon: filter_touch_detect, all_touch_up
02-20 12:05:41.697  5399  5399 D CubicBezierInterpolator: CubicBezierInterpolator  mControlPoint1x = 0.23, mControlPoint1y = 0.06, mControlPoint2x = 0.09, mControlPoint2y = 0.97
02-20 12:05:41.697  5399  5399 D CubicBezierInterpolator: CubicBezierInterpolator  mControlPoint1x = 0.6, mControlPoint1y = 0.9, mControlPoint2x = 0.8, mControlPoint2y = 1.0
02-20 12:05:41.697  5399  5399 D CubicBezierInterpolator: CubicBezierInterpolator  mControlPoint1x = 0.23, mControlPoint1y = 0.06, mControlPoint2x = 0.09, mControlPoint2y = 0.97
02-20 12:05:41.697  5399  5399 D CubicBezierInterpolator: CubicBezierInterpolator  mControlPoint1x = 0.6, mControlPoint1y = 0.9, mControlPoint2x = 0.8, mControlPoint2y = 1.0
02-20 12:05:41.787   665   777 I Pged-IPgedBinderService: ****action is 2, pid num is 9***
02-20 12:05:41.787   665   777 I Pged-Freezer: thawPids
02-20 12:05:42.423   587   587 I aptouch_daemon: filter_touch_detect, down, in: 1, out: 1
02-20 12:05:42.571   587   587 I aptouch_daemon: filter_touch_detect, all_touch_up
02-20 12:05:42.706   578   578 E WifiHAL : enter wifi_get_link_stats
02-20 12:05:42.718   661   661 E wificond: Failed to get NL80211_STA_INFO_CNAHLOAD
02-20 12:05:43.543   630   735 E bastetd : [BastetService  ] prepareHeartbeatProxy# Bastet is not available
02-20 12:05:43.545  2636 10476 D HwBastet: OsConstants MSG_HRT: 655360
02-20 12:05:43.545  2636 10476 D HwBastet: OsConstants MSG_LPW: 524288
02-20 12:05:43.545  2636 10476 D HwBastet: OsConstants TCP_RECONN: 100
02-20 12:05:43.545  2636 10476 I HiAction_XChannel.a: establish(): Create a HwBastet
02-20 12:05:43.546  2636 10476 I HiAction_XChannel.a: establish(): Bastet not Available
02-20 12:05:43.546  2636 10476 I HiAction_XChannel.k-6: run(): bastet not available
02-20 12:05:43.546  2636 10476 I HiAction_XChannel.k-6: stopAlarm(): 
02-20 12:05:43.553  2636 10476 I HiAction_XChannel.k-6: restartAlarm(): 
02-20 12:05:43.558  2636 10476 I HiAction_XChannel.XChannelService: sdkStatusChange(): 
02-20 12:05:43.558  2636 10476 I HiAction_XChannel.k-6: run(): XChannelClient on working
02-20 12:05:43.559  2636 10474 I HiAction_XChannel.e: sdkStatusChange(): 
02-20 12:05:43.559  2636 10474 I HiAction_XChannel.a: onSdkStatusChange(): isAvaliable[true] status[PUSH_MSG_AVAILABLE]
02-20 12:05:43.828  1188  1188 I chatty  : uid=1000 system_server expire 33 lines
02-20 12:05:44.103  7618  7637 D LogUtil_LogConfig: getLogFile(): logFilePath = /data/data/com.huawei.health/files/com.huawei.health/com.huawei.health_DaemonService/
02-20 12:05:44.103  7618  7637 D LogUtil_LogConfig: obtainSavePath(): path = 1
02-20 12:05:44.103  7618  7637 D LogUtil_LogConfig: acquireMaxLogFileLengthContainsOffset describe: com.huawei.health:DaemonService result:5242880
02-20 12:05:45.459   660   660 E Thermal-daemon: [pa_0] temp_new :30  temp_old :31
02-20 12:05:45.460   660   660 E Thermal-daemon: Report temperature: [pa_0] temp :30  report_threshold:1
02-20 12:05:45.555   882  1033 W libc    : Set property "ril.balong_cid" to "0"
02-20 12:05:45.579   882  1033 W libc    : Set property "ril.balong_cid" to "0"
02-20 12:05:45.581   587   587 I aptouch_daemon: filter_touch_detect, down, in: 1, out: 1
02-20 12:05:45.623  1188  1494 I chatty  : uid=1000(system) HwIntelligenceS expire 36 lines
02-20 12:05:45.628  1758  2296 W PhoneInterfaceManager: shouldBlockLocation running ...
02-20 12:05:45.629  1758  2296 I PhoneInterfaceManager: shouldBlockLocation  ret:false
02-20 12:05:45.644  1711  1711 D HwMSDPStillStatusOfRelative:  onCellLocationChanged location
02-20 12:05:45.651  1711  1711 D HwMSDPStillStatusOfRelative: isMainSIMOkay main SIM card status is not ready
02-20 12:05:45.655  2688  2831 D TelephonyManager: getAllCellInfo calling app is com.amap.android.ams
02-20 12:05:45.657  1758  2088 W PhoneInterfaceManager: shouldBlockLocation running ...
02-20 12:05:45.657  1758  2088 I PhoneInterfaceManager: shouldBlockLocation  ret:false
02-20 12:05:45.722   578   578 E WifiHAL : enter wifi_get_link_stats
02-20 12:05:45.729   587   587 I aptouch_daemon: filter_touch_detect, all_touch_up
02-20 12:05:45.734  1188  1239 I chatty  : uid=1000(system) android.ui expire 18 lines
02-20 12:05:45.737   661   661 E wificond: Failed to get NL80211_STA_INFO_CNAHLOAD
02-20 12:05:45.738  1188  1426 I chatty  : uid=1000(system) WifiStateMachin expire 20 lines
02-20 12:05:45.739  1188  1428 I chatty  : uid=1000(system) HwWifiCHRStateM expire 15 lines
02-20 12:05:47.303  1188  1427 I chatty  : uid=1000(system) HwWifiStatStore expire 12 lines
02-20 12:05:47.715   587   587 I aptouch_daemon: filter_touch_detect, down, in: 1, out: 1
02-20 12:05:47.729  1188  3529 I chatty  : uid=1000(system) Binder:1188_11 expire 4 lines
02-20 12:05:47.737  1188  1410 I chatty  : uid=1000(system) InputDispatcher expire 6 lines
02-20 12:05:47.787   587   587 I aptouch_daemon: filter_touch_detect, all_touch_up
02-20 12:05:47.792  1188  6284 I chatty  : uid=1000(system) Binder:1188_1A expire 3 lines
02-20 12:05:47.837  1188  3529 I chatty  : uid=1000(system) Binder:1188_11 expire 35 lines
02-20 12:05:47.838  1188  1236 I chatty  : uid=1000(system) HwActivityManag expire 3 lines
02-20 12:05:47.840  1745  1898 I chatty  : uid=1000(system) core expire 10 lines
02-20 12:05:47.842  2585  5366 D [HwRecSys]HwRecSysService: onEvent actionID: 10010 msg:com.huawei.android.launcher		
02-20 12:05:47.842  2585  5366 E [HwRecSys]HwRecSysService: getIsRportDirectService is false!
02-20 12:05:47.845  1745  3703 I chatty  : uid=1000(system) CallbackHandler expire 6 lines
02-20 12:05:47.877  1791  1791 I HwLauncher: Launcher  onNewIntent() DragLayer visibility = 0, alpha = 1.0
02-20 12:05:47.880  1791  1791 W HwLauncher: Workspace  changeState() state no change.
02-20 12:05:47.881  1188  1780 I chatty  : uid=1000(system) Binder:1188_9 expire 1 line
02-20 12:05:47.881  1888  2141 I HwNetworkPolicyManager: getHwUidPolicy uid = 10068 policy = 0
02-20 12:05:47.884  1791  1873 E HwLauncher: SettingsEx , no such field.
02-20 12:05:47.884  1791  1873 W HwLauncher: Clock getDataFormat the getSystemString failed.
02-20 12:05:47.887  1188  5712 I chatty  : uid=1000(system) Binder:1188_14 expire 1 line
02-20 12:05:47.895  1529  7071 I CommandQueue: updateBarBgColor
02-20 12:05:47.895  1529  7071 D CommandQueue: CommandQueue, setBarBackgroundColor
02-20 12:05:47.899  1791  1972 D mali_winsys: EGLint new_window_surface(egl_winsys_display *, void *, EGLSurface, EGLConfig, egl_winsys_surface **, egl_color_buffer_format *, EGLBoolean) returns 0x3000
02-20 12:05:47.899  1791  1791 W InputMethodManager: startInputReason = 1
02-20 12:05:47.900   548   548 I chatty  : uid=1000(system) allocator@2.0-s expire 18 lines
02-20 12:05:47.905  4982  4982 I wangchen: SysInfo.getSysParam: orientation=1||config d=3.0,w=1080,h=1792||metrics d=3.0,w=1080,h=1792||sdk=26,bar_h=72
02-20 12:05:47.905  4982  4982 I KeymapLoader: w=1080 h=1792 ori=true appScale=3.3 s1=3.0
02-20 12:05:47.926  5399 10434 W libEGL  : EGLNativeWindowType 0x783caa4010 disconnect failed
02-20 12:05:47.979  1727  1740 E HsmCoreServiceImpl: onTransact in code is: 103
02-20 12:05:47.979  1727  1740 I MediaProcessHandler: playingUids: 
02-20 12:05:48.090 10485 10485 I         : power log dlsym ok
02-20 12:05:48.092 10485 10485 I zygote64: Reinit property: dalvik.vm.checkjni= false
02-20 12:05:48.099 10485 10485 D ActivityThread: ActivityThread,attachApplication
02-20 12:05:48.108   429   429 W /system/bin/hwservicemanager: Cannot open /odm/manifest.xml
02-20 12:05:48.121 10485 10500 I HwApiCacheMangerEx: apicache mCurPackageName=com.android.mms uptimes=1290674
02-20 12:05:48.122 10485 10500 I HwApiCacheMangerEx: apicache oUid null
02-20 12:05:48.122 10485 10500 I HwApiCacheMangerEx: apicache volumes null
02-20 12:05:48.123 10485 10500 I HwApiCacheMangerEx: apicache path=/storage/emulated/0 state=mounted key=com.android.mms#10041#256
02-20 12:05:48.123 10485 10500 I HwApiCacheMangerEx: apicache oUid 10041
02-20 12:05:48.123 10485 10500 I HwApiCacheMangerEx: apicache volumes null
02-20 12:05:48.124 10485 10500 I HwApiCacheMangerEx: apicache path=/storage/emulated/0 state=mounted key=com.android.mms#10041#0
02-20 12:05:48.124 10485 10500 I HwApiCacheMangerEx: apicache async read begin packageName=com.android.mms userid=0
02-20 12:05:48.124 10485 10500 I HwApiCacheMangerEx: apicache pi null
02-20 12:05:48.125 10485 10500 I chatty  : uid=10041(u0_a41) com.android.mms identical 1 line
02-20 12:05:48.125 10485 10500 I HwApiCacheMangerEx: apicache pi null
02-20 12:05:48.127 10485 10500 I HwApiCacheMangerEx: apicache oUid null
02-20 12:05:48.127 10485 10485 D HwFLClassLoader: get used feature list :/feature/used-list failed!
02-20 12:05:48.127 10485 10485 D HwFLClassLoader: USE_FEATURE_LIST had not init! 
02-20 12:05:48.128 10485 10500 I HwApiCacheMangerEx: apicache async read finished packageName=com.android.mms userid=0 totalus=4367
02-20 12:05:48.131 10485 10485 I zygote64: Failed to open app image /data/dalvik-cache/arm64/system@priv-app@Mms@Mms.apk@classes.art Oat checksum 0xf4a6d7ca does not match the image one 0x2e82170f in image /data/dalvik-cache/arm64/system@priv-app@Mms@Mms.apk@classes.art
02-20 12:05:48.133  1727  1740 E HsmCoreServiceImpl: onTransact in code is: 102
02-20 12:05:48.133  1727  1740 W MediaProcessHandler: processOp uid 1000 is not concerned!
02-20 12:05:48.133  1727  1740 I MediaProcessHandler: executedCallBack opType: 1 mMediaStatusObservers.size=0
02-20 12:05:48.140 10485 10485 I HwApiCacheMangerEx: apicache pi null
02-20 12:05:48.141   429   429 W /system/bin/hwservicemanager: Cannot open /odm/manifest.xml
02-20 12:05:48.142 10485 10485 I HwCust  : Constructor found for class com.huawei.mms.util.HwCustHwBackgroundLoaderImpl
02-20 12:05:48.142 10485 10485 D HwCust  : Create obj success use class com.huawei.mms.util.HwCustHwBackgroundLoaderImpl
02-20 12:05:48.144 10485 10485 V TmoMonitor: Tmo add watched handler HandlerThread PerUI-Handler id:460
02-20 12:05:48.144 10485 10485 V TmoMonitor: Tmo add watched handler HandlerThread Task_handler id:458
02-20 12:05:48.144 10485 10485 V TmoMonitor: Tmo add watched handler HandlerThread Cache-Handler id:459
02-20 12:05:48.149 10485 10485 I HwApiCacheMangerEx: apicache oUid 10041
02-20 12:05:48.149 10485 10485 I HwApiCacheMangerEx: apicache volumes [Landroid.os.storage.StorageVolume;@45a1c25
02-20 12:05:48.150 10485 10485 W com.android.mms: type=1400 audit(0.0:667): avc: denied { read } for name="u:object_r:mmi_prop:s0" dev="tmpfs" ino=9457 scontext=u:r:priv_app:s0:c512,c768 tcontext=u:object_r:mmi_prop:s0 tclass=file permissive=0
02-20 12:05:48.151 10485 10485 D CspApp  : MmsApp onCreate
02-20 12:05:48.152 10485 10485 V TmoMonitor: Tmo add watched executor ThreadEx's defualtExecutor
02-20 12:05:48.152 10485 10485 E TmoMonitor: Add already observed target for ThreadEx's defualtExecutor TaskStack com.huawei.cspcommon.ex.ThreadEx$SerialExecutor@5763a08
02-20 12:05:48.152 10485 10485 V TmoMonitor: Tmo add watched executor AsyncTask.THREAD_POOL_EXECUTOR
02-20 12:05:48.152 10485 10485 V TmoMonitor: Tmo add watched executor AsyncTask.SERIAL_EXECUTOR
02-20 12:05:48.154 10485 10485 E RcsService: RcsXmlParser - mContext is null ,return empty string!
02-20 12:05:48.154 10485 10485 E RcsService: RcsXmlParser - mContext is null ,return empty string!
02-20 12:05:48.154 10485 10485 D RcsService: RcsFeatureEnabler - rcsProductEnabled: false rcsVendorEnabled: true
02-20 12:05:48.156 10485 10485 I HwCust  : Constructor found for class com.android.mms.HwCustMmsConfigImpl
02-20 12:05:48.156 10485 10485 D HwCust  : Create obj success use class com.android.mms.HwCustMmsConfigImpl
02-20 12:05:48.156 10485 10485 I HwCust  : Constructor found for class com.huawei.mms.util.HwCustHwMessageUtilsImpl
