02-20 11:50:37.128  1552  1552 W ContextImpl: Calling a method in the system process without a qualified user: android.app.ContextImpl.startService:1656 android.content.ContextWrapper.startService:644 android.content.ContextWrapper.startService:644 com.android.settings.applications.BlackListReceiver.onReceive:35 android.app.ActivityThread.handleReceiver:3804 
02-20 11:50:37.389  6782  6831 W PackageParser: Unknown element under <manifest>: meta-data at /data/app/com.huawei.hwid-oKEfyJazjkFy3cGcgoW85g==/base.apk Binary XML file line #13
02-20 11:50:37.390  6782  6831 W PackageParser: Ignoring duplicate uses-permissions/uses-permissions-sdk-m: android.permission.READ_EXTERNAL_STORAGE in package: com.huawei.hwid at: Binary XML file line #25
02-20 11:50:37.399  6782  6831 W PackageParser: No actions in intent filter at /data/app/com.huawei.hwid-oKEfyJazjkFy3cGcgoW85g==/base.apk Binary XML file line #440
02-20 11:50:37.418  5399  5399 W ContextImpl: Calling a method in the system process without a qualified user: android.app.ContextImpl.startService:1656 android.content.ContextWrapper.startService:644 android.content.ContextWrapper.startService:644 com.huawei.systemmanager.antivirus.utils.AntiVirusTools.checkVirusForNewInstalledApk:620 com.huawei.systemmanager.antivirus.AntiVirusReceiver.onReceive:36 
02-20 11:50:37.420  1188  5263 I chatty  : uid=1000(system) Binder:1188_13 expire 2 lines
02-20 11:50:37.425  6782  6831 W PackageParser: No actions in intent filter at /data/app/com.huawei.hwid-oKEfyJazjkFy3cGcgoW85g==/base.apk Binary XML file line #1545
02-20 11:50:37.432  6782  6831 W PackageParser: No actions in intent filter at /data/app/com.huawei.hwid-oKEfyJazjkFy3cGcgoW85g==/base.apk Binary XML file line #1815
02-20 11:50:37.432  6782  6831 W PackageParser: No actions in intent filter at /data/app/com.huawei.hwid-oKEfyJazjkFy3cGcgoW85g==/base.apk Binary XML file line #1829
02-20 11:50:37.446  5399  7556 W ContextImpl: Calling a method in the system process without a qualified user: android.app.ContextImpl.startService:1656 android.content.ContextWrapper.startService:644 com.huawei.systemmanager.spacecleanner.receiver.SpaceCleanReceiver.checkRarelyUsedApp:87 com.huawei.systemmanager.spacecleanner.receiver.SpaceCleanReceiver.doInBackground:39 java.lang.reflect.Method.invoke:-2 
02-20 11:50:37.481  7541  7602 W PackageParser: Unknown element under <manifest>: meta-data at /data/app/com.huawei.hwid-oKEfyJazjkFy3cGcgoW85g==/base.apk Binary XML file line #13
02-20 11:50:37.482  7541  7602 W PackageParser: Ignoring duplicate uses-permissions/uses-permissions-sdk-m: android.permission.READ_EXTERNAL_STORAGE in package: com.huawei.hwid at: Binary XML file line #25
02-20 11:50:37.487  7541  7602 W PackageParser: No actions in intent filter at /data/app/com.huawei.hwid-oKEfyJazjkFy3cGcgoW85g==/base.apk Binary XML file line #440
02-20 11:50:37.500  7541  7602 W PackageParser: No actions in intent filter at /data/app/com.huawei.hwid-oKEfyJazjkFy3cGcgoW85g==/base.apk Binary XML file line #1545
02-20 11:50:37.504  7541  7602 W PackageParser: No actions in intent filter at /data/app/com.huawei.hwid-oKEfyJazjkFy3cGcgoW85g==/base.apk Binary XML file line #1815
02-20 11:50:37.504  7541  7602 W PackageParser: No actions in intent filter at /data/app/com.huawei.hwid-oKEfyJazjkFy3cGcgoW85g==/base.apk Binary XML file line #1829
02-20 11:50:37.573  1552  1552 W ContextImpl: Calling a method in the system process without a qualified user: android.app.ContextImpl.startService:1656 android.content.ContextWrapper.startService:644 android.content.ContextWrapper.startService:644 com.android.settings.applications.BlackListReceiver.onReceive:35 android.app.ActivityThread.handleReceiver:3804 
02-20 11:50:37.689  1188  3529 I chatty  : uid=1000(system) Binder:1188_11 expire 1 line
02-20 11:50:38.083   661   661 E wificond: Failed to get NL80211_STA_INFO_CNAHLOAD
02-20 11:50:39.736   509  1126 W SocketListener: sending broadcast to Pid = 1188, Uid = 1000 
02-20 11:50:39.739  1188  1421 I chatty  : uid=1000(system) NetdConnector expire 12 lines
02-20 11:50:39.748  1188  1422 I chatty  : uid=1000(system) NetworkStats expire 25 lines
02-20 11:50:41.103   661   661 E wificond: Failed to get NL80211_STA_INFO_CNAHLOAD
02-20 11:50:41.743   509  1126 W SocketListener: sending broadcast to Pid = 1188, Uid = 1000 
02-20 11:50:43.745   509  1126 W SocketListener: sending broadcast to Pid = 1188, Uid = 1000 
02-20 11:50:43.748  1188  1421 I chatty  : uid=1000(system) NetdConnector expire 30 lines
02-20 11:50:43.753  1188  1245 I chatty  : uid=1000(system) android.fg expire 10 lines
02-20 11:50:44.124   661   661 E wificond: Failed to get NL80211_STA_INFO_CNAHLOAD
02-20 11:50:45.790   509  1126 W SocketListener: sending broadcast to Pid = 1188, Uid = 1000 
02-20 11:50:47.146   661   661 E wificond: Failed to get NL80211_STA_INFO_CNAHLOAD
02-20 11:50:47.791   509  1126 W SocketListener: sending broadcast to Pid = 1188, Uid = 1000 
02-20 11:50:49.795   509  1126 W SocketListener: sending broadcast to Pid = 1188, Uid = 1000 
02-20 11:50:49.805  1188  1422 I chatty  : uid=1000(system) NetworkStats expire 25 lines
02-20 11:50:50.175   661   661 E wificond: Failed to get NL80211_STA_INFO_CNAHLOAD
02-20 11:50:51.634  1188  1238 I chatty  : uid=1000(system) ActivityManager expire 1 line
02-20 11:50:51.799   509  1126 W SocketListener: sending broadcast to Pid = 1188, Uid = 1000 
02-20 11:50:52.339  1188  1392 I chatty  : uid=1000(system) UEventObserver expire 2 lines
02-20 11:50:52.377  1188  1188 I chatty  : uid=1000 system_server expire 15 lines
02-20 11:50:53.195   661   661 E wificond: Failed to get NL80211_STA_INFO_CNAHLOAD
02-20 11:50:53.804   509  1126 W SocketListener: sending broadcast to Pid = 1188, Uid = 1000 
02-20 11:50:53.806  1188  1421 I chatty  : uid=1000(system) NetdConnector expire 30 lines
02-20 11:50:55.813   509  1126 W SocketListener: sending broadcast to Pid = 1188, Uid = 1000 
02-20 11:50:56.212   661   661 E wificond: Failed to get NL80211_STA_INFO_CNAHLOAD
02-20 11:50:57.816   509  1126 W SocketListener: sending broadcast to Pid = 1188, Uid = 1000 
02-20 11:50:59.234   661   661 E wificond: Failed to get NL80211_STA_INFO_CNAHLOAD
02-20 11:50:59.819   509  1126 W SocketListener: sending broadcast to Pid = 1188, Uid = 1000 
02-20 11:50:59.835  1188  1422 I chatty  : uid=1000(system) NetworkStats expire 25 lines
02-20 11:50:59.971  1188  1646 I chatty  : uid=1000(system) watchdog expire 1 line
02-20 11:51:00.153  1188  1584 I chatty  : uid=1000(system) Binder:1188_4 expire 1 line
02-20 11:51:01.823   509  1126 W SocketListener: sending broadcast to Pid = 1188, Uid = 1000 
02-20 11:51:02.253   661   661 E wificond: Failed to get NL80211_STA_INFO_CNAHLOAD
02-20 11:51:03.827   509  1126 W SocketListener: sending broadcast to Pid = 1188, Uid = 1000 
02-20 11:51:03.830  1188  1421 I chatty  : uid=1000(system) NetdConnector expire 30 lines
02-20 11:51:03.836  1188  1245 I chatty  : uid=1000(system) android.fg expire 9 lines
02-20 11:51:05.269   661   661 E wificond: Failed to get NL80211_STA_INFO_CNAHLOAD
02-20 11:51:05.839   509  1126 W SocketListener: sending broadcast to Pid = 1188, Uid = 1000 
02-20 11:51:07.839   509  1126 W SocketListener: sending broadcast to Pid = 1188, Uid = 1000 
02-20 11:51:08.289   661   661 E wificond: Failed to get NL80211_STA_INFO_CNAHLOAD
02-20 11:51:09.851   509  1126 W SocketListener: sending broadcast to Pid = 1188, Uid = 1000 
02-20 11:51:09.862  1188  1422 I chatty  : uid=1000(system) NetworkStats expire 25 lines
02-20 11:51:11.309   661   661 E wificond: Failed to get NL80211_STA_INFO_CNAHLOAD
02-20 11:51:11.855   509  1126 W SocketListener: sending broadcast to Pid = 1188, Uid = 1000 
02-20 11:51:13.859   509  1126 W SocketListener: sending broadcast to Pid = 1188, Uid = 1000 
02-20 11:51:13.861  1188  1421 I chatty  : uid=1000(system) NetdConnector expire 23 lines
02-20 11:51:13.916  1188  6285 I chatty  : uid=1000(system) Binder:1188_1B expire 1 line
02-20 11:51:13.969  1188  1849 I chatty  : uid=1000(system) Binder:1188_E expire 2 lines
02-20 11:51:14.327   661   661 E wificond: Failed to get NL80211_STA_INFO_CNAHLOAD
02-20 11:51:15.863   509  1126 W SocketListener: sending broadcast to Pid = 1188, Uid = 1000 
02-20 11:51:15.889  1188  1405 I chatty  : uid=1000(system) AlarmManager expire 1 line
02-20 11:51:15.948  1188  1845 I chatty  : uid=1000(system) Binder:1188_C expire 4 lines
02-20 11:51:17.353   661   661 E wificond: Failed to get NL80211_STA_INFO_CNAHLOAD
02-20 11:51:17.871   509  1126 W SocketListener: sending broadcast to Pid = 1188, Uid = 1000 
02-20 11:51:19.875   509  1126 W SocketListener: sending broadcast to Pid = 1188, Uid = 1000 
02-20 11:51:19.885  1188  1422 I chatty  : uid=1000(system) NetworkStats expire 25 lines
02-20 11:51:19.931  1188  1421 I chatty  : uid=1000(system) NetdConnector expire 31 lines
02-20 11:51:20.373   661   661 E wificond: Failed to get NL80211_STA_INFO_CNAHLOAD
02-20 11:51:21.789  1188  5883 I chatty  : uid=1000(system) Binder:1188_16 expire 3 lines
02-20 11:51:21.813  1188  1733 I chatty  : uid=1000(system) Binder:1188_6 expire 2 lines
02-20 11:51:21.881   509  1126 W SocketListener: sending broadcast to Pid = 1188, Uid = 1000 
02-20 11:51:21.883  1188  1845 I chatty  : uid=1000(system) Binder:1188_C expire 1 line
02-20 11:51:21.890  1188  1245 I chatty  : uid=1000(system) android.fg expire 10 lines
02-20 11:51:22.203  1188  6284 I chatty  : uid=1000(system) Binder:1188_1A expire 1 line
02-20 11:51:22.204  1188  1842 I chatty  : uid=1000(system) Binder:1188_A expire 4 lines
02-20 11:51:22.503  1188  1392 I chatty  : uid=1000(system) UEventObserver expire 4 lines
02-20 11:51:22.545  1188  1188 I chatty  : uid=1000 system_server expire 8 lines
02-20 11:51:23.391   661   661 E wificond: Failed to get NL80211_STA_INFO_CNAHLOAD
02-20 11:51:23.883   509  1126 W SocketListener: sending broadcast to Pid = 1188, Uid = 1000 
02-20 11:51:25.891   509  1126 W SocketListener: sending broadcast to Pid = 1188, Uid = 1000 
02-20 11:51:26.412   661   661 E wificond: Failed to get NL80211_STA_INFO_CNAHLOAD
02-20 11:51:27.891   509  1126 W SocketListener: sending broadcast to Pid = 1188, Uid = 1000 
02-20 11:51:29.436   661   661 E wificond: Failed to get NL80211_STA_INFO_CNAHLOAD
02-20 11:51:29.895   509  1126 W SocketListener: sending broadcast to Pid = 1188, Uid = 1000 
02-20 11:51:29.907  1188  1422 I chatty  : uid=1000(system) NetworkStats expire 25 lines
02-20 11:51:29.973  1188  1646 I chatty  : uid=1000(system) watchdog expire 2 lines
02-20 11:51:31.930   509  1126 W SocketListener: sending broadcast to Pid = 1188, Uid = 1000 
02-20 11:51:31.936  1188  1421 I chatty  : uid=1000(system) NetdConnector expire 30 lines
02-20 11:51:32.457   661   661 E wificond: Failed to get NL80211_STA_INFO_CNAHLOAD
02-20 11:51:33.967   509  1126 W SocketListener: sending broadcast to Pid = 1188, Uid = 1000 
02-20 11:51:35.484   661   661 E wificond: Failed to get NL80211_STA_INFO_CNAHLOAD
02-20 11:51:35.967   509  1126 W SocketListener: sending broadcast to Pid = 1188, Uid = 1000 
02-20 11:51:38.119   509  1126 W SocketListener: sending broadcast to Pid = 1188, Uid = 1000 
02-20 11:51:38.515   661   661 E wificond: Failed to get NL80211_STA_INFO_CNAHLOAD
02-20 11:51:40.137   509  1126 W SocketListener: sending broadcast to Pid = 1188, Uid = 1000 
02-20 11:51:40.154  1188  1422 I chatty  : uid=1000(system) NetworkStats expire 15 lines
02-20 11:51:41.534   661   661 E wificond: Failed to get NL80211_STA_INFO_CNAHLOAD
02-20 11:51:43.254   509  1126 W SocketListener: sending broadcast to Pid = 1188, Uid = 1000 
02-20 11:51:43.258  1188  1421 I chatty  : uid=1000(system) NetdConnector expire 18 lines
02-20 11:51:43.264  1188  1245 I chatty  : uid=1000(system) android.fg expire 9 lines
02-20 11:51:44.555   661   661 E wificond: Failed to get NL80211_STA_INFO_CNAHLOAD
02-20 11:51:46.460   509  1126 W SocketListener: sending broadcast to Pid = 1188, Uid = 1000 
02-20 11:51:47.580   661   661 E wificond: Failed to get NL80211_STA_INFO_CNAHLOAD
02-20 11:51:50.601   661   661 E wificond: Failed to get NL80211_STA_INFO_CNAHLOAD
02-20 11:51:52.897   509  1126 W SocketListener: sending broadcast to Pid = 1188, Uid = 1000 
02-20 11:51:52.914  1188  1422 I chatty  : uid=1000(system) NetworkStats expire 15 lines
02-20 11:51:53.624   661   661 E wificond: Failed to get NL80211_STA_INFO_CNAHLOAD
02-20 11:51:55.770   509  1126 W SocketListener: sending broadcast to Pid = 1188, Uid = 1000 
02-20 11:51:55.772  1188  1421 I chatty  : uid=1000(system) NetdConnector expire 18 lines
02-20 11:51:56.646   661   661 E wificond: Failed to get NL80211_STA_INFO_CNAHLOAD
02-20 11:51:59.322   509  1126 W SocketListener: sending broadcast to Pid = 1188, Uid = 1000 
02-20 11:51:59.665   661   661 E wificond: Failed to get NL80211_STA_INFO_CNAHLOAD
02-20 11:52:02.685   661   661 E wificond: Failed to get NL80211_STA_INFO_CNAHLOAD
02-20 11:52:03.078   509  1126 W SocketListener: sending broadcast to Pid = 1188, Uid = 1000 
02-20 11:52:03.089  1188  1422 I chatty  : uid=1000(system) NetworkStats expire 20 lines
02-20 11:52:05.704   661   661 E wificond: Failed to get NL80211_STA_INFO_CNAHLOAD
02-20 11:52:07.123   509  1126 W SocketListener: sending broadcast to Pid = 1188, Uid = 1000 
02-20 11:52:07.126  1188  1421 I chatty  : uid=1000(system) NetdConnector expire 30 lines
02-20 11:52:08.726   661   661 E wificond: Failed to get NL80211_STA_INFO_CNAHLOAD
02-20 11:52:09.123   509  1126 W SocketListener: sending broadcast to Pid = 1188, Uid = 1000 
02-20 11:52:11.134   509  1126 W SocketListener: sending broadcast to Pid = 1188, Uid = 1000 
02-20 11:52:11.748   661   661 E wificond: Failed to get NL80211_STA_INFO_CNAHLOAD
02-20 11:52:13.135   509  1126 W SocketListener: sending broadcast to Pid = 1188, Uid = 1000 
02-20 11:52:13.143  1188  1245 I chatty  : uid=1000(system) android.fg expire 10 lines
02-20 11:52:13.150  1188  1422 I chatty  : uid=1000(system) NetworkStats expire 25 lines
02-20 11:52:14.768   661   661 E wificond: Failed to get NL80211_STA_INFO_CNAHLOAD
02-20 11:52:15.139   509  1126 W SocketListener: sending broadcast to Pid = 1188, Uid = 1000 
02-20 11:52:17.144   509  1126 W SocketListener: sending broadcast to Pid = 1188, Uid = 1000 
02-20 11:52:17.147  1188  1421 I chatty  : uid=1000(system) NetdConnector expire 30 lines
02-20 11:52:17.791   661   661 E wificond: Failed to get NL80211_STA_INFO_CNAHLOAD
02-20 11:52:19.148   509  1126 W SocketListener: sending broadcast to Pid = 1188, Uid = 1000 
02-20 11:52:20.811   661   661 E wificond: Failed to get NL80211_STA_INFO_CNAHLOAD
02-20 11:52:21.155   509  1126 W SocketListener: sending broadcast to Pid = 1188, Uid = 1000 
02-20 11:52:22.612  1188  1188 I chatty  : uid=1000 system_server expire 8 lines
02-20 11:52:22.938  1188  1392 I chatty  : uid=1000(system) UEventObserver expire 2 lines
02-20 11:52:23.155   509  1126 W SocketListener: sending broadcast to Pid = 1188, Uid = 1000 
02-20 11:52:23.172  1188  1422 I chatty  : uid=1000(system) NetworkStats expire 20 lines
02-20 11:52:23.837   661   661 E wificond: Failed to get NL80211_STA_INFO_CNAHLOAD
02-20 11:52:25.173   509  1126 W SocketListener: sending broadcast to Pid = 1188, Uid = 1000 
02-20 11:52:26.863   661   661 E wificond: Failed to get NL80211_STA_INFO_CNAHLOAD
02-20 11:52:27.239   509  1126 W SocketListener: sending broadcast to Pid = 1188, Uid = 1000 
02-20 11:52:27.240  1188  1421 I chatty  : uid=1000(system) NetdConnector expire 12 lines
02-20 11:52:29.245   509  1126 W SocketListener: sending broadcast to Pid = 1188, Uid = 1000 
02-20 11:52:29.657  1188  1780 I chatty  : uid=1000(system) Binder:1188_9 expire 1 line
02-20 11:52:29.659  1188  3529 I chatty  : uid=1000(system) Binder:1188_11 expire 2 lines
02-20 11:52:29.748  1188  6285 I chatty  : uid=1000(system) Binder:1188_1B expire 13 lines
02-20 11:52:29.808  1188  5883 I chatty  : uid=1000(system) Binder:1188_16 expire 6 lines
02-20 11:52:29.889   661   661 E wificond: Failed to get NL80211_STA_INFO_CNAHLOAD
02-20 11:52:29.977  1188  1646 I chatty  : uid=1000(system) watchdog expire 1 line
02-20 11:52:32.912   661   661 E wificond: Failed to get NL80211_STA_INFO_CNAHLOAD
02-20 11:52:32.931  1188  1264 I chatty  : uid=1000(system) PackageManager expire 13 lines
02-20 11:52:33.711  1188  1238 I chatty  : uid=1000(system) ActivityManager expire 7 lines
02-20 11:52:34.416  1727  1727 I HwKeystoreServiceImpl: package removed for update, packageName:com.stupeflix.replay appId:10124
02-20 11:52:34.684  1188  1235 I chatty  : uid=1000(system) android.bg expire 4 lines
02-20 11:52:34.734  1188  4697 I chatty  : uid=1000(system) Binder:1188_12 expire 4 lines
02-20 11:52:34.734  1552  1552 W ContextImpl: Calling a method in the system process without a qualified user: android.app.ContextImpl.startService:1656 android.content.ContextWrapper.startService:644 android.content.ContextWrapper.startService:644 com.android.settings.applications.BlackListReceiver.onReceive:35 android.app.ActivityThread.handleReceiver:3804 
02-20 11:52:34.749  1188  5712 I chatty  : uid=1000(system) Binder:1188_14 expire 3 lines
02-20 11:52:34.754  1188  5998 I chatty  : uid=1000(system) Binder:1188_18 expire 4 lines
02-20 11:52:34.762  1188  5263 I chatty  : uid=1000(system) Binder:1188_13 expire 1 line
02-20 11:52:34.773  1188  1732 I chatty  : uid=1000(system) Binder:1188_5 expire 5 lines
02-20 11:52:34.852  1188  1848 I chatty  : uid=1000(system) Binder:1188_D expire 2 lines
02-20 11:52:34.856  1188  6281 I chatty  : uid=1000(system) Binder:1188_19 expire 3 lines
02-20 11:52:34.858  1188  6284 I chatty  : uid=1000(system) Binder:1188_1A expire 2 lines
02-20 11:52:34.986  5399  5399 W ContextImpl: Calling a method in the system process without a qualified user: android.app.ContextImpl.startService:1656 android.content.ContextWrapper.startService:644 android.content.ContextWrapper.startService:644 com.huawei.systemmanager.antivirus.utils.AntiVirusTools.deleteVirusApk:632 com.huawei.systemmanager.antivirus.AntiVirusReceiver.handlerPackageRemoved:52 
02-20 11:52:34.999  5399  7514 W ContextImpl: Calling a method in the system process without a qualified user: android.app.ContextImpl.startService:1656 android.content.ContextWrapper.startService:644 com.huawei.systemmanager.spacecleanner.receiver.SpaceCleanReceiver.checkRarelyUsedApp:87 com.huawei.systemmanager.spacecleanner.receiver.SpaceCleanReceiver.doInBackground:39 java.lang.reflect.Method.invoke:-2 
02-20 11:52:35.076  1188  1201 I chatty  : uid=1000(system) Binder:1188_2 expire 1 line
02-20 11:52:35.212  1552  1552 W ContextImpl: Calling a method in the system process without a qualified user: android.app.ContextImpl.startService:1656 android.content.ContextWrapper.startService:644 android.content.ContextWrapper.startService:644 com.android.settings.applications.BlackListReceiver.onReceive:35 android.app.ActivityThread.handleReceiver:3804 
02-20 11:52:35.243  1188  1441 I chatty  : uid=1000(system) ConnectivitySer expire 33 lines
02-20 11:52:35.275  1188  3397 I chatty  : uid=1000(system) Binder:1188_10 expire 2 lines
02-20 11:52:35.329  5399  5399 W ContextImpl: Calling a method in the system process without a qualified user: android.app.ContextImpl.startService:1656 android.content.ContextWrapper.startService:644 android.content.ContextWrapper.startService:644 com.huawei.systemmanager.antivirus.utils.AntiVirusTools.checkVirusForNewInstalledApk:620 com.huawei.systemmanager.antivirus.AntiVirusReceiver.onReceive:36 
02-20 11:52:35.365  5399  5513 W ContextImpl: Calling a method in the system process without a qualified user: android.app.ContextImpl.startService:1656 android.content.ContextWrapper.startService:644 com.huawei.systemmanager.spacecleanner.receiver.SpaceCleanReceiver.checkRarelyUsedApp:87 com.huawei.systemmanager.spacecleanner.receiver.SpaceCleanReceiver.doInBackground:39 java.lang.reflect.Method.invoke:-2 
02-20 11:52:35.461  1552  1552 W ContextImpl: Calling a method in the system process without a qualified user: android.app.ContextImpl.startService:1656 android.content.ContextWrapper.startService:644 android.content.ContextWrapper.startService:644 com.android.settings.applications.BlackListReceiver.onReceive:35 android.app.ActivityThread.handleReceiver:3804 
02-20 11:52:35.620  1188  3210 I chatty  : uid=1000(system) Binder:1188_F expire 2 lines
02-20 11:52:35.927   661   661 E wificond: Failed to get NL80211_STA_INFO_CNAHLOAD
02-20 11:52:38.211   509  1126 W SocketListener: sending broadcast to Pid = 1188, Uid = 1000 
02-20 11:52:38.213  1188  1421 I chatty  : uid=1000(system) NetdConnector expire 16 lines
02-20 11:52:38.229  1188  1422 I chatty  : uid=1000(system) NetworkStats expire 13 lines
02-20 11:52:38.954   661   661 E wificond: Failed to get NL80211_STA_INFO_CNAHLOAD
02-20 11:52:40.235   509  1126 W SocketListener: sending broadcast to Pid = 1188, Uid = 1000 
02-20 11:52:40.239  1188  1245 I chatty  : uid=1000(system) android.fg expire 10 lines
02-20 11:52:41.978   661   661 E wificond: Failed to get NL80211_STA_INFO_CNAHLOAD
02-20 11:52:42.240   509  1126 W SocketListener: sending broadcast to Pid = 1188, Uid = 1000 
02-20 11:52:42.271  1188  1422 I chatty  : uid=1000(system) NetworkStats expire 27 lines
02-20 11:52:42.292  1188  1421 I chatty  : uid=1000(system) NetdConnector expire 32 lines
02-20 11:52:44.256   509  1126 W SocketListener: sending broadcast to Pid = 1188, Uid = 1000 
02-20 11:52:45.004   661   661 E wificond: Failed to get NL80211_STA_INFO_CNAHLOAD
02-20 11:52:46.259   509  1126 W SocketListener: sending broadcast to Pid = 1188, Uid = 1000 
02-20 11:52:48.027   661   661 E wificond: Failed to get NL80211_STA_INFO_CNAHLOAD
02-20 11:52:48.264   509  1126 W SocketListener: sending broadcast to Pid = 1188, Uid = 1000 
02-20 11:52:49.775  1188  1405 I chatty  : uid=1000(system) AlarmManager expire 1 line
02-20 11:52:49.775  1188  1188 I chatty  : uid=1000 system_server expire 10 lines
02-20 11:52:49.816  1188  3210 I chatty  : uid=1000(system) Binder:1188_F expire 2 lines
02-20 11:52:50.268   509  1126 W SocketListener: sending broadcast to Pid = 1188, Uid = 1000 
02-20 11:52:51.042   661   661 E wificond: Failed to get NL80211_STA_INFO_CNAHLOAD
02-20 11:52:51.246  1188  3397 I chatty  : uid=1000(system) Binder:1188_10 expire 1 line
02-20 11:52:52.175  1188  1238 I chatty  : uid=1000(system) ActivityManager expire 1 line
02-20 11:52:52.271   509  1126 W SocketListener: sending broadcast to Pid = 1188, Uid = 1000 
02-20 11:52:53.207  1188  1392 I chatty  : uid=1000(system) UEventObserver expire 2 lines
02-20 11:52:54.064   661   661 E wificond: Failed to get NL80211_STA_INFO_CNAHLOAD
02-20 11:52:54.340   509  1126 W SocketListener: sending broadcast to Pid = 1188, Uid = 1000 
02-20 11:52:54.343  1188  1421 I chatty  : uid=1000(system) NetdConnector expire 30 lines
02-20 11:52:54.360  1188  1422 I chatty  : uid=1000(system) NetworkStats expire 25 lines
02-20 11:52:56.347   509  1126 W SocketListener: sending broadcast to Pid = 1188, Uid = 1000 
02-20 11:52:57.088   661   661 E wificond: Failed to get NL80211_STA_INFO_CNAHLOAD
02-20 11:52:58.352   509  1126 W SocketListener: sending broadcast to Pid = 1188, Uid = 1000 
02-20 11:52:59.979  1188  1646 I chatty  : uid=1000(system) watchdog expire 1 line
02-20 11:53:00.118   661   661 E wificond: Failed to get NL80211_STA_INFO_CNAHLOAD
02-20 11:53:00.128  1188  6284 I chatty  : uid=1000(system) Binder:1188_1A expire 2 lines
02-20 11:53:00.355   509  1126 W SocketListener: sending broadcast to Pid = 1188, Uid = 1000 
02-20 11:53:00.361  1188  1245 I chatty  : uid=1000(system) android.fg expire 10 lines
02-20 11:53:02.359   509  1126 W SocketListener: sending broadcast to Pid = 1188, Uid = 1000 
02-20 11:53:03.137   661   661 E wificond: Failed to get NL80211_STA_INFO_CNAHLOAD
02-20 11:53:04.367   509  1126 W SocketListener: sending broadcast to Pid = 1188, Uid = 1000 
02-20 11:53:04.368  1188  1421 I chatty  : uid=1000(system) NetdConnector expire 30 lines
02-20 11:53:04.376  1188  1422 I chatty  : uid=1000(system) NetworkStats expire 25 lines
02-20 11:53:06.162   661   661 E wificond: Failed to get NL80211_STA_INFO_CNAHLOAD
02-20 11:53:07.116  1188  5998 I chatty  : uid=1000(system) Binder:1188_18 expire 2 lines
02-20 11:53:07.347   509  1126 W SocketListener: sending broadcast to Pid = 1188, Uid = 1000 
02-20 11:53:09.184   661   661 E wificond: Failed to get NL80211_STA_INFO_CNAHLOAD
02-20 11:53:09.355   509  1126 W SocketListener: sending broadcast to Pid = 1188, Uid = 1000 
02-20 11:53:11.946   509  1126 W SocketListener: sending broadcast to Pid = 1188, Uid = 1000 
02-20 11:53:12.205   661   661 E wificond: Failed to get NL80211_STA_INFO_CNAHLOAD
02-20 11:53:13.963   509  1126 W SocketListener: sending broadcast to Pid = 1188, Uid = 1000 
02-20 11:53:15.226   661   661 E wificond: Failed to get NL80211_STA_INFO_CNAHLOAD
02-20 11:53:15.967   509  1126 W SocketListener: sending broadcast to Pid = 1188, Uid = 1000 
02-20 11:53:15.970  1188  1421 I chatty  : uid=1000(system) NetdConnector expire 24 lines
02-20 11:53:15.986  1188  1422 I chatty  : uid=1000(system) NetworkStats expire 20 lines
02-20 11:53:17.983   509  1126 W SocketListener: sending broadcast to Pid = 1188, Uid = 1000 
02-20 11:53:18.251   661   661 E wificond: Failed to get NL80211_STA_INFO_CNAHLOAD
02-20 11:53:19.987   509  1126 W SocketListener: sending broadcast to Pid = 1188, Uid = 1000 
02-20 11:53:21.273   661   661 E wificond: Failed to get NL80211_STA_INFO_CNAHLOAD
02-20 11:53:22.015   509  1126 W SocketListener: sending broadcast to Pid = 1188, Uid = 1000 
02-20 11:53:22.023  1188  1245 I chatty  : uid=1000(system) android.fg expire 1 line
02-20 11:53:22.501  1188  1763 I chatty  : uid=1000(system) Binder:1188_8 expire 1 line
02-20 11:53:22.623  1188  1188 I chatty  : uid=1000 system_server expire 38 lines
02-20 11:53:23.466  1188  1392 I chatty  : uid=1000(system) UEventObserver expire 4 lines
02-20 11:53:24.044   509  1126 W SocketListener: sending broadcast to Pid = 1188, Uid = 1000 
02-20 11:53:24.048  1188  1421 I chatty  : uid=1000(system) NetdConnector expire 30 lines
02-20 11:53:24.053  1188  1245 I chatty  : uid=1000(system) android.fg expire 10 lines
02-20 11:53:24.062  1188  1422 I chatty  : uid=1000(system) NetworkStats expire 25 lines
02-20 11:53:24.296   661   661 E wificond: Failed to get NL80211_STA_INFO_CNAHLOAD
02-20 11:53:26.050   509  1126 W SocketListener: sending broadcast to Pid = 1188, Uid = 1000 
02-20 11:53:27.317   661   661 E wificond: Failed to get NL80211_STA_INFO_CNAHLOAD
02-20 11:53:28.520   509  1126 W SocketListener: sending broadcast to Pid = 1188, Uid = 1000 
02-20 11:53:29.981  1188  1646 I chatty  : uid=1000(system) watchdog expire 2 lines
02-20 11:53:30.339   661   661 E wificond: Failed to get NL80211_STA_INFO_CNAHLOAD
02-20 11:53:30.956   509  1126 W SocketListener: sending broadcast to Pid = 1188, Uid = 1000 
02-20 11:53:31.995  1188  1732 I chatty  : uid=1000(system) Binder:1188_5 expire 2 lines
02-20 11:53:32.025  1188  1235 I chatty  : uid=1000(system) android.bg expire 10 lines
02-20 11:53:32.558  1188  6284 I chatty  : uid=1000(system) Binder:1188_1A expire 2 lines
02-20 11:53:32.983   509  1126 W SocketListener: sending broadcast to Pid = 1188, Uid = 1000 
02-20 11:53:33.361   661   661 E wificond: Failed to get NL80211_STA_INFO_CNAHLOAD
02-20 11:53:34.991   509  1126 W SocketListener: sending broadcast to Pid = 1188, Uid = 1000 
02-20 11:53:34.993  1188  1421 I chatty  : uid=1000(system) NetdConnector expire 30 lines
02-20 11:53:35.008  1188  1422 I chatty  : uid=1000(system) NetworkStats expire 25 lines
02-20 11:53:36.381   661   661 E wificond: Failed to get NL80211_STA_INFO_CNAHLOAD
02-20 11:53:36.992   509  1126 W SocketListener: sending broadcast to Pid = 1188, Uid = 1000 
02-20 11:53:39.002   509  1126 W SocketListener: sending broadcast to Pid = 1188, Uid = 1000 
02-20 11:53:39.402   661   661 E wificond: Failed to get NL80211_STA_INFO_CNAHLOAD
02-20 11:53:41.003   509  1126 W SocketListener: sending broadcast to Pid = 1188, Uid = 1000 
02-20 11:53:42.424   661   661 E wificond: Failed to get NL80211_STA_INFO_CNAHLOAD
02-20 11:53:43.023   509  1126 W SocketListener: sending broadcast to Pid = 1188, Uid = 1000 
02-20 11:53:45.442   661   661 E wificond: Failed to get NL80211_STA_INFO_CNAHLOAD
02-20 11:53:47.189   509  1126 W SocketListener: sending broadcast to Pid = 1188, Uid = 1000 
02-20 11:53:47.192  1188  1421 I chatty  : uid=1000(system) NetdConnector expire 24 lines
02-20 11:53:47.198  1188  1245 I chatty  : uid=1000(system) android.fg expire 6 lines
02-20 11:53:47.207  1188  1422 I chatty  : uid=1000(system) NetworkStats expire 20 lines
02-20 11:53:48.464   661   661 E wificond: Failed to get NL80211_STA_INFO_CNAHLOAD
02-20 11:53:49.229   509  1126 W SocketListener: sending broadcast to Pid = 1188, Uid = 1000 
02-20 11:53:51.488   661   661 E wificond: Failed to get NL80211_STA_INFO_CNAHLOAD
02-20 11:53:53.786  1188  1188 I chatty  : uid=1000 system_server expire 4 lines
02-20 11:53:54.509   661   661 E wificond: Failed to get NL80211_STA_INFO_CNAHLOAD
02-20 11:53:54.799   509  1126 W SocketListener: sending broadcast to Pid = 1188, Uid = 1000 
02-20 11:53:57.007   509  1126 W SocketListener: sending broadcast to Pid = 1188, Uid = 1000 
02-20 11:53:57.533   661   661 E wificond: Failed to get NL80211_STA_INFO_CNAHLOAD
02-20 11:53:59.164   509  1126 W SocketListener: sending broadcast to Pid = 1188, Uid = 1000 
02-20 11:53:59.167  1188  1421 I chatty  : uid=1000(system) NetdConnector expire 13 lines
02-20 11:53:59.181  1188  1422 I chatty  : uid=1000(system) NetworkStats expire 20 lines
02-20 11:54:00.567   661   661 E wificond: Failed to get NL80211_STA_INFO_CNAHLOAD
02-20 11:54:03.589   661   661 E wificond: Failed to get NL80211_STA_INFO_CNAHLOAD
02-20 11:54:03.971   509  1126 W SocketListener: sending broadcast to Pid = 1188, Uid = 1000 
02-20 11:54:05.975   509  1126 W SocketListener: sending broadcast to Pid = 1188, Uid = 1000 
02-20 11:54:05.981  1188  1421 I chatty  : uid=1000(system) NetdConnector expire 29 lines
02-20 11:54:05.984  1188  1245 I chatty  : uid=1000(system) android.fg expire 10 lines
02-20 11:54:06.609   661   661 E wificond: Failed to get NL80211_STA_INFO_CNAHLOAD
02-20 11:54:08.003   509  1126 W SocketListener: sending broadcast to Pid = 1188, Uid = 1000 
02-20 11:54:09.628   661   661 E wificond: Failed to get NL80211_STA_INFO_CNAHLOAD
02-20 11:54:10.348   509  1126 W SocketListener: sending broadcast to Pid = 1188, Uid = 1000 
02-20 11:54:10.367  1188  1422 I chatty  : uid=1000(system) NetworkStats expire 25 lines
02-20 11:54:12.375   509  1126 W SocketListener: sending broadcast to Pid = 1188, Uid = 1000 
02-20 11:54:12.652   661   661 E wificond: Failed to get NL80211_STA_INFO_CNAHLOAD
02-20 11:54:12.681  1188  1763 I chatty  : uid=1000(system) Binder:1188_8 expire 2 lines
02-20 11:54:14.399   509  1126 W SocketListener: sending broadcast to Pid = 1188, Uid = 1000 
02-20 11:54:15.671   661   661 E wificond: Failed to get NL80211_STA_INFO_CNAHLOAD
02-20 11:54:16.424   509  1126 W SocketListener: sending broadcast to Pid = 1188, Uid = 1000 
02-20 11:54:16.427  1188  1421 I chatty  : uid=1000(system) NetdConnector expire 30 lines
02-20 11:54:18.430   509  1126 W SocketListener: sending broadcast to Pid = 1188, Uid = 1000 
02-20 11:54:18.691   661   661 E wificond: Failed to get NL80211_STA_INFO_CNAHLOAD
02-20 11:54:20.435   509  1126 W SocketListener: sending broadcast to Pid = 1188, Uid = 1000 
02-20 11:54:20.453  1188  1422 I chatty  : uid=1000(system) NetworkStats expire 25 lines
02-20 11:54:21.709   661   661 E wificond: Failed to get NL80211_STA_INFO_CNAHLOAD
02-20 11:54:22.476   509  1126 W SocketListener: sending broadcast to Pid = 1188, Uid = 1000 
02-20 11:54:22.607  1188  1188 I chatty  : uid=1000 system_server expire 4 lines
02-20 11:54:23.931  1188  1392 I chatty  : uid=1000(system) UEventObserver expire 2 lines
02-20 11:54:24.505   509  1126 W SocketListener: sending broadcast to Pid = 1188, Uid = 1000 
02-20 11:54:24.730   661   661 E wificond: Failed to get NL80211_STA_INFO_CNAHLOAD
02-20 11:54:26.521   509  1126 W SocketListener: sending broadcast to Pid = 1188, Uid = 1000 
02-20 11:54:26.526  1188  1421 I chatty  : uid=1000(system) NetdConnector expire 30 lines
02-20 11:54:26.532  1188  1245 I chatty  : uid=1000(system) android.fg expire 10 lines
02-20 11:54:27.752   661   661 E wificond: Failed to get NL80211_STA_INFO_CNAHLOAD
02-20 11:54:28.527   509  1126 W SocketListener: sending broadcast to Pid = 1188, Uid = 1000 
02-20 11:54:29.985  1188  1646 I chatty  : uid=1000(system) watchdog expire 1 line
02-20 11:54:30.536   509  1126 W SocketListener: sending broadcast to Pid = 1188, Uid = 1000 
02-20 11:54:30.554  1188  1422 I chatty  : uid=1000(system) NetworkStats expire 25 lines
02-20 11:54:30.778   661   661 E wificond: Failed to get NL80211_STA_INFO_CNAHLOAD
02-20 11:54:32.165  1188  6281 I chatty  : uid=1000(system) Binder:1188_19 expire 2 lines
02-20 11:54:32.539   509  1126 W SocketListener: sending broadcast to Pid = 1188, Uid = 1000 
02-20 11:54:33.801   661   661 E wificond: Failed to get NL80211_STA_INFO_CNAHLOAD
02-20 11:54:34.549   509  1126 W SocketListener: sending broadcast to Pid = 1188, Uid = 1000 
02-20 11:54:36.551   509  1126 W SocketListener: sending broadcast to Pid = 1188, Uid = 1000 
02-20 11:54:36.555  1188  1421 I chatty  : uid=1000(system) NetdConnector expire 30 lines
02-20 11:54:36.823   661   661 E wificond: Failed to get NL80211_STA_INFO_CNAHLOAD
02-20 11:54:38.555   509  1126 W SocketListener: sending broadcast to Pid = 1188, Uid = 1000 
02-20 11:54:39.843   661   661 E wificond: Failed to get NL80211_STA_INFO_CNAHLOAD
02-20 11:54:40.583   509  1126 W SocketListener: sending broadcast to Pid = 1188, Uid = 1000 
02-20 11:54:40.600  1188  1422 I chatty  : uid=1000(system) NetworkStats expire 15 lines
02-20 11:54:40.769  1188  1732 I chatty  : uid=1000(system) Binder:1188_5 expire 1 line
02-20 11:54:42.591   509  1126 W SocketListener: sending broadcast to Pid = 1188, Uid = 1000 
02-20 11:54:42.861   661   661 E wificond: Failed to get NL80211_STA_INFO_CNAHLOAD
02-20 11:54:44.264  1188  1242 I chatty  : uid=1000(system) keyAppHanderThr expire 1 line
02-20 11:54:44.599   509  1126 W SocketListener: sending broadcast to Pid = 1188, Uid = 1000 
02-20 11:54:45.881   661   661 E wificond: Failed to get NL80211_STA_INFO_CNAHLOAD
02-20 11:54:46.607   509  1126 W SocketListener: sending broadcast to Pid = 1188, Uid = 1000 
02-20 11:54:46.609  1188  1421 I chatty  : uid=1000(system) NetdConnector expire 2 lines
02-20 11:54:46.614  1188  1245 I chatty  : uid=1000(system) android.fg expire 10 lines
02-20 11:54:46.624  1188  1422 I chatty  : uid=1000(system) NetworkStats expire 25 lines
02-20 11:54:46.629  1188  1421 I chatty  : uid=1000(system) NetdConnector expire 28 lines
02-20 11:54:48.635   509  1126 W SocketListener: sending broadcast to Pid = 1188, Uid = 1000 
02-20 11:54:48.905   661   661 E wificond: Failed to get NL80211_STA_INFO_CNAHLOAD
02-20 11:54:50.641   509  1126 W SocketListener: sending broadcast to Pid = 1188, Uid = 1000 
02-20 11:54:51.926   661   661 E wificond: Failed to get NL80211_STA_INFO_CNAHLOAD
02-20 11:54:52.665   509  1126 W SocketListener: sending broadcast to Pid = 1188, Uid = 1000 
02-20 11:54:54.135  1188  1392 I chatty  : uid=1000(system) UEventObserver expire 2 lines
02-20 11:54:54.156  1188  1188 I chatty  : uid=1000 system_server expire 8 lines
02-20 11:54:54.671   509  1126 W SocketListener: sending broadcast to Pid = 1188, Uid = 1000 
02-20 11:54:54.944   661   661 E wificond: Failed to get NL80211_STA_INFO_CNAHLOAD
02-20 11:54:56.691   509  1126 W SocketListener: sending broadcast to Pid = 1188, Uid = 1000 
02-20 11:54:56.692  1188  1421 I chatty  : uid=1000(system) NetdConnector expire 30 lines
02-20 11:54:56.703  1188  1422 I chatty  : uid=1000(system) NetworkStats expire 25 lines
02-20 11:54:57.964   661   661 E wificond: Failed to get NL80211_STA_INFO_CNAHLOAD
02-20 11:54:58.691   509  1126 W SocketListener: sending broadcast to Pid = 1188, Uid = 1000 
02-20 11:54:59.987  1188  1646 I chatty  : uid=1000(system) watchdog expire 1 line
02-20 11:55:00.142  1188  6285 I chatty  : uid=1000(system) Binder:1188_1B expire 4 lines
02-20 11:55:00.703   509  1126 W SocketListener: sending broadcast to Pid = 1188, Uid = 1000 
02-20 11:55:00.979   661   661 E wificond: Failed to get NL80211_STA_INFO_CNAHLOAD
02-20 11:55:02.703   509  1126 W SocketListener: sending broadcast to Pid = 1188, Uid = 1000 
02-20 11:55:04.002   661   661 E wificond: Failed to get NL80211_STA_INFO_CNAHLOAD
02-20 11:55:04.707   509  1126 W SocketListener: sending broadcast to Pid = 1188, Uid = 1000 
02-20 11:55:05.819  1188  1201 I chatty  : uid=1000(system) Binder:1188_2 expire 12 lines
02-20 11:55:05.899  1188  1763 I chatty  : uid=1000(system) Binder:1188_8 expire 2 lines
02-20 11:55:05.961  1188  3397 I chatty  : uid=1000(system) Binder:1188_10 expire 7 lines
02-20 11:55:07.030   661   661 E wificond: Failed to get NL80211_STA_INFO_CNAHLOAD
02-20 11:55:08.169  1188  1264 I chatty  : uid=1000(system) PackageManager expire 14 lines
02-20 11:55:09.038  1188  1848 I chatty  : uid=1000(system) Binder:1188_D expire 3 lines
02-20 11:55:09.505   509  1126 W SocketListener: sending broadcast to Pid = 1188, Uid = 1000 
02-20 11:55:09.507  1188  1421 I chatty  : uid=1000(system) NetdConnector expire 6 lines
02-20 11:55:09.511  1188  1245 I chatty  : uid=1000(system) android.fg expire 1 line
02-20 11:55:09.518  1188  1422 I chatty  : uid=1000(system) NetworkStats expire 5 lines
02-20 11:55:10.053   661   661 E wificond: Failed to get NL80211_STA_INFO_CNAHLOAD
02-20 11:55:10.430  1188  1238 I chatty  : uid=1000(system) ActivityManager expire 5 lines
02-20 11:55:11.052  1727  1727 I HwKeystoreServiceImpl: package removed for update, packageName:ctrip.android.view appId:10107
02-20 11:55:11.157  1188  1235 I chatty  : uid=1000(system) android.bg expire 4 lines
02-20 11:55:11.223  1188  5998 I chatty  : uid=1000(system) Binder:1188_18 expire 3 lines
02-20 11:55:11.239  1188  7392 I chatty  : uid=1000(system) Binder:1188_1C expire 1 line
02-20 11:55:11.256  1188  1200 I chatty  : uid=1000(system) Binder:1188_1 expire 3 lines
02-20 11:55:11.267  1552  1552 W ContextImpl: Calling a method in the system process without a qualified user: android.app.ContextImpl.startService:1656 android.content.ContextWrapper.startService:644 android.content.ContextWrapper.startService:644 com.android.settings.applications.BlackListReceiver.onReceive:35 android.app.ActivityThread.handleReceiver:3804 
02-20 11:55:11.280  1188  5813 I chatty  : uid=1000(system) Binder:1188_15 expire 1 line
02-20 11:55:11.344  1188  1732 I chatty  : uid=1000(system) Binder:1188_5 expire 1 line
02-20 11:55:11.346  1188  6284 I chatty  : uid=1000(system) Binder:1188_1A expire 4 lines
02-20 11:55:11.349  1188  1780 I chatty  : uid=1000(system) Binder:1188_9 expire 4 lines
02-20 11:55:11.356  1188  5883 I chatty  : uid=1000(system) Binder:1188_16 expire 2 lines
02-20 11:55:11.358  1188  1515 I chatty  : uid=1000(system) Binder:1188_3 expire 1 line
02-20 11:55:11.421  1188  3210 I chatty  : uid=1000(system) Binder:1188_F expire 6 lines
02-20 11:55:11.533  5399  5399 W ContextImpl: Calling a method in the system process without a qualified user: android.app.ContextImpl.startService:1656 android.content.ContextWrapper.startService:644 android.content.ContextWrapper.startService:644 com.huawei.systemmanager.antivirus.utils.AntiVirusTools.deleteVirusApk:632 com.huawei.systemmanager.antivirus.AntiVirusReceiver.handlerPackageRemoved:52 
02-20 11:55:11.574  5399  5535 W ContextImpl: Calling a method in the system process without a qualified user: android.app.ContextImpl.startService:1656 android.content.ContextWrapper.startService:644 com.huawei.systemmanager.spacecleanner.receiver.SpaceCleanReceiver.checkRarelyUsedApp:87 com.huawei.systemmanager.spacecleanner.receiver.SpaceCleanReceiver.doInBackground:39 java.lang.reflect.Method.invoke:-2 
02-20 11:55:11.741  1188  1441 I chatty  : uid=1000(system) ConnectivitySer expire 33 lines
02-20 11:55:11.744  1552  1552 W ContextImpl: Calling a method in the system process without a qualified user: android.app.ContextImpl.startService:1656 android.content.ContextWrapper.startService:644 android.content.ContextWrapper.startService:644 com.android.settings.applications.BlackListReceiver.onReceive:35 android.app.ActivityThread.handleReceiver:3804 
02-20 11:55:11.960  5399  5399 W ContextImpl: Calling a method in the system process without a qualified user: android.app.ContextImpl.startService:1656 android.content.ContextWrapper.startService:644 android.content.ContextWrapper.startService:644 com.huawei.systemmanager.antivirus.utils.AntiVirusTools.checkVirusForNewInstalledApk:620 com.huawei.systemmanager.antivirus.AntiVirusReceiver.onReceive:36 
02-20 11:55:12.004  5399  7517 W ContextImpl: Calling a method in the system process without a qualified user: android.app.ContextImpl.startService:1656 android.content.ContextWrapper.startService:644 com.huawei.systemmanager.spacecleanner.receiver.SpaceCleanReceiver.checkRarelyUsedApp:87 com.huawei.systemmanager.spacecleanner.receiver.SpaceCleanReceiver.doInBackground:39 java.lang.reflect.Method.invoke:-2 
02-20 11:55:12.167  6782  6831 W PackageParser: Unknown element under <manifest>: activity at /data/app/ctrip.android.view-hVRZmd7Qu19zFfd6MAfQPQ==/base.apk Binary XML file line #133
02-20 11:55:12.278  7541  7602 W PackageParser: Unknown element under <manifest>: activity at /data/app/ctrip.android.view-hVRZmd7Qu19zFfd6MAfQPQ==/base.apk Binary XML file line #133
02-20 11:55:12.331  1552  1552 W ContextImpl: Calling a method in the system process without a qualified user: android.app.ContextImpl.startService:1656 android.content.ContextWrapper.startService:644 android.content.ContextWrapper.startService:644 com.android.settings.applications.BlackListReceiver.onReceive:35 android.app.ActivityThread.handleReceiver:3804 
02-20 11:55:12.403  1188  5883 I chatty  : uid=1000(system) Binder:1188_16 expire 3 lines
02-20 11:55:12.423  1188  6285 I chatty  : uid=1000(system) Binder:1188_1B expire 7 lines
02-20 11:55:12.425  1188  1238 I chatty  : uid=1000(system) ActivityManager expire 8 lines
02-20 11:55:12.437  1188  1848 I chatty  : uid=1000(system) Binder:1188_D expire 4 lines
02-20 11:55:12.443  1188  3210 I chatty  : uid=1000(system) Binder:1188_F expire 2 lines
02-20 11:55:13.068   661   661 E wificond: Failed to get NL80211_STA_INFO_CNAHLOAD
02-20 11:55:13.713  1188  1201 I chatty  : uid=1000(system) Binder:1188_2 expire 2 lines
02-20 11:55:15.819   509  1126 W SocketListener: sending broadcast to Pid = 1188, Uid = 1000 
02-20 11:55:15.821  1188  1421 I chatty  : uid=1000(system) NetdConnector expire 30 lines
02-20 11:55:15.827  1188  1245 I chatty  : uid=1000(system) android.fg expire 10 lines
02-20 11:55:15.835  1188  1422 I chatty  : uid=1000(system) NetworkStats expire 25 lines
02-20 11:55:16.092   661   661 E wificond: Failed to get NL80211_STA_INFO_CNAHLOAD
02-20 11:55:17.835   509  1126 W SocketListener: sending broadcast to Pid = 1188, Uid = 1000 
02-20 11:55:19.111   661   661 E wificond: Failed to get NL80211_STA_INFO_CNAHLOAD
02-20 11:55:19.837   509  1126 W SocketListener: sending broadcast to Pid = 1188, Uid = 1000 
02-20 11:55:21.839   509  1126 W SocketListener: sending broadcast to Pid = 1188, Uid = 1000 
02-20 11:55:22.140   661   661 E wificond: Failed to get NL80211_STA_INFO_CNAHLOAD
02-20 11:55:22.614  1188  1188 I chatty  : uid=1000 system_server expire 10 lines
02-20 11:55:23.847   509  1126 W SocketListener: sending broadcast to Pid = 1188, Uid = 1000 
02-20 11:55:24.356  1188  1392 I chatty  : uid=1000(system) UEventObserver expire 2 lines
02-20 11:55:25.160   661   661 E wificond: Failed to get NL80211_STA_INFO_CNAHLOAD
02-20 11:55:25.853   509  1126 W SocketListener: sending broadcast to Pid = 1188, Uid = 1000 
02-20 11:55:25.856  1188  1421 I chatty  : uid=1000(system) NetdConnector expire 30 lines
02-20 11:55:25.871  1188  1422 I chatty  : uid=1000(system) NetworkStats expire 25 lines
02-20 11:55:27.857   509  1126 W SocketListener: sending broadcast to Pid = 1188, Uid = 1000 
02-20 11:55:28.186   661   661 E wificond: Failed to get NL80211_STA_INFO_CNAHLOAD
02-20 11:55:29.861   509  1126 W SocketListener: sending broadcast to Pid = 1188, Uid = 1000 
02-20 11:55:29.989  1188  1646 I chatty  : uid=1000(system) watchdog expire 1 line
02-20 11:55:31.207   661   661 E wificond: Failed to get NL80211_STA_INFO_CNAHLOAD
02-20 11:55:31.863   509  1126 W SocketListener: sending broadcast to Pid = 1188, Uid = 1000 
02-20 11:55:32.349  1188  1405 I chatty  : uid=1000(system) AlarmManager expire 1 line
02-20 11:55:32.351  1188  3397 I chatty  : uid=1000(system) Binder:1188_10 expire 3 lines
02-20 11:55:32.392  1188  1515 I chatty  : uid=1000(system) Binder:1188_3 expire 3 lines
02-20 11:55:32.609  1188  5998 I chatty  : uid=1000(system) Binder:1188_18 expire 5 lines
02-20 11:55:33.875   509  1126 W SocketListener: sending broadcast to Pid = 1188, Uid = 1000 
02-20 11:55:34.228   661   661 E wificond: Failed to get NL80211_STA_INFO_CNAHLOAD
02-20 11:55:35.193  1188  1264 I chatty  : uid=1000(system) PackageManager expire 13 lines
02-20 11:55:35.932   509  1126 W SocketListener: sending broadcast to Pid = 1188, Uid = 1000 
02-20 11:55:35.934  1188  1421 I chatty  : uid=1000(system) NetdConnector expire 6 lines
02-20 11:55:35.938  1188  1245 I chatty  : uid=1000(system) android.fg expire 1 line
02-20 11:55:35.945  1188  1422 I chatty  : uid=1000(system) NetworkStats expire 5 lines
02-20 11:55:36.751  1188  1188 I chatty  : uid=1000 system_server expire 4 lines
02-20 11:55:37.048  1727  1727 I HwKeystoreServiceImpl: package removed for update, packageName:com.huawei.android.thememanager appId:10079
02-20 11:55:37.191  1188  1235 I chatty  : uid=1000(system) android.bg expire 4 lines
02-20 11:55:37.265   661   661 E wificond: Failed to get NL80211_STA_INFO_CNAHLOAD
02-20 11:55:37.276  1552  1552 W ContextImpl: Calling a method in the system process without a qualified user: android.app.ContextImpl.startService:1656 android.content.ContextWrapper.startService:644 android.content.ContextWrapper.startService:644 com.android.settings.applications.BlackListReceiver.onReceive:35 android.app.ActivityThread.handleReceiver:3804 
02-20 11:55:37.286  1188  7392 I chatty  : uid=1000(system) Binder:1188_1C expire 2 lines
02-20 11:55:37.292  1188  6284 I chatty  : uid=1000(system) Binder:1188_1A expire 1 line
02-20 11:55:37.299  1188  6281 I chatty  : uid=1000(system) Binder:1188_19 expire 4 lines
02-20 11:55:37.528  1188  1780 I chatty  : uid=1000(system) Binder:1188_9 expire 2 lines
02-20 11:55:37.552  5399  5399 W ContextImpl: Calling a method in the system process without a qualified user: android.app.ContextImpl.startService:1656 android.content.ContextWrapper.startService:644 android.content.ContextWrapper.startService:644 com.huawei.systemmanager.antivirus.utils.AntiVirusTools.deleteVirusApk:632 com.huawei.systemmanager.antivirus.AntiVirusReceiver.handlerPackageRemoved:52 
02-20 11:55:37.572  5399  5513 W ContextImpl: Calling a method in the system process without a qualified user: android.app.ContextImpl.startService:1656 android.content.ContextWrapper.startService:644 com.huawei.systemmanager.spacecleanner.receiver.SpaceCleanReceiver.checkRarelyUsedApp:87 com.huawei.systemmanager.spacecleanner.receiver.SpaceCleanReceiver.doInBackground:39 java.lang.reflect.Method.invoke:-2 
02-20 11:55:37.689  1188  1200 I chatty  : uid=1000(system) Binder:1188_1 expire 1 line
02-20 11:55:37.767  1188  1441 I chatty  : uid=1000(system) ConnectivitySer expire 44 lines
02-20 11:55:37.791  1552  1552 W ContextImpl: Calling a method in the system process without a qualified user: android.app.ContextImpl.startService:1656 android.content.ContextWrapper.startService:644 android.content.ContextWrapper.startService:644 com.android.settings.applications.BlackListReceiver.onReceive:35 android.app.ActivityThread.handleReceiver:3804 
02-20 11:55:37.847  1188  6281 I chatty  : uid=1000(system) Binder:1188_19 expire 14 lines
02-20 11:55:37.899  1188  1780 I chatty  : uid=1000(system) Binder:1188_9 expire 4 lines
02-20 11:55:38.024  1188  3210 I chatty  : uid=1000(system) Binder:1188_F expire 11 lines
02-20 11:55:38.071  5399  5399 W ContextImpl: Calling a method in the system process without a qualified user: android.app.ContextImpl.startService:1656 android.content.ContextWrapper.startService:644 android.content.ContextWrapper.startService:644 com.huawei.systemmanager.antivirus.utils.AntiVirusTools.checkVirusForNewInstalledApk:620 com.huawei.systemmanager.antivirus.AntiVirusReceiver.onReceive:36 
02-20 11:55:38.094  1188  1200 I chatty  : uid=1000(system) Binder:1188_1 expire 5 lines
02-20 11:55:38.094  1188  1238 I chatty  : uid=1000(system) ActivityManager expire 6 lines
02-20 11:55:38.101  5399  7513 W ContextImpl: Calling a method in the system process without a qualified user: android.app.ContextImpl.startService:1656 android.content.ContextWrapper.startService:644 com.huawei.systemmanager.spacecleanner.receiver.SpaceCleanReceiver.checkRarelyUsedApp:87 com.huawei.systemmanager.spacecleanner.receiver.SpaceCleanReceiver.doInBackground:39 java.lang.reflect.Method.invoke:-2 
02-20 11:55:38.187  1552  1552 W ContextImpl: Calling a method in the system process without a qualified user: android.app.ContextImpl.startService:1656 android.content.ContextWrapper.startService:644 android.content.ContextWrapper.startService:644 com.android.settings.applications.BlackListReceiver.onReceive:35 android.app.ActivityThread.handleReceiver:3804 
