02-20 11:55:38.250  1188  5263 I chatty  : uid=1000(system) Binder:1188_13 expire 10 lines
02-20 11:55:38.327  8951  8951 D ActivityThread: ActivityThread,attachApplication
02-20 11:55:38.327  1188  6284 I chatty  : uid=1000(system) Binder:1188_1A expire 11 lines
02-20 11:55:38.567  1188  5883 I chatty  : uid=1000(system) Binder:1188_16 expire 5 lines
02-20 11:55:38.632  1188  1188 I chatty  : uid=1000 system_server expire 10 lines
02-20 11:55:40.295   661   661 E wificond: Failed to get NL80211_STA_INFO_CNAHLOAD
02-20 11:55:43.319   661   661 I chatty  : uid=1010(wifi) /system/bin/wificond identical 2 lines
02-20 11:55:46.350   661   661 E wificond: Failed to get NL80211_STA_INFO_CNAHLOAD
02-20 11:55:49.221  1188  1405 I chatty  : uid=1000(system) AlarmManager expire 1 line
02-20 11:55:49.383   661   661 E wificond: Failed to get NL80211_STA_INFO_CNAHLOAD
02-20 11:55:50.122  1188  1235 I chatty  : uid=1000(system) android.bg expire 1 line
02-20 11:55:50.707  1188  1188 I chatty  : uid=1000 system_server expire 15 lines
02-20 11:55:52.410   661   661 E wificond: Failed to get NL80211_STA_INFO_CNAHLOAD
02-20 11:55:54.553  1188  1392 I chatty  : uid=1000(system) UEventObserver expire 6 lines
02-20 11:55:55.437   661   661 E wificond: Failed to get NL80211_STA_INFO_CNAHLOAD
02-20 11:55:58.408   509  1124 W SocketListener: sending broadcast to Pid = 1188, Uid = 1000 
02-20 11:55:58.411  1188  1421 I chatty  : uid=1000(system) NetdConnector expire 8 lines
02-20 11:55:58.416  1188  1245 I chatty  : uid=1000(system) android.fg expire 4 lines
02-20 11:55:58.461   661   661 E wificond: Failed to get NL80211_STA_INFO_CNAHLOAD
02-20 11:55:59.992  1188  1646 I chatty  : uid=1000(system) watchdog expire 3 lines
02-20 11:56:01.493   661   661 E wificond: Failed to get NL80211_STA_INFO_CNAHLOAD
02-20 11:56:04.524   661   661 E wificond: Failed to get NL80211_STA_INFO_CNAHLOAD
02-20 11:56:07.543   661   661 E wificond: Failed to get NL80211_STA_INFO_CNAHLOAD
02-20 11:56:07.710   509  1124 W SocketListener: sending broadcast to Pid = 1188, Uid = 1000 
02-20 11:56:10.580   661   661 E wificond: Failed to get NL80211_STA_INFO_CNAHLOAD
02-20 11:56:12.475  1188  5998 I chatty  : uid=1000(system) Binder:1188_18 expire 4 lines
02-20 11:56:13.606   661   661 E wificond: Failed to get NL80211_STA_INFO_CNAHLOAD
02-20 11:56:15.782  1188  1188 I chatty  : uid=1000 system_server expire 10 lines
02-20 11:56:16.641   661   661 E wificond: Failed to get NL80211_STA_INFO_CNAHLOAD
02-20 11:56:19.676   661   661 E wificond: Failed to get NL80211_STA_INFO_CNAHLOAD
02-20 11:56:22.703   661   661 E wificond: Failed to get NL80211_STA_INFO_CNAHLOAD
02-20 11:56:23.689   509  1124 W SocketListener: sending broadcast to Pid = 1188, Uid = 1000 
02-20 11:56:24.669   509  1124 W SocketListener: sending broadcast to Pid = 1188, Uid = 1000 
02-20 11:56:25.725   661   661 E wificond: Failed to get NL80211_STA_INFO_CNAHLOAD
02-20 11:56:28.756   661   661 E wificond: Failed to get NL80211_STA_INFO_CNAHLOAD
02-20 11:56:31.785   661   661 E wificond: Failed to get NL80211_STA_INFO_CNAHLOAD
02-20 11:56:34.812   661   661 E wificond: Failed to get NL80211_STA_INFO_CNAHLOAD
02-20 11:56:37.840   661   661 E wificond: Failed to get NL80211_STA_INFO_CNAHLOAD
02-20 11:56:40.865   661   661 E wificond: Failed to get NL80211_STA_INFO_CNAHLOAD
02-20 11:56:42.914  1188  1201 I chatty  : uid=1000(system) Binder:1188_2 expire 10 lines
02-20 11:56:43.886   661   661 E wificond: Failed to get NL80211_STA_INFO_CNAHLOAD
02-20 11:56:49.951   661   661 E wificond: Failed to get NL80211_STA_INFO_CNAHLOAD
02-20 11:56:52.984   661   661 E wificond: Failed to get NL80211_STA_INFO_CNAHLOAD
02-20 11:56:55.001  1188  1188 I chatty  : uid=1000 system_server expire 8 lines
02-20 11:56:55.006  1188  1236 I chatty  : uid=1000(system) HwActivityManag expire 2 lines
02-20 11:56:55.101  1188  1239 I chatty  : uid=1000(system) android.ui expire 3 lines
02-20 11:56:55.103  4270  4270 D ActivityThread: Remove activity client record, r= ActivityRecord{ce9bc54 token=android.os.BinderProxy@2a307cf {com.android.vending/com.google.android.finsky.billing.acquire.AcquireActivity}} token= android.os.BinderProxy@2a307cf
02-20 11:56:55.250  4431  9004 E ActivityThread: Failed to find provider info for com.facebook.katana.provider.AttributionIdProvider
02-20 11:56:55.263  1188  1386 I chatty  : uid=1000(system) android.anim expire 12 lines
02-20 11:56:55.328  1188  1410 I chatty  : uid=1000(system) InputDispatcher expire 6 lines
02-20 11:56:55.428  1188  5263 I chatty  : uid=1000(system) Binder:1188_13 expire 7 lines
02-20 11:56:55.462  1888  2141 I HwNetworkPolicyManager: getHwUidPolicy uid = 10068 policy = 0
02-20 11:56:55.479  1529  1542 I CommandQueue: updateBarBgColor
02-20 11:56:55.479  1529  1542 D CommandQueue: CommandQueue, setBarBackgroundColor
02-20 11:56:55.682  9009  9009 D ActivityThread: ActivityThread,attachApplication
02-20 11:56:55.682  1188  3210 I chatty  : uid=1000(system) Binder:1188_F expire 5 lines
02-20 11:56:55.704  1188  6281 I chatty  : uid=1000(system) Binder:1188_19 expire 7 lines
02-20 11:56:56.000   661   661 E wificond: Failed to get NL80211_STA_INFO_CNAHLOAD
02-20 11:56:56.186  9047  9047 D ActivityThread: ActivityThread,attachApplication
02-20 11:56:56.238  9047  9047 I         : RegisterNatives OK!
02-20 11:56:59.014   661   661 E wificond: Failed to get NL80211_STA_INFO_CNAHLOAD
02-20 11:57:00.102  1188  3210 I chatty  : uid=1000(system) Binder:1188_F expire 5 lines
02-20 11:57:02.040   661   661 E wificond: Failed to get NL80211_STA_INFO_CNAHLOAD
02-20 11:57:02.750  1188  5883 I chatty  : uid=1000(system) Binder:1188_16 expire 8 lines
02-20 11:57:03.501  1188  5263 I chatty  : uid=1000(system) Binder:1188_13 expire 2 lines
02-20 11:57:03.872  1188  1386 I chatty  : uid=1000(system) android.anim expire 5 lines
02-20 11:57:04.044  1188  1238 I chatty  : uid=1000(system) ActivityManager expire 35 lines
02-20 11:57:04.107  9100  9100 D ActivityThread: ActivityThread,attachApplication
02-20 11:57:04.199  1188  1264 I chatty  : uid=1000(system) PackageManager expire 17 lines
02-20 11:57:04.328  1188  1584 I chatty  : uid=1000(system) Binder:1188_4 expire 2 lines
02-20 11:57:04.330  1188  1247 I chatty  : uid=1000(system) android.display expire 1 line
02-20 11:57:04.488  1188  1732 I chatty  : uid=1000(system) Binder:1188_5 expire 4 lines
02-20 11:57:04.496  1188  6285 I chatty  : uid=1000(system) Binder:1188_1B expire 9 lines
02-20 11:57:04.759  1188  1188 I chatty  : uid=1000 system_server expire 17 lines
02-20 11:57:04.819  1727  1727 I HwKeystoreServiceImpl: ACTION_PACKAGE_REMOVED userId:0 appId:12541 packageName:com.excelliance.multiaccounts removeAll:true
02-20 11:57:04.820  1727  1727 I HwKeystoreServiceImpl: UserInfo uid:0
02-20 11:57:04.848  1188  1762 I chatty  : uid=1000(system) Binder:1188_7 expire 1 line
02-20 11:57:04.849  1888  1888 I HwNetworkPolicyManager: removeHwUidPolicy uid = 12541 policy = -1 opPackageName = com.huawei.systemmanager
02-20 11:57:04.856  1188  1235 I chatty  : uid=1000(system) android.bg expire 7 lines
02-20 11:57:04.952  9123  9123 D ActivityThread: ActivityThread,attachApplication
02-20 11:57:04.982  1188  1780 I chatty  : uid=1000(system) Binder:1188_9 expire 6 lines
02-20 11:57:05.016  1188  1422 I chatty  : uid=1000(system) NetworkStats expire 5 lines
02-20 11:57:05.018  1188  1421 I chatty  : uid=1000(system) NetdConnector expire 6 lines
02-20 11:57:05.039  1188  1239 I chatty  : uid=1000(system) android.ui expire 1 line
02-20 11:57:05.071   661   661 E wificond: Failed to get NL80211_STA_INFO_CNAHLOAD
02-20 11:57:05.120  1552  1552 W ContextImpl: Calling a method in the system process without a qualified user: android.app.ContextImpl.startService:1656 android.content.ContextWrapper.startService:644 android.content.ContextWrapper.startService:644 com.android.settings.applications.BlackListReceiver.onReceive:35 android.app.ActivityThread.handleReceiver:3804 
02-20 11:57:05.341  5399  5399 W ContextImpl: Calling a method in the system process without a qualified user: android.app.ContextImpl.startService:1656 android.content.ContextWrapper.startService:644 android.content.ContextWrapper.startService:644 com.huawei.systemmanager.antivirus.utils.AntiVirusTools.deleteVirusApk:632 com.huawei.systemmanager.antivirus.AntiVirusReceiver.handlerPackageRemoved:52 
02-20 11:57:05.351  9123  9168 W ActivityThread: ClassLoader.getResources: The class loader returned by Thread.getContextClassLoader() may fail for processes that host multiple applications. You should explicitly specify a context class loader. For example: Thread.setContextClassLoader(getClass().getClassLoader());
02-20 11:57:05.391  1188  9184 I chatty  : uid=1000 system_server expire 4 lines
02-20 11:57:05.414  5399  7517 W ContextImpl: Calling a method in the system process without a qualified user: android.app.ContextImpl.startService:1656 android.content.ContextWrapper.startService:644 com.huawei.systemmanager.spacecleanner.receiver.SpaceCleanReceiver.checkRarelyUsedApp:87 com.huawei.systemmanager.spacecleanner.receiver.SpaceCleanReceiver.doInBackground:39 java.lang.reflect.Method.invoke:-2 
02-20 11:57:05.442  1791  1791 W PackageParser: Unknown element under <manifest>: meta-data at /data/hw_init/system/app/HwVPlayer/HwVPlayer.apk Binary XML file line #103
02-20 11:57:05.454  1791  1791 W PackageParser: No actions in intent filter at /data/hw_init/system/app/HwVPlayer/HwVPlayer.apk Binary XML file line #746
02-20 11:57:05.454  1791  1791 W PackageParser: No actions in intent filter at /data/hw_init/system/app/HwVPlayer/HwVPlayer.apk Binary XML file line #759
02-20 11:57:05.462  9194  9194 D ActivityThread: ActivityThread,attachApplication
02-20 11:57:05.462  1188  8596 I chatty  : uid=1000(system) Binder:1188_1E expire 3 lines
02-20 11:57:05.543  1791  1791 W PackageParser: Ignoring duplicate uses-permissions/uses-permissions-sdk-m: android.permission.READ_EXTERNAL_STORAGE in package: com.sina.weibo at: Binary XML file line #197
02-20 11:57:05.615  1791  1791 W PackageParser: No actions in intent filter at /data/hw_init/version/special_cust/VTR-AL00/all/cn/app/BaiduSearch/BaiduSearch.apk Binary XML file line #1520
02-20 11:57:05.615  1791  1791 W PackageParser: No actions in intent filter at /data/hw_init/version/special_cust/VTR-AL00/all/cn/app/BaiduSearch/BaiduSearch.apk Binary XML file line #1554
02-20 11:57:05.616  1791  1791 W PackageParser: No actions in intent filter at /data/hw_init/version/special_cust/VTR-AL00/all/cn/app/BaiduSearch/BaiduSearch.apk Binary XML file line #2473
02-20 11:57:05.618  1791  1791 W PackageParser: No actions in intent filter at /data/hw_init/version/special_cust/VTR-AL00/all/cn/app/BaiduSearch/BaiduSearch.apk Binary XML file line #3421
02-20 11:57:05.699  1791  1791 W PackageParser: Unknown element under <manifest>: supports-gl-texture at /data/hw_init/version/special_cust/VTR-AL00/all/cn/app/iFengNews/iFengNews.apk Binary XML file line #82
02-20 11:57:05.699  1791  1791 W PackageParser: Unknown element under <manifest>: supports-gl-texture at /data/hw_init/version/special_cust/VTR-AL00/all/cn/app/iFengNews/iFengNews.apk Binary XML file line #83
02-20 11:57:08.095   661   661 E wificond: Failed to get NL80211_STA_INFO_CNAHLOAD
02-20 11:57:11.121   661   661 E wificond: Failed to get NL80211_STA_INFO_CNAHLOAD
02-20 11:57:14.142   661   661 E wificond: Failed to get NL80211_STA_INFO_CNAHLOAD
02-20 11:57:15.229  1188  1201 I chatty  : uid=1000(system) Binder:1188_2 expire 4 lines
02-20 11:57:15.249  1188  1243 I chatty  : uid=1000(system) batterystats-sy expire 1 line
02-20 11:57:17.173   661   661 E wificond: Failed to get NL80211_STA_INFO_CNAHLOAD
02-20 11:57:20.202  1188  1188 I chatty  : uid=1000 system_server expire 14 lines
02-20 11:57:20.207   661   661 E wificond: Failed to get NL80211_STA_INFO_CNAHLOAD
02-20 11:57:23.236   661   661 E wificond: Failed to get NL80211_STA_INFO_CNAHLOAD
02-20 11:57:25.196  1188  1392 I chatty  : uid=1000(system) UEventObserver expire 2 lines
02-20 11:57:25.832  1188  6284 I chatty  : uid=1000(system) Binder:1188_1A expire 3 lines
02-20 11:57:25.834  1188  1441 I chatty  : uid=1000(system) ConnectivitySer expire 45 lines
02-20 11:57:26.267   661   661 E wificond: Failed to get NL80211_STA_INFO_CNAHLOAD
02-20 11:57:28.851  1188  1200 I chatty  : uid=1000(system) Binder:1188_1 expire 2 lines
02-20 11:57:28.851  1888  1888 I HwNetworkPolicyManager: removeHwUidPolicy uid = 12542 policy = -1 opPackageName = com.huawei.systemmanager
02-20 11:57:29.045  1552  1552 W ContextImpl: Calling a method in the system process without a qualified user: android.app.ContextImpl.startService:1656 android.content.ContextWrapper.startService:644 android.content.ContextWrapper.startService:644 com.android.settings.applications.BlackListReceiver.onReceive:35 android.app.ActivityThread.handleReceiver:3804 
02-20 11:57:29.133  1188  9118 I chatty  : uid=1000(system) Binder:1188_1F expire 1 line
02-20 11:57:29.172  5399  5399 W ContextImpl: Calling a method in the system process without a qualified user: android.app.ContextImpl.startService:1656 android.content.ContextWrapper.startService:644 android.content.ContextWrapper.startService:644 com.huawei.systemmanager.antivirus.utils.AntiVirusTools.checkVirusForNewInstalledApk:620 com.huawei.systemmanager.antivirus.AntiVirusReceiver.onReceive:36 
02-20 11:57:29.223  1188  9312 I chatty  : uid=1000 system_server expire 4 lines
02-20 11:57:29.267  5399  5535 W ContextImpl: Calling a method in the system process without a qualified user: android.app.ContextImpl.startService:1656 android.content.ContextWrapper.startService:644 com.huawei.systemmanager.rainbow.client.background.broadcast.SecurityBroadcastReceiver.doInBackground:174 java.lang.reflect.Method.invoke:-2 com.huawei.systemmanager.util.content.HsmIntentService$Work.reflectTargetReceiver:231 
02-20 11:57:29.284   661   661 E wificond: Failed to get NL80211_STA_INFO_CNAHLOAD
02-20 11:57:29.296  5399  5538 W ContextImpl: Calling a method in the system process without a qualified user: android.app.ContextImpl.startService:1656 android.content.ContextWrapper.startService:644 com.huawei.systemmanager.spacecleanner.receiver.SpaceCleanReceiver.checkRarelyUsedApp:87 com.huawei.systemmanager.spacecleanner.receiver.SpaceCleanReceiver.doInBackground:39 java.lang.reflect.Method.invoke:-2 
02-20 11:57:29.300  1188  1780 I chatty  : uid=1000(system) Binder:1188_9 expire 11 lines
02-20 11:57:29.302  1188  1238 I chatty  : uid=1000(system) ActivityManager expire 6 lines
02-20 11:57:29.319  1188  1441 I chatty  : uid=1000(system) ConnectivitySer expire 34 lines
02-20 11:57:29.331  1188  1235 I chatty  : uid=1000(system) android.bg expire 3 lines
02-20 11:57:29.339  1188  1732 I chatty  : uid=1000(system) Binder:1188_5 expire 12 lines
02-20 11:57:29.408  1188  1201 I chatty  : uid=1000(system) Binder:1188_2 expire 1 line
02-20 11:57:29.455  1188  5998 I chatty  : uid=1000(system) Binder:1188_18 expire 6 lines
02-20 11:57:29.999  1188  1646 I chatty  : uid=1000(system) watchdog expire 1 line
02-20 11:57:31.113  9338  9338 D ActivityThread: ActivityThread,attachApplication
02-20 11:57:31.113  1188  6285 I chatty  : uid=1000(system) Binder:1188_1B expire 32 lines
02-20 11:57:32.298   661   661 E wificond: Failed to get NL80211_STA_INFO_CNAHLOAD
02-20 11:57:32.354  1188  1584 I chatty  : uid=1000(system) Binder:1188_4 expire 5 lines
02-20 11:57:32.386  9370  9370 D ActivityThread: ActivityThread,attachApplication
02-20 11:57:32.387  1188  5263 I chatty  : uid=1000(system) Binder:1188_13 expire 19 lines
02-20 11:57:32.395  1188  1236 I chatty  : uid=1000(system) HwActivityManag expire 3 lines
02-20 11:57:32.401  1188  1239 I chatty  : uid=1000(system) android.ui expire 5 lines
02-20 11:57:32.404  1888  2141 I HwNetworkPolicyManager: getHwUidPolicy uid = 12542 policy = 0
02-20 11:57:32.418  1188  8596 I chatty  : uid=1000(system) Binder:1188_1E expire 4 lines
02-20 11:57:32.458  9370  9370 V ActivityThread: ActivityThread,callActivityOnCreate
02-20 11:57:32.503  9393  9393 D ActivityThread: ActivityThread,attachApplication
02-20 11:57:32.505  9370  9370 D ActivityThread: add activity client record, r= ActivityRecord{963abbc token=android.os.BinderProxy@5fa2cb7 {com.excelliance.multiaccounts/com.excelliance.kxqp.ui.StartActivity}} token= android.os.BinderProxy@5fa2cb7
02-20 11:57:32.521  9370  9370 V ActivityThread: ActivityThread,callActivityOnCreate
02-20 11:57:32.728  9370  9370 D ActivityThread: add activity client record, r= ActivityRecord{a90fd8f token=android.os.BinderProxy@d2b9745 {com.excelliance.multiaccounts/com.excelliance.kxqp.swipe.NavActivity2}} token= android.os.BinderProxy@d2b9745
02-20 11:57:32.760  1188  1386 I chatty  : uid=1000(system) android.anim expire 25 lines
02-20 11:57:32.775  1529  1937 I CommandQueue: updateBarBgColor
02-20 11:57:32.775  1529  1937 D CommandQueue: CommandQueue, setBarBackgroundColor
02-20 11:57:32.828  1188  9118 I chatty  : uid=1000(system) Binder:1188_1F expire 1 line
02-20 11:57:33.116  9370  9370 D ActivityThread: Remove activity client record, r= ActivityRecord{963abbc token=android.os.BinderProxy@5fa2cb7 {com.excelliance.multiaccounts/com.excelliance.kxqp.ui.StartActivity}} token= android.os.BinderProxy@5fa2cb7
02-20 11:57:33.328  9370  9420 E ActivityThread: Failed to find provider info for com.facebook.katana.provider.AttributionIdProvider
02-20 11:57:33.560  9370  9457 E ActivityThread: Failed to find provider info for com.facebook.katana.provider.AttributionIdProvider
02-20 11:57:34.689  1188  5712 I chatty  : uid=1000(system) Binder:1188_14 expire 20 lines
02-20 11:57:35.116  9370  9370 V ActivityThread: ActivityThread,callActivityOnCreate
02-20 11:57:35.117  1888  2141 I HwNetworkPolicyManager: getHwUidPolicy uid = 10068 policy = 0
02-20 11:57:35.124  1188  5813 I chatty  : uid=1000(system) Binder:1188_15 expire 2 lines
02-20 11:57:35.132  1791  1791 V ActivityThread: Handle window ActivityRecord{450e0dc token=android.os.BinderProxy@a72687f {com.huawei.android.launcher/com.huawei.android.launcher.unihome.UniHomeLauncher}} visibility: true
02-20 11:57:35.134  9370  9370 D ActivityThread: add activity client record, r= ActivityRecord{ba5ad36 token=android.os.BinderProxy@48e2255 {com.excelliance.multiaccounts/com.excelliance.kxqp.ui.StartActivity}} token= android.os.BinderProxy@48e2255
02-20 11:57:35.160  1888  2141 I HwNetworkPolicyManager: getHwUidPolicy uid = 10039 policy = 0
02-20 11:57:35.174  9100  9100 V ActivityThread: ActivityThread,callActivityOnCreate
02-20 11:57:35.275  9100  9100 D ActivityThread: add activity client record, r= ActivityRecord{c210f87 token=android.os.BinderProxy@100c269 {com.android.packageinstaller/com.android.packageinstaller.permission.ui.GrantPermissionsActivity}} token= android.os.BinderProxy@100c269
02-20 11:57:35.312   661   661 E wificond: Failed to get NL80211_STA_INFO_CNAHLOAD
02-20 11:57:35.322  1188  6284 I chatty  : uid=1000(system) Binder:1188_1A expire 13 lines
02-20 11:57:35.624  9370  9370 D ActivityThread: Remove activity client record, r= ActivityRecord{a90fd8f token=android.os.BinderProxy@d2b9745 {com.excelliance.multiaccounts/com.excelliance.kxqp.swipe.NavActivity2}} token= android.os.BinderProxy@d2b9745
02-20 11:57:36.137   467   475 D VoldCmdListener: volume remount_uid 12542 read
02-20 11:57:36.137   467   475 D vold    : Remounting 12542 as mode read
02-20 11:57:36.145   467   475 D vold    : Found matching PID 9370
02-20 11:57:36.247   467   475 D vold    : Found matching PID 9393
02-20 11:57:36.331  1188  1418 I chatty  : uid=1000(system) VoldConnector expire 2 lines
02-20 11:57:36.333  1188  1200 I chatty  : uid=1000(system) Binder:1188_1 expire 2 lines
02-20 11:57:36.334   467   475 D VoldCmdListener: volume remount_uid 12542 write
02-20 11:57:36.334   467   475 D vold    : Remounting 12542 as mode write
02-20 11:57:36.339   467   475 D vold    : Found matching PID 9370
02-20 11:57:36.453   467   475 D vold    : Found matching PID 9393
02-20 11:57:36.700  9525  9525 D ActivityThread: ActivityThread,attachApplication
02-20 11:57:36.717  1188  1405 I chatty  : uid=1000(system) AlarmManager expire 1 line
02-20 11:57:36.762  9100  9100 D ActivityThread: Remove activity client record, r= ActivityRecord{c210f87 token=android.os.BinderProxy@100c269 {com.android.packageinstaller/com.android.packageinstaller.permission.ui.GrantPermissionsActivity}} token= android.os.BinderProxy@100c269
02-20 11:57:36.948  9550  9550 D ActivityThread: ActivityThread,attachApplication
02-20 11:57:36.959  1188  1386 I chatty  : uid=1000(system) android.anim expire 24 lines
02-20 11:57:37.080  9550  9550 D ActivityThread: Loading provider com.excelliance.multiaccounts:com.excelliance.kxqp.platform.PluginManagerProvider: com.excelliance.kxqp.platform.PluginManagerProvider
02-20 11:57:37.123  1188  6285 I chatty  : uid=1000(system) Binder:1188_1B expire 19 lines
02-20 11:57:37.138  1188  1238 I chatty  : uid=1000(system) ActivityManager expire 2 lines
02-20 11:57:37.267  1188  3397 I chatty  : uid=1000(system) Binder:1188_10 expire 26 lines
02-20 11:57:37.274  1188  9597 I chatty  : uid=1000 system_server expire 4 lines
02-20 11:57:37.368  9550  9571 W PackageParser: Unknown element under <manifest>: meta-data at /data/app/com.huawei.hwid-oKEfyJazjkFy3cGcgoW85g==/base.apk Binary XML file line #13
02-20 11:57:37.368  9550  9571 W PackageParser: Ignoring duplicate uses-permissions/uses-permissions-sdk-m: android.permission.READ_EXTERNAL_STORAGE in package: com.huawei.hwid at: Binary XML file line #25
02-20 11:57:37.371  9550  9571 W PackageParser: No actions in intent filter at /data/app/com.huawei.hwid-oKEfyJazjkFy3cGcgoW85g==/base.apk Binary XML file line #440
02-20 11:57:37.377  9550  9571 W PackageParser: No actions in intent filter at /data/app/com.huawei.hwid-oKEfyJazjkFy3cGcgoW85g==/base.apk Binary XML file line #1545
02-20 11:57:37.378  9550  9571 W PackageParser: No actions in intent filter at /data/app/com.huawei.hwid-oKEfyJazjkFy3cGcgoW85g==/base.apk Binary XML file line #1815
02-20 11:57:37.379  9550  9571 W PackageParser: No actions in intent filter at /data/app/com.huawei.hwid-oKEfyJazjkFy3cGcgoW85g==/base.apk Binary XML file line #1829
02-20 11:57:38.272  9550  9584 W PackageParser: Unknown element under <manifest>: uses-sdk at /data/app/com.facebook.katana-RcNkFO4MgtjAvPMZyKFPNA==/split_codegenerator.apk Binary XML file line #7
02-20 11:57:38.272  9550  9584 W PackageParser: Unknown element under <manifest>: compatible-screens at /data/app/com.facebook.katana-RcNkFO4MgtjAvPMZyKFPNA==/split_codegenerator.apk Binary XML file line #9
02-20 11:57:38.272  9550  9584 W PackageParser: Unknown element under <manifest>: module at /data/app/com.facebook.katana-RcNkFO4MgtjAvPMZyKFPNA==/split_codegenerator.apk Binary XML file line #72
02-20 11:57:38.327   661   661 E wificond: Failed to get NL80211_STA_INFO_CNAHLOAD
02-20 11:57:38.359  9370  9618 E ActivityThread: Failed to find provider info for com.facebook.katana.provider.AttributionIdProvider
02-20 11:57:38.450  9393  9616 W PackageParser: No actions in intent filter at /data/app/com.google.android.play.games-3Z-99Ex8X0lGXqU8NeFgRA==/base.apk Binary XML file line #1010
02-20 11:57:38.474  9550  9584 W PackageParser: No actions in intent filter at /data/app/com.google.android.play.games-3Z-99Ex8X0lGXqU8NeFgRA==/base.apk Binary XML file line #1010
02-20 11:57:38.484  1791  1791 V ActivityThread: Handle window ActivityRecord{450e0dc token=android.os.BinderProxy@a72687f {com.huawei.android.launcher/com.huawei.android.launcher.unihome.UniHomeLauncher}} visibility: false
02-20 11:57:38.486  9550  9584 W PackageParser: No actions in intent filter at /data/app/com.google.android.play.games-3Z-99Ex8X0lGXqU8NeFgRA==/base.apk Binary XML file line #1010
02-20 11:57:38.498  1188  1239 I chatty  : uid=1000(system) android.ui expire 7 lines
02-20 11:57:38.501  1888  2141 I HwNetworkPolicyManager: getHwUidPolicy uid = 12542 policy = 0
02-20 11:57:38.501  1188  6284 I chatty  : uid=1000(system) Binder:1188_1A expire 12 lines
02-20 11:57:38.506  9393  9393 V ActivityThread: ActivityThread,callActivityOnCreate
02-20 11:57:38.861  9393  9393 D ActivityThread: add activity client record, r= ActivityRecord{69f0c1a token=android.os.BinderProxy@9d9d714 {com.excelliance.multiaccounts/com.excelliance.kxqp.ui.MainActivity}} token= android.os.BinderProxy@9d9d714
02-20 11:57:38.876  1188  5998 I chatty  : uid=1000(system) Binder:1188_18 expire 12 lines
02-20 11:57:39.008  1188  1732 I chatty  : uid=1000(system) Binder:1188_5 expire 13 lines
02-20 11:57:39.025  9393  9616 W PackageParser: Ignoring duplicate uses-permissions/uses-permissions-sdk-m: com.android.launcher2.permission.READ_SETTINGS in package: com.tencent.mobileqq at: Binary XML file line #76
02-20 11:57:39.025  9393  9616 W PackageParser: Ignoring duplicate uses-permissions/uses-permissions-sdk-m: android.permission.WRITE_CONTACTS in package: com.tencent.mobileqq at: Binary XML file line #107
02-20 11:57:39.032  9393  9616 W PackageParser: No actions in intent filter at /data/app/com.tencent.mobileqq-mz6y61S64mtOp0uTl3jlmw==/base.apk Binary XML file line #1870
02-20 11:57:39.046  9393  9616 W PackageParser: Ignoring duplicate uses-permissions/uses-permissions-sdk-m: com.tencent.msf.permission.account.sync in package: com.tencent.mobileqq at: Binary XML file line #7514
02-20 11:57:39.046  9393  9616 W PackageParser: Ignoring duplicate uses-permissions/uses-permissions-sdk-m: android.permission.CHANGE_WIFI_STATE in package: com.tencent.mobileqq at: Binary XML file line #7521
02-20 11:57:39.046  9393  9616 W PackageParser: Ignoring duplicate uses-permissions/uses-permissions-sdk-m: android.permission.INTERNET in package: com.tencent.mobileqq at: Binary XML file line #7522
02-20 11:57:39.046  9393  9616 W PackageParser: Ignoring duplicate uses-permissions/uses-permissions-sdk-m: android.permission.ACCESS_WIFI_STATE in package: com.tencent.mobileqq at: Binary XML file line #7523
02-20 11:57:39.046  9393  9616 W PackageParser: Ignoring duplicate uses-permissions/uses-permissions-sdk-m: android.permission.ACCESS_NETWORK_STATE in package: com.tencent.mobileqq at: Binary XML file line #7524
02-20 11:57:39.046  9393  9616 W PackageParser: Ignoring duplicate uses-permissions/uses-permissions-sdk-m: android.permission.CAMERA in package: com.tencent.mobileqq at: Binary XML file line #7528
02-20 11:57:39.046  9393  9616 W PackageParser: Ignoring duplicate uses-permissions/uses-permissions-sdk-m: android.permission.READ_PHONE_STATE in package: com.tencent.mobileqq at: Binary XML file line #7529
02-20 11:57:39.046  9393  9616 W PackageParser: Ignoring duplicate uses-permissions/uses-permissions-sdk-m: android.permission.WAKE_LOCK in package: com.tencent.mobileqq at: Binary XML file line #7530
02-20 11:57:39.046  9393  9616 W PackageParser: Ignoring duplicate uses-permissions/uses-permissions-sdk-m: com.android.launcher.permission.INSTALL_SHORTCUT in package: com.tencent.mobileqq at: Binary XML file line #7531
02-20 11:57:39.046  9393  9616 W PackageParser: Ignoring duplicate uses-permissions/uses-permissions-sdk-m: android.permission.RECEIVE_BOOT_COMPLETED in package: com.tencent.mobileqq at: Binary XML file line #7532
02-20 11:57:39.046  9393  9616 W PackageParser: Ignoring duplicate uses-permissions/uses-permissions-sdk-m: com.tencent.msf.permission.account.sync in package: com.tencent.mobileqq at: Binary XML file line #7534
02-20 11:57:39.098  9393  9659 E ActivityThread: Failed to find provider info for com.facebook.katana.provider.AttributionIdProvider
02-20 11:57:39.182  9550  9584 W PackageParser: Ignoring duplicate uses-permissions/uses-permissions-sdk-m: com.android.launcher2.permission.READ_SETTINGS in package: com.tencent.mobileqq at: Binary XML file line #76
02-20 11:57:39.182  9550  9584 W PackageParser: Ignoring duplicate uses-permissions/uses-permissions-sdk-m: android.permission.WRITE_CONTACTS in package: com.tencent.mobileqq at: Binary XML file line #107
02-20 11:57:39.185  9550  9584 W PackageParser: No actions in intent filter at /data/app/com.tencent.mobileqq-mz6y61S64mtOp0uTl3jlmw==/base.apk Binary XML file line #1870
02-20 11:57:39.193  9550  9584 W PackageParser: Ignoring duplicate uses-permissions/uses-permissions-sdk-m: com.tencent.msf.permission.account.sync in package: com.tencent.mobileqq at: Binary XML file line #7514
02-20 11:57:39.193  9550  9584 W PackageParser: Ignoring duplicate uses-permissions/uses-permissions-sdk-m: android.permission.CHANGE_WIFI_STATE in package: com.tencent.mobileqq at: Binary XML file line #7521
02-20 11:57:39.193  9550  9584 W PackageParser: Ignoring duplicate uses-permissions/uses-permissions-sdk-m: android.permission.INTERNET in package: com.tencent.mobileqq at: Binary XML file line #7522
02-20 11:57:39.193  9550  9584 W PackageParser: Ignoring duplicate uses-permissions/uses-permissions-sdk-m: android.permission.ACCESS_WIFI_STATE in package: com.tencent.mobileqq at: Binary XML file line #7523
02-20 11:57:39.193  9550  9584 W PackageParser: Ignoring duplicate uses-permissions/uses-permissions-sdk-m: android.permission.ACCESS_NETWORK_STATE in package: com.tencent.mobileqq at: Binary XML file line #7524
02-20 11:57:39.194  9550  9584 W PackageParser: Ignoring duplicate uses-permissions/uses-permissions-sdk-m: android.permission.CAMERA in package: com.tencent.mobileqq at: Binary XML file line #7528
02-20 11:57:39.194  9550  9584 W PackageParser: Ignoring duplicate uses-permissions/uses-permissions-sdk-m: android.permission.READ_PHONE_STATE in package: com.tencent.mobileqq at: Binary XML file line #7529
02-20 11:57:39.194  9550  9584 W PackageParser: Ignoring duplicate uses-permissions/uses-permissions-sdk-m: android.permission.WAKE_LOCK in package: com.tencent.mobileqq at: Binary XML file line #7530
02-20 11:57:39.194  9550  9584 W PackageParser: Ignoring duplicate uses-permissions/uses-permissions-sdk-m: com.android.launcher.permission.INSTALL_SHORTCUT in package: com.tencent.mobileqq at: Binary XML file line #7531
02-20 11:57:39.194  9550  9584 W PackageParser: Ignoring duplicate uses-permissions/uses-permissions-sdk-m: android.permission.RECEIVE_BOOT_COMPLETED in package: com.tencent.mobileqq at: Binary XML file line #7532
02-20 11:57:39.194  9550  9584 W PackageParser: Ignoring duplicate uses-permissions/uses-permissions-sdk-m: com.tencent.msf.permission.account.sync in package: com.tencent.mobileqq at: Binary XML file line #7534
02-20 11:57:39.321  1188  5712 I chatty  : uid=1000(system) Binder:1188_14 expire 41 lines
02-20 11:57:39.561  9688  9688 D ActivityThread: ActivityThread,attachApplication
02-20 11:57:39.561  1188  1200 I chatty  : uid=1000(system) Binder:1188_1 expire 7 lines
02-20 11:57:40.185  9393  9393 V ActivityThread: ActivityThread,callActivityOnCreate
02-20 11:57:40.206  9393  9393 D ActivityThread: add activity client record, r= ActivityRecord{63c0325 token=android.os.BinderProxy@d0aeb3e {com.excelliance.multiaccounts/com.excelliance.kxqp.ui.PayNavActivity}} token= android.os.BinderProxy@d0aeb3e
02-20 11:57:40.609  9754  9754 D ActivityThread: ActivityThread,attachApplication
02-20 11:57:41.338   661   661 E wificond: Failed to get NL80211_STA_INFO_CNAHLOAD
02-20 11:57:42.563  1188  1235 I chatty  : uid=1000(system) android.bg expire 2 lines
02-20 11:57:42.956  1188  1188 I chatty  : uid=1000 system_server expire 3 lines
02-20 11:57:43.257  1188  1236 I chatty  : uid=1000(system) HwActivityManag expire 4 lines
02-20 11:57:43.263  1888  2141 I HwNetworkPolicyManager: getHwUidPolicy uid = 10022 policy = 0
02-20 11:57:43.268  4270  4270 V ActivityThread: ActivityThread,callActivityOnCreate
02-20 11:57:43.304  4270  4270 D ActivityThread: add activity client record, r= ActivityRecord{cbdbbe1 token=android.os.BinderProxy@5fd6193 {com.android.vending/com.google.android.finsky.billing.acquire.AcquireActivity}} token= android.os.BinderProxy@5fd6193
02-20 11:57:43.750  9393  9807 E ActivityThread: Failed to find provider info for com.facebook.katana.provider.AttributionIdProvider
02-20 11:57:43.791  9370  9370 D ActivityThread: Remove activity client record, r= ActivityRecord{ba5ad36 token=android.os.BinderProxy@48e2255 {com.excelliance.multiaccounts/com.excelliance.kxqp.ui.StartActivity}} token= android.os.BinderProxy@48e2255
02-20 11:57:44.348   661   661 E wificond: Failed to get NL80211_STA_INFO_CNAHLOAD
02-20 11:57:45.235  4270  4270 D ActivityThread: Remove activity client record, r= ActivityRecord{cbdbbe1 token=android.os.BinderProxy@5fd6193 {com.android.vending/com.google.android.finsky.billing.acquire.AcquireActivity}} token= android.os.BinderProxy@5fd6193
02-20 11:57:45.238  1188  5813 I chatty  : uid=1000(system) Binder:1188_15 expire 9 lines
02-20 11:57:45.368  9393  9814 E ActivityThread: Failed to find provider info for com.facebook.katana.provider.AttributionIdProvider
02-20 11:57:46.014  1888  2141 I HwNetworkPolicyManager: getHwUidPolicy uid = 10022 policy = 0
02-20 11:57:46.015  4270  4270 V ActivityThread: ActivityThread,callActivityOnCreate
02-20 11:57:46.053  4270  4270 D ActivityThread: add activity client record, r= ActivityRecord{a9cddfa token=android.os.BinderProxy@91f84f9 {com.android.vending/com.google.android.finsky.billing.acquire.AcquireActivity}} token= android.os.BinderProxy@91f84f9
02-20 11:57:46.340  9393  9815 E ActivityThread: Failed to find provider info for com.facebook.katana.provider.AttributionIdProvider
02-20 11:57:47.362   661   661 E wificond: Failed to get NL80211_STA_INFO_CNAHLOAD
02-20 11:57:49.865  1188  1441 I chatty  : uid=1000(system) ConnectivitySer expire 10 lines
02-20 11:57:50.088  4270  4270 D ActivityThread: Remove activity client record, r= ActivityRecord{a9cddfa token=android.os.BinderProxy@91f84f9 {com.android.vending/com.google.android.finsky.billing.acquire.AcquireActivity}} token= android.os.BinderProxy@91f84f9
02-20 11:57:50.088  1188  1844 I chatty  : uid=1000(system) Binder:1188_B expire 4 lines
02-20 11:57:50.247  1188  1386 I chatty  : uid=1000(system) android.anim expire 16 lines
02-20 11:57:50.379   661   661 E wificond: Failed to get NL80211_STA_INFO_CNAHLOAD
02-20 11:57:50.851  1188  5813 I chatty  : uid=1000(system) Binder:1188_15 expire 7 lines
02-20 11:57:50.861  1188  1236 I chatty  : uid=1000(system) HwActivityManag expire 6 lines
02-20 11:57:50.864  1188  1239 I chatty  : uid=1000(system) android.ui expire 7 lines
02-20 11:57:50.865  4270  4270 V ActivityThread: ActivityThread,callActivityOnCreate
02-20 11:57:50.867  1888  2141 I HwNetworkPolicyManager: getHwUidPolicy uid = 10022 policy = 0
02-20 11:57:50.873  1188  1844 I chatty  : uid=1000(system) Binder:1188_B expire 7 lines
02-20 11:57:50.904  4270  4270 D ActivityThread: add activity client record, r= ActivityRecord{2fe80ac token=android.os.BinderProxy@6111113 {com.android.vending/com.google.android.finsky.billing.acquire.AcquireActivity}} token= android.os.BinderProxy@6111113
02-20 11:57:50.908  1188  5883 I chatty  : uid=1000(system) Binder:1188_16 expire 10 lines
02-20 11:57:50.912  1188  6281 I chatty  : uid=1000(system) Binder:1188_19 expire 11 lines
02-20 11:57:51.193  9393  9837 E ActivityThread: Failed to find provider info for com.facebook.katana.provider.AttributionIdProvider
02-20 11:57:52.602  1188  5712 I chatty  : uid=1000(system) Binder:1188_14 expire 19 lines
02-20 11:57:52.682  4270  4270 D ActivityThread: Remove activity client record, r= ActivityRecord{2fe80ac token=android.os.BinderProxy@6111113 {com.android.vending/com.google.android.finsky.billing.acquire.AcquireActivity}} token= android.os.BinderProxy@6111113
02-20 11:57:52.819  9393  9840 E ActivityThread: Failed to find provider info for com.facebook.katana.provider.AttributionIdProvider
02-20 11:57:53.294  1188  1188 I chatty  : uid=1000 system_server expire 14 lines
02-20 11:57:53.399   661   661 E wificond: Failed to get NL80211_STA_INFO_CNAHLOAD
02-20 11:57:53.704  4270  4270 V ActivityThread: ActivityThread,callActivityOnCreate
02-20 11:57:53.707  1888  2141 I HwNetworkPolicyManager: getHwUidPolicy uid = 10022 policy = 0
02-20 11:57:53.712  1188  4697 I chatty  : uid=1000(system) Binder:1188_12 expire 8 lines
02-20 11:57:53.743  4270  4270 D ActivityThread: add activity client record, r= ActivityRecord{619d90e token=android.os.BinderProxy@a3e189d {com.android.vending/com.google.android.finsky.billing.acquire.AcquireActivity}} token= android.os.BinderProxy@a3e189d
02-20 11:57:53.747  1188  1763 I chatty  : uid=1000(system) Binder:1188_8 expire 3 lines
02-20 11:57:54.044  9393  9840 E ActivityThread: Failed to find provider info for com.facebook.katana.provider.AttributionIdProvider
02-20 11:57:55.393  1188  1392 I chatty  : uid=1000(system) UEventObserver expire 6 lines
02-20 11:57:56.421   661   661 E wificond: Failed to get NL80211_STA_INFO_CNAHLOAD
02-20 11:57:58.778  1188  5884 I chatty  : uid=1000(system) Binder:1188_17 expire 5 lines
02-20 11:57:59.445   661   661 E wificond: Failed to get NL80211_STA_INFO_CNAHLOAD
02-20 11:58:00.003  1188  1646 I chatty  : uid=1000(system) watchdog expire 3 lines
02-20 11:58:02.467   661   661 E wificond: Failed to get NL80211_STA_INFO_CNAHLOAD
02-20 11:58:08.524   661   661 I chatty  : uid=1010(wifi) /system/bin/wificond identical 4 lines
02-20 11:58:11.548   661   661 E wificond: Failed to get NL80211_STA_INFO_CNAHLOAD
02-20 11:58:11.872  1188  3210 I chatty  : uid=1000(system) Binder:1188_F expire 12 lines
02-20 11:58:14.576   661   661 E wificond: Failed to get NL80211_STA_INFO_CNAHLOAD
02-20 11:58:17.594   661   661 E wificond: Failed to get NL80211_STA_INFO_CNAHLOAD
02-20 11:58:20.619   661   661 E wificond: Failed to get NL80211_STA_INFO_CNAHLOAD
02-20 11:58:22.614  1188  1188 I chatty  : uid=1000 system_server expire 8 lines
02-20 11:58:22.635  1188  5883 I chatty  : uid=1000(system) Binder:1188_16 expire 12 lines
02-20 11:58:23.650   661   661 E wificond: Failed to get NL80211_STA_INFO_CNAHLOAD
02-20 11:58:26.680   661   661 E wificond: Failed to get NL80211_STA_INFO_CNAHLOAD
02-20 11:58:29.703   661   661 E wificond: Failed to get NL80211_STA_INFO_CNAHLOAD
02-20 11:58:29.831  1188  3529 I chatty  : uid=1000(system) Binder:1188_11 expire 3 lines
02-20 11:58:29.862  4270  4270 D ActivityThread: Remove activity client record, r= ActivityRecord{619d90e token=android.os.BinderProxy@a3e189d {com.android.vending/com.google.android.finsky.billing.acquire.AcquireActivity}} token= android.os.BinderProxy@a3e189d
02-20 11:58:29.986  9393  9892 E ActivityThread: Failed to find provider info for com.facebook.katana.provider.AttributionIdProvider
02-20 11:58:30.041  1188  1386 I chatty  : uid=1000(system) android.anim expire 14 lines
02-20 11:58:32.733   661   661 E wificond: Failed to get NL80211_STA_INFO_CNAHLOAD
02-20 11:58:35.589  1188  5883 I chatty  : uid=1000(system) Binder:1188_16 expire 10 lines
02-20 11:58:35.756   661   661 E wificond: Failed to get NL80211_STA_INFO_CNAHLOAD
02-20 11:58:38.790   661   661 E wificond: Failed to get NL80211_STA_INFO_CNAHLOAD
02-20 11:58:41.826   661   661 E wificond: Failed to get NL80211_STA_INFO_CNAHLOAD
02-20 11:58:44.856   661   661 E wificond: Failed to get NL80211_STA_INFO_CNAHLOAD
02-20 11:58:53.959   661   661 E wificond: Failed to get NL80211_STA_INFO_CNAHLOAD
02-20 11:58:56.996   661   661 E wificond: Failed to get NL80211_STA_INFO_CNAHLOAD
02-20 11:59:00.020   661   661 E wificond: Failed to get NL80211_STA_INFO_CNAHLOAD
02-20 11:59:03.047   661   661 E wificond: Failed to get NL80211_STA_INFO_CNAHLOAD
02-20 11:59:04.285  1188  1410 I chatty  : uid=1000(system) InputDispatcher expire 4 lines
02-20 11:59:04.348  9393  9393 W ViewRootImpl[PayNavActivity]: Cancelling event due to no window focus: KeyEvent { action=ACTION_UP, keyCode=KEYCODE_BACK, scanCode=0, metaState=0, flags=0x68, hwFlags=0x18, repeatCount=0, eventTime=886868, downTime=886830, deviceId=-1, source=0x101 }
02-20 11:59:04.348  9393  9393 I chatty  : uid=12542(u0_a2542) com.excelliance.multiaccounts identical 5 lines
02-20 11:59:04.348  9393  9393 W ViewRootImpl[PayNavActivity]: Cancelling event due to no window focus: KeyEvent { action=ACTION_UP, keyCode=KEYCODE_BACK, scanCode=0, metaState=0, flags=0x68, hwFlags=0x18, repeatCount=0, eventTime=886868, downTime=886830, deviceId=-1, source=0x101 }
02-20 11:59:04.367  9393  9393 W ViewRootImpl[MainActivity]: Cancelling event due to no window focus: KeyEvent { action=ACTION_UP, keyCode=KEYCODE_BACK, scanCode=0, metaState=0, flags=0x68, hwFlags=0x5000008, repeatCount=0, eventTime=886870, downTime=886830, deviceId=-1, source=0x101 }
02-20 11:59:04.367  9393  9393 W ViewRootImpl[MainActivity]: Cancelling event due to no window focus: KeyEvent { action=ACTION_UP, keyCode=KEYCODE_BACK, scanCode=0, metaState=0, flags=0x68, hwFlags=0x5000008, repeatCount=0, eventTime=886870, downTime=886830, deviceId=-1, source=0x101 }
02-20 11:59:04.662  9393  9393 D ActivityThread: Remove activity client record, r= ActivityRecord{63c0325 token=android.os.BinderProxy@d0aeb3e {com.excelliance.multiaccounts/com.excelliance.kxqp.ui.PayNavActivity}} token= android.os.BinderProxy@d0aeb3e
02-20 11:59:04.664  1188  5883 I chatty  : uid=1000(system) Binder:1188_16 expire 10 lines
02-20 11:59:05.184  1188  1780 I chatty  : uid=1000(system) Binder:1188_9 expire 1 line
02-20 11:59:05.184  1888  2141 I HwNetworkPolicyManager: getHwUidPolicy uid = 10068 policy = 0
02-20 11:59:05.191  1529  1937 I CommandQueue: updateBarBgColor
02-20 11:59:05.191  1529  1937 D CommandQueue: CommandQueue, setBarBackgroundColor
02-20 11:59:05.193  1188  3210 I chatty  : uid=1000(system) Binder:1188_F expire 2 lines
02-20 11:59:05.460  9393  9393 D ActivityThread: Remove activity client record, r= ActivityRecord{69f0c1a token=android.os.BinderProxy@9d9d714 {com.excelliance.multiaccounts/com.excelliance.kxqp.ui.MainActivity}} token= android.os.BinderProxy@9d9d714
02-20 11:59:05.460  1188  9118 I chatty  : uid=1000(system) Binder:1188_1F expire 14 lines
02-20 11:59:05.467  1188  1386 I chatty  : uid=1000(system) android.anim expire 6 lines
02-20 11:59:05.486  1188  1762 I chatty  : uid=1000(system) Binder:1188_7 expire 20 lines
02-20 11:59:05.805  9370  9370 V ActivityThread: ActivityThread,callActivityOnCreate
02-20 11:59:05.807  1188  5883 I chatty  : uid=1000(system) Binder:1188_16 expire 24 lines
02-20 11:59:05.807  1188  3529 I chatty  : uid=1000(system) Binder:1188_11 expire 3 lines
02-20 11:59:05.809  1888  2141 I HwNetworkPolicyManager: getHwUidPolicy uid = 12542 policy = 0
02-20 11:59:05.813  1188  9118 I chatty  : uid=1000(system) Binder:1188_1F expire 9 lines
02-20 11:59:05.823  9370  9370 D ActivityThread: add activity client record, r= ActivityRecord{3d33f4 token=android.os.BinderProxy@4f251eb {com.excelliance.multiaccounts/com.excelliance.kxqp.ui.StartActivity}} token= android.os.BinderProxy@4f251eb
02-20 11:59:05.836  1188  1239 I chatty  : uid=1000(system) android.ui expire 8 lines
02-20 11:59:05.837  9393  9393 V ActivityThread: ActivityThread,callActivityOnCreate
02-20 11:59:05.838  1888  2141 I HwNetworkPolicyManager: getHwUidPolicy uid = 12542 policy = 0
02-20 11:59:05.928  9393  9393 D ActivityThread: add activity client record, r= ActivityRecord{9b76da8 token=android.os.BinderProxy@6f39b60 {com.excelliance.multiaccounts/com.excelliance.kxqp.ui.MainActivity}} token= android.os.BinderProxy@6f39b60
02-20 11:59:05.932  1188  1780 I chatty  : uid=1000(system) Binder:1188_9 expire 15 lines
02-20 11:59:05.934  1188  5884 I chatty  : uid=1000(system) Binder:1188_17 expire 33 lines
02-20 11:59:05.947  1188  1386 I chatty  : uid=1000(system) android.anim expire 24 lines
02-20 11:59:05.958  1529  2693 I CommandQueue: updateBarBgColor
02-20 11:59:05.958  1529  2693 D CommandQueue: CommandQueue, setBarBackgroundColor
02-20 11:59:05.987  1188  1188 I chatty  : uid=1000 system_server expire 10 lines
02-20 11:59:06.067   661   661 E wificond: Failed to get NL80211_STA_INFO_CNAHLOAD
02-20 11:59:06.114  9393  9933 E ActivityThread: Failed to find provider info for com.facebook.katana.provider.AttributionIdProvider
02-20 11:59:06.281  9370  9370 D ActivityThread: Remove activity client record, r= ActivityRecord{3d33f4 token=android.os.BinderProxy@4f251eb {com.excelliance.multiaccounts/com.excelliance.kxqp.ui.StartActivity}} token= android.os.BinderProxy@4f251eb
02-20 11:59:06.870  9938  9938 D ActivityThread: ActivityThread,attachApplication
02-20 11:59:07.055  9393  9393 V ActivityThread: ActivityThread,callActivityOnCreate
02-20 11:59:07.080  9393  9393 D ActivityThread: add activity client record, r= ActivityRecord{22b5f05 token=android.os.BinderProxy@111867f {com.excelliance.multiaccounts/com.excelliance.kxqp.ui.PayNavActivity}} token= android.os.BinderProxy@111867f
02-20 11:59:07.083  1188  4697 I chatty  : uid=1000(system) Binder:1188_12 expire 9 lines
02-20 11:59:09.086   661   661 E wificond: Failed to get NL80211_STA_INFO_CNAHLOAD
02-20 11:59:09.095  1188  1236 I chatty  : uid=1000(system) HwActivityManag expire 5 lines
02-20 11:59:09.101  4270  4270 V ActivityThread: ActivityThread,callActivityOnCreate
02-20 11:59:09.101  1888  2141 I HwNetworkPolicyManager: getHwUidPolicy uid = 10022 policy = 0
02-20 11:59:09.139  4270  4270 D ActivityThread: add activity client record, r= ActivityRecord{b1a11e8 token=android.os.BinderProxy@edcbc34 {com.android.vending/com.google.android.finsky.billing.acquire.AcquireActivity}} token= android.os.BinderProxy@edcbc34
02-20 11:59:09.591  9393  9993 E ActivityThread: Failed to find provider info for com.facebook.katana.provider.AttributionIdProvider
02-20 11:59:11.526  4270  4270 D ActivityThread: Remove activity client record, r= ActivityRecord{b1a11e8 token=android.os.BinderProxy@edcbc34 {com.android.vending/com.google.android.finsky.billing.acquire.AcquireActivity}} token= android.os.BinderProxy@edcbc34
02-20 11:59:11.641  9393  9997 E ActivityThread: Failed to find provider info for com.facebook.katana.provider.AttributionIdProvider
02-20 11:59:12.106   661   661 E wificond: Failed to get NL80211_STA_INFO_CNAHLOAD
02-20 11:59:12.558  1188  3210 I chatty  : uid=1000(system) Binder:1188_F expire 3 lines
02-20 11:59:12.588  4270  4270 V ActivityThread: ActivityThread,callActivityOnCreate
02-20 11:59:12.591  1888  2141 I HwNetworkPolicyManager: getHwUidPolicy uid = 10022 policy = 0
02-20 11:59:12.627  4270  4270 D ActivityThread: add activity client record, r= ActivityRecord{3a49e89 token=android.os.BinderProxy@943bcf4 {com.android.vending/com.google.android.finsky.billing.acquire.AcquireActivity}} token= android.os.BinderProxy@943bcf4
02-20 11:59:13.020  9393  9997 E ActivityThread: Failed to find provider info for com.facebook.katana.provider.AttributionIdProvider
02-20 11:59:14.310  1188  1201 I chatty  : uid=1000(system) Binder:1188_2 expire 6 lines
02-20 11:59:14.403  4270  4270 D ActivityThread: Remove activity client record, r= ActivityRecord{3a49e89 token=android.os.BinderProxy@943bcf4 {com.android.vending/com.google.android.finsky.billing.acquire.AcquireActivity}} token= android.os.BinderProxy@943bcf4
02-20 11:59:15.133   661   661 E wificond: Failed to get NL80211_STA_INFO_CNAHLOAD
02-20 11:59:18.164   661   661 E wificond: Failed to get NL80211_STA_INFO_CNAHLOAD
02-20 11:59:18.838  1188  5883 I chatty  : uid=1000(system) Binder:1188_16 expire 6 lines
02-20 11:59:21.190   661   661 E wificond: Failed to get NL80211_STA_INFO_CNAHLOAD
02-20 11:59:21.631  1188  1780 I chatty  : uid=1000(system) Binder:1188_9 expire 12 lines
02-20 11:59:21.864   509  1128 W SocketListener: sending broadcast to Pid = 1188, Uid = 1000 
02-20 11:59:21.868  1188  1421 I chatty  : uid=1000(system) NetdConnector expire 4 lines
02-20 11:59:21.877  1188  1245 I chatty  : uid=1000(system) android.fg expire 4 lines
02-20 11:59:21.951  1188  1428 I chatty  : uid=1000(system) HwWifiCHRStateM expire 6 lines
02-20 11:59:22.053 10010 10010 D ActivityThread: ActivityThread,attachApplication
02-20 11:59:23.343   659   973 E /system/bin/storaged: pid_info get_pids failed
02-20 11:59:24.223   661   661 E wificond: Failed to get NL80211_STA_INFO_CNAHLOAD
02-20 11:59:26.135  1188  1392 I chatty  : uid=1000(system) UEventObserver expire 4 lines
02-20 11:59:27.250   661   661 E wificond: Failed to get NL80211_STA_INFO_CNAHLOAD
02-20 11:59:30.010  1188  1646 I chatty  : uid=1000(system) watchdog expire 2 lines
02-20 11:59:30.276   661   661 E wificond: Failed to get NL80211_STA_INFO_CNAHLOAD
02-20 11:59:30.433  1888  2141 I HwNetworkPolicyManager: getHwUidPolicy uid = 10022 policy = 0
02-20 11:59:30.434  4270  4270 V ActivityThread: ActivityThread,callActivityOnCreate
02-20 11:59:30.438  1188  1762 I chatty  : uid=1000(system) Binder:1188_7 expire 1 line
02-20 11:59:30.475  4270  4270 D ActivityThread: add activity client record, r= ActivityRecord{88ac120 token=android.os.BinderProxy@3722b84 {com.android.vending/com.google.android.finsky.billing.acquire.AcquireActivity}} token= android.os.BinderProxy@3722b84
02-20 11:59:30.478  1188  5884 I chatty  : uid=1000(system) Binder:1188_17 expire 9 lines
02-20 11:59:30.513  1188  1386 I chatty  : uid=1000(system) android.anim expire 2 lines
02-20 11:59:30.991  9393 10043 E ActivityThread: Failed to find provider info for com.facebook.katana.provider.AttributionIdProvider
02-20 11:59:33.305   661   661 E wificond: Failed to get NL80211_STA_INFO_CNAHLOAD
02-20 11:59:34.442  1188  1780 I chatty  : uid=1000(system) Binder:1188_9 expire 2 lines
02-20 11:59:36.332   661   661 E wificond: Failed to get NL80211_STA_INFO_CNAHLOAD
02-20 11:59:39.364   661   661 I chatty  : uid=1010(wifi) /system/bin/wificond identical 2 lines
02-20 11:59:42.398   661   661 E wificond: Failed to get NL80211_STA_INFO_CNAHLOAD
02-20 11:59:45.422   661   661 E wificond: Failed to get NL80211_STA_INFO_CNAHLOAD
