--------- beginning of system
02-20 11:44:21.966   467   467 E vold    : Vold 3.0 (the awakening) firing up
02-20 11:44:21.966   467   467 V vold    : Detected support for: exfat ext4 f2fs vfat
02-20 11:44:21.970   467   467 D vold    : s_cryptsd_enable is 1
02-20 11:44:21.971   467   467 W vold    : VolumeBase::setState(): Volume emulated State changing Unmounted->Unmounted
02-20 11:44:21.973   467   474 V vold    : handleBlockEvent(): action = 1, major = 8, minor = 0, devname = sda, devtype = disk
02-20 11:44:21.973   467   474 V vold    : handleBlockEvent(): action = 1, major = 8, minor = 16, devname = sdb, devtype = disk
02-20 11:44:21.973   467   474 V vold    : handleBlockEvent(): action = 1, major = 8, minor = 32, devname = sdc, devtype = disk
02-20 11:44:21.973   467   474 V vold    : handleBlockEvent(): action = 1, major = 8, minor = 33, devname = sdc1, devtype = partition
02-20 11:44:21.973   467   474 V vold    : handleBlockEvent(): action = 1, major = 8, minor = 34, devname = sdc2, devtype = partition
02-20 11:44:21.973   467   474 V vold    : handleBlockEvent(): action = 1, major = 8, minor = 35, devname = sdc3, devtype = partition
02-20 11:44:21.974   467   474 V vold    : handleBlockEvent(): action = 1, major = 8, minor = 48, devname = sdd, devtype = disk
02-20 11:44:21.974   467   474 V vold    : handleBlockEvent(): action = 1, major = 8, minor = 49, devname = sdd1, devtype = partition
02-20 11:44:21.974   467   474 V vold    : handleBlockEvent(): action = 1, major = 8, minor = 50, devname = sdd2, devtype = partition
02-20 11:44:21.974   467   474 V vold    : handleBlockEvent(): action = 1, major = 8, minor = 51, devname = sdd3, devtype = partition
02-20 11:44:21.974   467   474 V vold    : handleBlockEvent(): action = 1, major = 8, minor = 52, devname = sdd4, devtype = partition
02-20 11:44:21.974   467   474 V vold    : handleBlockEvent(): action = 1, major = 8, minor = 53, devname = sdd5, devtype = partition
02-20 11:44:21.974   467   474 V vold    : handleBlockEvent(): action = 1, major = 8, minor = 54, devname = sdd6, devtype = partition
02-20 11:44:21.974   467   474 V vold    : handleBlockEvent(): action = 1, major = 8, minor = 55, devname = sdd7, devtype = partition
02-20 11:44:21.974   467   474 V vold    : handleBlockEvent(): action = 1, major = 8, minor = 56, devname = sdd8, devtype = partition
02-20 11:44:21.974   467   474 V vold    : handleBlockEvent(): action = 1, major = 8, minor = 57, devname = sdd9, devtype = partition
02-20 11:44:21.974   467   474 V vold    : handleBlockEvent(): action = 1, major = 8, minor = 58, devname = sdd10, devtype = partition
02-20 11:44:21.974   467   474 V vold    : handleBlockEvent(): action = 1, major = 8, minor = 59, devname = sdd11, devtype = partition
02-20 11:44:21.974   467   474 V vold    : handleBlockEvent(): action = 1, major = 8, minor = 60, devname = sdd12, devtype = partition
02-20 11:44:21.974   467   474 V vold    : handleBlockEvent(): action = 1, major = 8, minor = 61, devname = sdd13, devtype = partition
02-20 11:44:21.974   467   474 V vold    : handleBlockEvent(): action = 1, major = 8, minor = 62, devname = sdd14, devtype = partition
02-20 11:44:21.974   467   474 V vold    : handleBlockEvent(): action = 1, major = 8, minor = 63, devname = sdd15, devtype = partition
02-20 11:44:21.974   467   474 V vold    : handleBlockEvent(): action = 1, major = 259, minor = 0, devname = sdd16, devtype = partition
02-20 11:44:21.974   467   474 V vold    : handleBlockEvent(): action = 1, major = 259, minor = 1, devname = sdd17, devtype = partition
02-20 11:44:21.974   467   474 V vold    : handleBlockEvent(): action = 1, major = 259, minor = 2, devname = sdd18, devtype = partition
02-20 11:44:21.974   467   474 V vold    : handleBlockEvent(): action = 1, major = 259, minor = 3, devname = sdd19, devtype = partition
02-20 11:44:21.974   467   474 V vold    : handleBlockEvent(): action = 1, major = 259, minor = 4, devname = sdd20, devtype = partition
02-20 11:44:21.974   467   474 V vold    : handleBlockEvent(): action = 1, major = 259, minor = 5, devname = sdd21, devtype = partition
02-20 11:44:21.974   467   474 V vold    : handleBlockEvent(): action = 1, major = 259, minor = 6, devname = sdd22, devtype = partition
02-20 11:44:21.974   467   474 V vold    : handleBlockEvent(): action = 1, major = 259, minor = 7, devname = sdd23, devtype = partition
02-20 11:44:21.975   467   474 V vold    : handleBlockEvent(): action = 1, major = 259, minor = 8, devname = sdd24, devtype = partition
02-20 11:44:21.975   467   474 V vold    : handleBlockEvent(): action = 1, major = 259, minor = 9, devname = sdd25, devtype = partition
02-20 11:44:21.975   467   474 V vold    : handleBlockEvent(): action = 1, major = 259, minor = 10, devname = sdd26, devtype = partition
02-20 11:44:21.975   467   474 V vold    : handleBlockEvent(): action = 1, major = 259, minor = 11, devname = sdd27, devtype = partition
02-20 11:44:21.975   467   474 V vold    : handleBlockEvent(): action = 1, major = 259, minor = 12, devname = sdd28, devtype = partition
02-20 11:44:21.975   467   474 V vold    : handleBlockEvent(): action = 1, major = 259, minor = 13, devname = sdd29, devtype = partition
02-20 11:44:21.975   467   474 V vold    : handleBlockEvent(): action = 1, major = 259, minor = 14, devname = sdd30, devtype = partition
02-20 11:44:21.975   467   474 V vold    : handleBlockEvent(): action = 1, major = 259, minor = 15, devname = sdd31, devtype = partition
02-20 11:44:21.975   467   474 V vold    : handleBlockEvent(): action = 1, major = 259, minor = 16, devname = sdd32, devtype = partition
02-20 11:44:21.975   467   474 V vold    : handleBlockEvent(): action = 1, major = 259, minor = 17, devname = sdd33, devtype = partition
02-20 11:44:21.975   467   474 V vold    : handleBlockEvent(): action = 1, major = 259, minor = 18, devname = sdd34, devtype = partition
02-20 11:44:21.975   467   474 V vold    : handleBlockEvent(): action = 1, major = 259, minor = 19, devname = sdd35, devtype = partition
02-20 11:44:21.975   467   474 V vold    : handleBlockEvent(): action = 1, major = 259, minor = 20, devname = sdd36, devtype = partition
02-20 11:44:21.975   467   474 V vold    : handleBlockEvent(): action = 1, major = 259, minor = 21, devname = sdd37, devtype = partition
02-20 11:44:21.975   467   474 V vold    : handleBlockEvent(): action = 1, major = 259, minor = 22, devname = sdd38, devtype = partition
02-20 11:44:21.975   467   474 V vold    : handleBlockEvent(): action = 1, major = 259, minor = 23, devname = sdd39, devtype = partition
02-20 11:44:21.975   467   474 V vold    : handleBlockEvent(): action = 1, major = 259, minor = 24, devname = sdd40, devtype = partition
02-20 11:44:21.975   467   474 V vold    : handleBlockEvent(): action = 1, major = 259, minor = 25, devname = sdd41, devtype = partition
02-20 11:44:21.975   467   474 V vold    : handleBlockEvent(): action = 1, major = 259, minor = 26, devname = sdd42, devtype = partition
02-20 11:44:21.975   467   474 V vold    : handleBlockEvent(): action = 1, major = 259, minor = 27, devname = sdd43, devtype = partition
02-20 11:44:21.975   467   474 V vold    : handleBlockEvent(): action = 1, major = 259, minor = 28, devname = sdd44, devtype = partition
02-20 11:44:21.975   467   474 V vold    : handleBlockEvent(): action = 1, major = 259, minor = 29, devname = sdd45, devtype = partition
02-20 11:44:21.975   467   474 V vold    : handleBlockEvent(): action = 1, major = 259, minor = 30, devname = sdd46, devtype = partition
02-20 11:44:21.975   467   474 V vold    : handleBlockEvent(): action = 1, major = 259, minor = 31, devname = sdd47, devtype = partition
02-20 11:44:21.975   467   474 V vold    : handleBlockEvent(): action = 1, major = 259, minor = 32, devname = sdd48, devtype = partition
02-20 11:44:21.975   467   474 V vold    : handleBlockEvent(): action = 1, major = 259, minor = 33, devname = sdd49, devtype = partition
02-20 11:44:21.975   467   474 V vold    : handleBlockEvent(): action = 1, major = 259, minor = 34, devname = sdd50, devtype = partition
02-20 11:44:21.975   467   474 V vold    : handleBlockEvent(): action = 1, major = 259, minor = 35, devname = sdd51, devtype = partition
02-20 11:44:21.975   467   474 V vold    : handleBlockEvent(): action = 1, major = 259, minor = 36, devname = sdd52, devtype = partition
02-20 11:44:21.976   467   474 V vold    : handleBlockEvent(): action = 1, major = 259, minor = 37, devname = sdd53, devtype = partition
02-20 11:44:21.976   467   474 V vold    : handleBlockEvent(): action = 1, major = 259, minor = 38, devname = sdd54, devtype = partition
02-20 11:44:21.976   467   474 V vold    : handleBlockEvent(): action = 1, major = 259, minor = 39, devname = sdd55, devtype = partition
02-20 11:44:21.976   467   474 V vold    : handleBlockEvent(): action = 1, major = 253, minor = 0, devname = dm-0, devtype = disk
02-20 11:44:21.976   467   474 V vold    : handleBlockEvent(): action = 1, major = 253, minor = 1, devname = dm-1, devtype = disk
02-20 11:44:21.976   467   474 V vold    : handleBlockEvent(): action = 1, major = 253, minor = 2, devname = dm-2, devtype = disk
02-20 11:44:21.976   467   474 V vold    : handleBlockEvent(): action = 1, major = 253, minor = 3, devname = dm-3, devtype = disk
02-20 11:44:21.976   467   474 V vold    : handleBlockEvent(): action = 1, major = 253, minor = 4, devname = dm-4, devtype = disk
02-20 11:44:21.976   467   474 V vold    : handleBlockEvent(): action = 1, major = 253, minor = 5, devname = dm-5, devtype = disk
02-20 11:44:21.976   467   474 V vold    : handleBlockEvent(): action = 1, major = 1, minor = 0, devname = ram0, devtype = disk
02-20 11:44:21.976   467   474 V vold    : handleBlockEvent(): action = 1, major = 1, minor = 1, devname = ram1, devtype = disk
02-20 11:44:21.976   467   474 V vold    : handleBlockEvent(): action = 1, major = 1, minor = 2, devname = ram2, devtype = disk
02-20 11:44:21.976   467   474 V vold    : handleBlockEvent(): action = 1, major = 1, minor = 3, devname = ram3, devtype = disk
02-20 11:44:21.976   467   474 V vold    : handleBlockEvent(): action = 1, major = 7, minor = 0, devname = loop0, devtype = disk
02-20 11:44:21.977   467   474 V vold    : handleBlockEvent(): action = 1, major = 7, minor = 1, devname = loop1, devtype = disk
02-20 11:44:21.977   467   474 V vold    : handleBlockEvent(): action = 1, major = 7, minor = 2, devname = loop2, devtype = disk
02-20 11:44:21.977   467   474 V vold    : handleBlockEvent(): action = 1, major = 7, minor = 3, devname = loop3, devtype = disk
02-20 11:44:21.977   467   474 V vold    : handleBlockEvent(): action = 1, major = 7, minor = 4, devname = loop4, devtype = disk
02-20 11:44:21.977   467   474 V vold    : handleBlockEvent(): action = 1, major = 7, minor = 5, devname = loop5, devtype = disk
02-20 11:44:21.977   467   474 V vold    : handleBlockEvent(): action = 1, major = 7, minor = 6, devname = loop6, devtype = disk
02-20 11:44:21.977   467   474 V vold    : handleBlockEvent(): action = 1, major = 7, minor = 7, devname = loop7, devtype = disk
02-20 11:44:21.978   467   474 V vold    : handleBlockEvent(): action = 1, major = 254, minor = 0, devname = zram0, devtype = disk
02-20 11:44:21.979   467   474 V vold    : handleBlockEvent(): action = 1, major = 8, minor = 0, devname = sda, devtype = disk
02-20 11:44:21.979   467   474 V vold    : handleBlockEvent(): action = 1, major = 8, minor = 16, devname = sdb, devtype = disk
02-20 11:44:21.979   467   474 V vold    : handleBlockEvent(): action = 1, major = 8, minor = 32, devname = sdc, devtype = disk
02-20 11:44:21.979   467   474 V vold    : handleBlockEvent(): action = 1, major = 8, minor = 33, devname = sdc1, devtype = partition
02-20 11:44:21.979   467   474 V vold    : handleBlockEvent(): action = 1, major = 8, minor = 34, devname = sdc2, devtype = partition
02-20 11:44:21.979   467   474 V vold    : handleBlockEvent(): action = 1, major = 8, minor = 35, devname = sdc3, devtype = partition
02-20 11:44:21.979   467   474 V vold    : handleBlockEvent(): action = 1, major = 8, minor = 48, devname = sdd, devtype = disk
02-20 11:44:21.979   467   474 V vold    : handleBlockEvent(): action = 1, major = 8, minor = 49, devname = sdd1, devtype = partition
02-20 11:44:21.979   467   474 V vold    : handleBlockEvent(): action = 1, major = 8, minor = 50, devname = sdd2, devtype = partition
02-20 11:44:21.979   467   474 V vold    : handleBlockEvent(): action = 1, major = 8, minor = 51, devname = sdd3, devtype = partition
02-20 11:44:21.979   467   474 V vold    : handleBlockEvent(): action = 1, major = 8, minor = 52, devname = sdd4, devtype = partition
02-20 11:44:21.979   467   474 V vold    : handleBlockEvent(): action = 1, major = 8, minor = 53, devname = sdd5, devtype = partition
02-20 11:44:21.979   467   474 V vold    : handleBlockEvent(): action = 1, major = 8, minor = 54, devname = sdd6, devtype = partition
02-20 11:44:21.979   467   474 V vold    : handleBlockEvent(): action = 1, major = 8, minor = 55, devname = sdd7, devtype = partition
02-20 11:44:21.979   467   474 V vold    : handleBlockEvent(): action = 1, major = 8, minor = 56, devname = sdd8, devtype = partition
02-20 11:44:21.980   467   474 V vold    : handleBlockEvent(): action = 1, major = 8, minor = 57, devname = sdd9, devtype = partition
02-20 11:44:21.980   467   474 V vold    : handleBlockEvent(): action = 1, major = 8, minor = 58, devname = sdd10, devtype = partition
02-20 11:44:21.980   467   474 V vold    : handleBlockEvent(): action = 1, major = 8, minor = 59, devname = sdd11, devtype = partition
02-20 11:44:21.980   467   474 V vold    : handleBlockEvent(): action = 1, major = 8, minor = 60, devname = sdd12, devtype = partition
02-20 11:44:21.980   467   474 V vold    : handleBlockEvent(): action = 1, major = 8, minor = 61, devname = sdd13, devtype = partition
02-20 11:44:21.980   467   474 V vold    : handleBlockEvent(): action = 1, major = 8, minor = 62, devname = sdd14, devtype = partition
02-20 11:44:21.980   467   474 V vold    : handleBlockEvent(): action = 1, major = 8, minor = 63, devname = sdd15, devtype = partition
02-20 11:44:21.980   467   474 V vold    : handleBlockEvent(): action = 1, major = 259, minor = 0, devname = sdd16, devtype = partition
02-20 11:44:21.980   467   474 V vold    : handleBlockEvent(): action = 1, major = 259, minor = 1, devname = sdd17, devtype = partition
02-20 11:44:21.980   467   474 V vold    : handleBlockEvent(): action = 1, major = 259, minor = 2, devname = sdd18, devtype = partition
02-20 11:44:21.980   467   474 V vold    : handleBlockEvent(): action = 1, major = 259, minor = 3, devname = sdd19, devtype = partition
02-20 11:44:21.980   467   474 V vold    : handleBlockEvent(): action = 1, major = 259, minor = 4, devname = sdd20, devtype = partition
02-20 11:44:21.980   467   474 V vold    : handleBlockEvent(): action = 1, major = 259, minor = 5, devname = sdd21, devtype = partition
02-20 11:44:21.980   467   474 V vold    : handleBlockEvent(): action = 1, major = 259, minor = 6, devname = sdd22, devtype = partition
02-20 11:44:21.980   467   474 V vold    : handleBlockEvent(): action = 1, major = 259, minor = 7, devname = sdd23, devtype = partition
02-20 11:44:21.980   467   474 V vold    : handleBlockEvent(): action = 1, major = 259, minor = 8, devname = sdd24, devtype = partition
02-20 11:44:21.980   467   474 V vold    : handleBlockEvent(): action = 1, major = 259, minor = 9, devname = sdd25, devtype = partition
02-20 11:44:21.980   467   474 V vold    : handleBlockEvent(): action = 1, major = 259, minor = 10, devname = sdd26, devtype = partition
02-20 11:44:21.980   467   474 V vold    : handleBlockEvent(): action = 1, major = 259, minor = 11, devname = sdd27, devtype = partition
02-20 11:44:21.980   467   474 V vold    : handleBlockEvent(): action = 1, major = 259, minor = 12, devname = sdd28, devtype = partition
02-20 11:44:21.980   467   474 V vold    : handleBlockEvent(): action = 1, major = 259, minor = 13, devname = sdd29, devtype = partition
02-20 11:44:21.980   467   474 V vold    : handleBlockEvent(): action = 1, major = 259, minor = 14, devname = sdd30, devtype = partition
02-20 11:44:21.980   467   474 V vold    : handleBlockEvent(): action = 1, major = 259, minor = 15, devname = sdd31, devtype = partition
02-20 11:44:21.980   467   474 V vold    : handleBlockEvent(): action = 1, major = 259, minor = 16, devname = sdd32, devtype = partition
02-20 11:44:21.980   467   474 V vold    : handleBlockEvent(): action = 1, major = 259, minor = 17, devname = sdd33, devtype = partition
02-20 11:44:21.980   467   474 V vold    : handleBlockEvent(): action = 1, major = 259, minor = 18, devname = sdd34, devtype = partition
02-20 11:44:21.980   467   474 V vold    : handleBlockEvent(): action = 1, major = 259, minor = 19, devname = sdd35, devtype = partition
02-20 11:44:21.981   467   474 V vold    : handleBlockEvent(): action = 1, major = 259, minor = 20, devname = sdd36, devtype = partition
02-20 11:44:21.981   467   474 V vold    : handleBlockEvent(): action = 1, major = 259, minor = 21, devname = sdd37, devtype = partition
02-20 11:44:21.981   467   474 V vold    : handleBlockEvent(): action = 1, major = 259, minor = 22, devname = sdd38, devtype = partition
02-20 11:44:21.981   467   474 V vold    : handleBlockEvent(): action = 1, major = 259, minor = 23, devname = sdd39, devtype = partition
02-20 11:44:21.981   467   474 V vold    : handleBlockEvent(): action = 1, major = 259, minor = 24, devname = sdd40, devtype = partition
02-20 11:44:21.981   467   474 V vold    : handleBlockEvent(): action = 1, major = 259, minor = 25, devname = sdd41, devtype = partition
02-20 11:44:21.981   467   474 V vold    : handleBlockEvent(): action = 1, major = 259, minor = 26, devname = sdd42, devtype = partition
02-20 11:44:21.981   467   474 V vold    : handleBlockEvent(): action = 1, major = 259, minor = 27, devname = sdd43, devtype = partition
02-20 11:44:21.981   467   474 V vold    : handleBlockEvent(): action = 1, major = 259, minor = 28, devname = sdd44, devtype = partition
02-20 11:44:21.981   467   474 V vold    : handleBlockEvent(): action = 1, major = 259, minor = 29, devname = sdd45, devtype = partition
02-20 11:44:21.981   467   474 V vold    : handleBlockEvent(): action = 1, major = 259, minor = 30, devname = sdd46, devtype = partition
02-20 11:44:21.981   467   474 V vold    : handleBlockEvent(): action = 1, major = 259, minor = 31, devname = sdd47, devtype = partition
02-20 11:44:21.981   467   474 V vold    : handleBlockEvent(): action = 1, major = 259, minor = 32, devname = sdd48, devtype = partition
02-20 11:44:21.981   467   474 V vold    : handleBlockEvent(): action = 1, major = 259, minor = 33, devname = sdd49, devtype = partition
02-20 11:44:21.981   467   474 V vold    : handleBlockEvent(): action = 1, major = 259, minor = 34, devname = sdd50, devtype = partition
02-20 11:44:21.981   467   474 V vold    : handleBlockEvent(): action = 1, major = 259, minor = 35, devname = sdd51, devtype = partition
02-20 11:44:21.981   467   474 V vold    : handleBlockEvent(): action = 1, major = 259, minor = 36, devname = sdd52, devtype = partition
02-20 11:44:21.981   467   474 V vold    : handleBlockEvent(): action = 1, major = 259, minor = 37, devname = sdd53, devtype = partition
02-20 11:44:21.981   467   474 V vold    : handleBlockEvent(): action = 1, major = 259, minor = 38, devname = sdd54, devtype = partition
02-20 11:44:21.981   467   474 V vold    : handleBlockEvent(): action = 1, major = 259, minor = 39, devname = sdd55, devtype = partition
02-20 11:44:21.981   467   474 V vold    : handleBlockEvent(): action = 1, major = 253, minor = 0, devname = dm-0, devtype = disk
02-20 11:44:21.981   467   474 V vold    : handleBlockEvent(): action = 1, major = 253, minor = 1, devname = dm-1, devtype = disk
02-20 11:44:21.981   467   474 V vold    : handleBlockEvent(): action = 1, major = 253, minor = 2, devname = dm-2, devtype = disk
02-20 11:44:21.982   467   474 V vold    : handleBlockEvent(): action = 1, major = 253, minor = 3, devname = dm-3, devtype = disk
02-20 11:44:21.982   467   474 V vold    : handleBlockEvent(): action = 1, major = 253, minor = 4, devname = dm-4, devtype = disk
02-20 11:44:21.982   467   474 V vold    : handleBlockEvent(): action = 1, major = 253, minor = 5, devname = dm-5, devtype = disk
02-20 11:44:21.982   467   474 V vold    : handleBlockEvent(): action = 1, major = 1, minor = 0, devname = ram0, devtype = disk
02-20 11:44:21.982   467   474 V vold    : handleBlockEvent(): action = 1, major = 1, minor = 1, devname = ram1, devtype = disk
02-20 11:44:21.982   467   474 V vold    : handleBlockEvent(): action = 1, major = 1, minor = 2, devname = ram2, devtype = disk
02-20 11:44:21.982   467   474 V vold    : handleBlockEvent(): action = 1, major = 1, minor = 3, devname = ram3, devtype = disk
02-20 11:44:21.982   467   474 V vold    : handleBlockEvent(): action = 1, major = 7, minor = 0, devname = loop0, devtype = disk
02-20 11:44:21.982   467   474 V vold    : handleBlockEvent(): action = 1, major = 7, minor = 1, devname = loop1, devtype = disk
02-20 11:44:21.982   467   474 V vold    : handleBlockEvent(): action = 1, major = 7, minor = 2, devname = loop2, devtype = disk
02-20 11:44:21.983   467   474 V vold    : handleBlockEvent(): action = 1, major = 7, minor = 3, devname = loop3, devtype = disk
02-20 11:44:21.983   467   474 V vold    : handleBlockEvent(): action = 1, major = 7, minor = 4, devname = loop4, devtype = disk
02-20 11:44:21.983   467   474 V vold    : handleBlockEvent(): action = 1, major = 7, minor = 5, devname = loop5, devtype = disk
02-20 11:44:21.983   467   474 V vold    : handleBlockEvent(): action = 1, major = 7, minor = 6, devname = loop6, devtype = disk
02-20 11:44:21.983   467   474 V vold    : handleBlockEvent(): action = 1, major = 7, minor = 7, devname = loop7, devtype = disk
02-20 11:44:21.983   467   474 V vold    : handleBlockEvent(): action = 1, major = 254, minor = 0, devname = zram0, devtype = disk
02-20 11:44:23.231   578   578 I vendor.huawei.hardware.wifi@1.1-service: Wifi Hal 1.1 is starting up...
02-20 11:44:23.249   467   475 D VoldCmdListener: volume storagetosd
02-20 11:44:23.304   661   661 I wificond: wificond is starting up...
02-20 11:44:23.318   661   661 W wificond: enter wifi_stop_supplicant ...
02-20 11:44:23.318   661   661 W wificond: supplicant prop is null, wait at most 2 seconds for completion
02-20 11:44:23.545   653   653 I installd: installd firing up
02-20 11:44:23.974   659   973 I /system/bin/storaged: storaged: Start
02-20 11:44:24.993  1188  1188 I chatty  : uid=1000 system_server expire 183 lines
02-20 11:44:25.196  1188  1232 I chatty  : uid=1000 system_server expire 14 lines
02-20 11:44:25.575  1188  1247 I chatty  : uid=1000(system) android.display expire 12 lines
02-20 11:44:26.820  1188  1315 I chatty  : uid=1000 system_server expire 1 line
02-20 11:44:26.820  1188  1321 I chatty  : uid=1000 system_server expire 2 lines
02-20 11:44:26.820  1188  1314 I chatty  : uid=1000 system_server expire 1 line
02-20 11:44:26.820  1188  1317 I chatty  : uid=1000 system_server expire 1 line
02-20 11:44:26.820  1188  1316 I chatty  : uid=1000 system_server expire 1 line
02-20 11:44:26.823  1188  1320 I chatty  : uid=1000 system_server expire 1 line
02-20 11:44:26.823  1188  1322 I chatty  : uid=1000 system_server expire 1 line
02-20 11:44:26.826  1188  1324 I chatty  : uid=1000 system_server expire 2 lines
02-20 11:44:26.826  1188  1331 I chatty  : uid=1000 system_server expire 1 line
02-20 11:44:26.826  1188  1325 I chatty  : uid=1000 system_server expire 1 line
02-20 11:44:26.827  1188  1328 I chatty  : uid=1000 system_server expire 1 line
02-20 11:44:26.829  1188  1329 I chatty  : uid=1000 system_server expire 1 line
02-20 11:44:26.831  1188  1330 I chatty  : uid=1000 system_server expire 1 line
02-20 11:44:26.833  1188  1326 I chatty  : uid=1000 system_server expire 2 lines
02-20 11:44:26.841  1188  1334 I chatty  : uid=1000 system_server expire 4 lines
02-20 11:44:26.842  1188  1336 I chatty  : uid=1000 system_server expire 3 lines
02-20 11:44:26.846  1188  1338 I chatty  : uid=1000 system_server expire 3 lines
02-20 11:44:26.847  1188  1337 I chatty  : uid=1000 system_server expire 3 lines
02-20 11:44:26.847  1188  1333 I chatty  : uid=1000 system_server expire 2 lines
02-20 11:44:26.848  1188  1332 I chatty  : uid=1000 system_server expire 2 lines
02-20 11:44:26.849  1188  1339 I chatty  : uid=1000 system_server expire 1 line
02-20 11:44:26.850  1188  1335 I chatty  : uid=1000 system_server expire 2 lines
02-20 11:44:26.858  1188  1340 I chatty  : uid=1000 system_server expire 1 line
02-20 11:44:26.865  1188  1343 I chatty  : uid=1000 system_server expire 1 line
02-20 11:44:26.865  1188  1344 I chatty  : uid=1000 system_server expire 1 line
02-20 11:44:26.865  1188  1342 I chatty  : uid=1000 system_server expire 1 line
02-20 11:44:26.869  1188  1345 I chatty  : uid=1000 system_server expire 1 line
02-20 11:44:26.871  1188  1347 I chatty  : uid=1000 system_server expire 2 lines
02-20 11:44:26.872  1188  1346 I chatty  : uid=1000 system_server expire 1 line
02-20 11:44:26.874  1188  1348 I chatty  : uid=1000 system_server expire 1 line
02-20 11:44:26.962  1188  1356 I chatty  : uid=1000 system_server expire 3 lines
02-20 11:44:28.228  1188  1188 I chatty  : uid=1000 system_server expire 193 lines
02-20 11:44:28.236  1188  1395 I chatty  : uid=1000 system_server expire 3 lines
02-20 11:44:28.236  1188  1232 I chatty  : uid=1000 system_server expire 1 line
02-20 11:44:28.253  1188  1388 I chatty  : uid=1000 system_server expire 14 lines
02-20 11:44:28.467  1188  1247 I chatty  : uid=1000(system) android.display expire 21 lines
02-20 11:44:28.497  1188  1239 I chatty  : uid=1000(system) android.ui expire 3 lines
02-20 11:44:28.516  1188  1409 I chatty  : uid=1000 system_server expire 3 lines
02-20 11:44:28.637  1188  1418 I chatty  : uid=1000(system) VoldConnector expire 3 lines
02-20 11:44:28.637  1188  1419 I chatty  : uid=1000(system) CryptdConnector expire 2 lines
02-20 11:44:28.639  1188  1415 I chatty  : uid=1000(system) StorageManagerS expire 16 lines
02-20 11:44:28.643   467   475 D VoldCmdListener: asec list
02-20 11:44:28.789   467   475 D VoldCmdListener: asec list
02-20 11:44:28.791  1188  1410 I chatty  : uid=1000(system) InputDispatcher expire 10 lines
02-20 11:44:28.818  1188  1235 I chatty  : uid=1000(system) android.bg expire 1 line
02-20 11:44:28.871  1188  1421 I chatty  : uid=1000(system) NetdConnector expire 6 lines
02-20 11:44:28.881  1188  1383 I chatty  : uid=1000 system_server expire 2 lines
02-20 11:44:29.065  1188  1431 I chatty  : uid=1000(system) IpManager.wlan0 expire 2 lines
02-20 11:44:29.132  1188  1438 I chatty  : uid=1000(system) WifiP2pService expire 1 line
02-20 11:44:29.296  1188  1188 I chatty  : uid=1000 system_server expire 180 lines
02-20 11:44:29.305  1188  1454 I chatty  : uid=1000(system) nt.EventHandler expire 2 lines
02-20 11:44:29.323  1188  1262 I chatty  : uid=1000(system) HwBinder:1188_1 expire 1 line
02-20 11:44:29.340  1188  1441 I chatty  : uid=1000(system) ConnectivitySer expire 3 lines
02-20 11:44:29.368  1188  1461 I chatty  : uid=1000(system) SdCryptdConnect expire 1 line
02-20 11:44:29.537  1188  1492 I chatty  : uid=1000(system) StatisticsCHRMs expire 4 lines
02-20 11:44:29.565  1188  1504 I chatty  : uid=1000(system) EthernetService expire 1 line
02-20 11:44:29.567  1188  1421 I chatty  : uid=1000(system) NetdConnector expire 54 lines
02-20 11:44:29.581  1188  1505 I chatty  : uid=1000 system_server expire 3 lines
02-20 11:44:29.665  1188  1508 I chatty  : uid=1000(system) EyeProtectionCo expire 6 lines
02-20 11:44:29.673  1188  1188 I chatty  : uid=1000 system_server expire 125 lines
02-20 11:44:29.674  1188  1250 I chatty  : uid=1000(system) PowerManagerSer expire 6 lines
02-20 11:44:29.693  1188  1513 I chatty  : uid=1000 system_server expire 1 line
02-20 11:44:29.759  1188  1247 I chatty  : uid=1000(system) android.display expire 4 lines
02-20 11:44:30.005   578   578 I vendor.huawei.hardware.wifi@1.1-service: Wifi HAL started
02-20 11:44:30.276  1188  1238 I chatty  : uid=1000(system) ActivityManager expire 6 lines
02-20 11:44:30.320  1188  1415 I chatty  : uid=1000(system) StorageManagerS expire 10 lines
02-20 11:44:30.321  1188  1236 I chatty  : uid=1000(system) HwActivityManag expire 3 lines
02-20 11:44:30.322   467   475 D VoldCmdListener: volume reset
02-20 11:44:30.322   467   475 W vold    : VolumeBase::setState(): Volume emulated State changing Unmounted->Removed
02-20 11:44:30.322   467   475 W SocketListener: sending broadcast to Pid = 1188, Uid = 1000 
02-20 11:44:30.322   467   475 W SocketListener: sending broadcast to Pid = 1188, Uid = 1000 
02-20 11:44:30.322   467   475 W SocketListener: sending broadcast to Pid = 1188, Uid = 1000 
02-20 11:44:30.322   467   475 W SocketListener: sending broadcast to Pid = 1188, Uid = 1000 
02-20 11:44:30.322   467   475 I chatty  : uid=0(root) /system/bin/vold identical 5 lines
02-20 11:44:30.322   467   475 W SocketListener: sending broadcast to Pid = 1188, Uid = 1000 
02-20 11:44:30.322   467   475 W vold    : VolumeBase::setState(): Volume emulated State changing Removed->Unmounted
02-20 11:44:30.322   467   475 W SocketListener: sending broadcast to Pid = 1188, Uid = 1000 
02-20 11:44:30.322   467   475 W SocketListener: sending broadcast to Pid = 1188, Uid = 1000 
02-20 11:44:30.323  1188  1418 I chatty  : uid=1000(system) VoldConnector expire 11 lines
02-20 11:44:30.323  1188  1245 I chatty  : uid=1000(system) android.fg expire 10 lines
02-20 11:44:30.325   467   475 D VoldCmdListener: volume user_added 0 0
02-20 11:44:30.337   467   475 D VoldCmdListener: volume mount emulated 3 -1 -1
02-20 11:44:30.337   467   475 D VoldCmdListener: blockedUserId -1
02-20 11:44:30.337   467   475 W vold    : VolumeBase::setState(): Volume emulated State changing Unmounted->Checking
02-20 11:44:30.337   467   475 W SocketListener: sending broadcast to Pid = 1188, Uid = 1000 
02-20 11:44:30.338   467   475 W SocketListener: sending broadcast to Pid = 1188, Uid = 1000 
02-20 11:44:30.338   467   475 W vold    : EmulatedVolume::doMount(): mFuseDefault is /mnt/runtime/default/emulated
02-20 11:44:30.338   467   475 W vold    : EmulatedVolume::doMount(): mFuseRead is /mnt/runtime/read/emulated
02-20 11:44:30.338   467   475 W vold    : EmulatedVolume::doMount(): mFuseWrite is /mnt/runtime/write/emulated
02-20 11:44:30.338   467   475 W vold    : EmulatedVolume::doMount(): mRawPath is /data/media
02-20 11:44:30.347  1518  1518 D ActivityThread: ActivityThread,attachApplication
02-20 11:44:30.352   467   475 D vold    : EmulatedVolume::doMount(), Successfully to mount internal SD card
02-20 11:44:30.352   467   475 W vold    : VolumeBase::setState(): Volume emulated State changing Checking->Mounted
02-20 11:44:30.352   467   475 W SocketListener: sending broadcast to Pid = 1188, Uid = 1000 
02-20 11:44:30.352   467   475 W SocketListener: sending broadcast to Pid = 1188, Uid = 1000 
02-20 11:44:30.352   467   475 W vold    : emulated user change requires state unmounted or unmountable
02-20 11:44:30.361  1188  1515 I chatty  : uid=1000(system) Binder:1188_3 expire 4 lines
02-20 11:44:30.369  1188  1387 I chatty  : uid=1000 system_server expire 7 lines
02-20 11:44:30.369  1188  1262 I chatty  : uid=1000(system) HwBinder:1188_1 expire 1 line
02-20 11:44:30.371  1529  1529 D ActivityThread: ActivityThread,attachApplication
02-20 11:44:30.374  1188  1451 I chatty  : uid=1000(system) AudioService expire 1 line
02-20 11:44:30.395  1188  1421 I chatty  : uid=1000(system) NetdConnector expire 50 lines
02-20 11:44:30.400  1552  1552 D ActivityThread: ActivityThread,attachApplication
02-20 11:44:30.419  1188  1423 I chatty  : uid=1000(system) NetworkPolicy expire 5 lines
02-20 11:44:30.584  1188  1646 I chatty  : uid=1000(system) watchdog expire 1 line
02-20 11:44:30.591  1188  1647 I chatty  : uid=1000 system_server expire 5 lines
02-20 11:44:30.596  1188  1188 I chatty  : uid=1000 system_server expire 98 lines
02-20 11:44:30.625  1188  1441 I chatty  : uid=1000(system) ConnectivitySer expire 1 line
02-20 11:44:30.630   686   686 I libgps  : proxy_gps_get_extension() GPS_NAVIGATION_MESSAGE_INTERFACE
02-20 11:44:30.630   686   686 I libgps  : proxy_gps_get_extension() GPS_MEASUREMENT_INTERFACE
02-20 11:44:30.631   686   686 I libgps  : proxy_gps_get_extension() GNSS_CONFIGURATION_INTERFACE
02-20 11:44:30.641   686   686 D libgps  : proxy_gps_init: called.
02-20 11:44:30.641   686   686 D libgps  : gps_client_init: called.
02-20 11:44:30.642   509  1125 W SocketListener: sending broadcast to Pid = 1188, Uid = 1000 
02-20 11:44:30.642  1188  1421 I chatty  : uid=1000(system) NetdConnector expire 14 lines
02-20 11:44:30.643  1188  1245 I chatty  : uid=1000(system) android.fg expire 3 lines
02-20 11:44:30.648   686  1674 D libgps  : proxy_set_system_info_cb: called.
02-20 11:44:30.649   686  1674 D libgps  : proxy_gps_set_capabilities_cb: called.
02-20 11:44:30.653  1188  1422 I chatty  : uid=1000(system) NetworkStats expire 4 lines
02-20 11:44:30.664   661   661 I wificond: create scanner for interface with index: 26
02-20 11:44:30.664   661   661 I wificond: subscribe scan result for interface with index: 26
02-20 11:44:30.666  1188  1426 I chatty  : uid=1000(system) WifiStateMachin expire 5 lines
02-20 11:44:30.673   661   661 W wificond: enter StartSupplicant ...
02-20 11:44:30.675   661   661 W wificond: wifi_start_supplicant try to wait start
02-20 11:44:30.694   686   686 D libgps  : proxy_gps_xtra_init: called.
02-20 11:44:30.695   686   686 D libgps  : proxy_agps_init: called.
02-20 11:44:30.697   686   686 D libgps  : proxy_gps_cleanup: called.
02-20 11:44:30.712  1529  1529 I HwGeneralManager: isSupportTrikey is:false
02-20 11:44:30.716  1695  1695 D ActivityThread: ActivityThread,attachApplication
02-20 11:44:30.745  1711  1711 D ActivityThread: ActivityThread,attachApplication
02-20 11:44:30.756  1727  1727 D ActivityThread: ActivityThread,attachApplication
02-20 11:44:30.764  1745  1745 D ActivityThread: ActivityThread,attachApplication
02-20 11:44:30.773   509  1125 W SocketListener: sending broadcast to Pid = 1188, Uid = 1000 
02-20 11:44:30.773   509  1125 W SocketListener: sending broadcast to Pid = 1188, Uid = 1000 
02-20 11:44:30.774  1758  1758 D ActivityThread: ActivityThread,attachApplication
02-20 11:44:30.826  1188  1200 I chatty  : uid=1000(system) Binder:1188_1 expire 9 lines
02-20 11:44:30.831  1188  1732 I chatty  : uid=1000(system) Binder:1188_5 expire 24 lines
02-20 11:44:30.834  1791  1791 D ActivityThread: ActivityThread,attachApplication
02-20 11:44:30.835  1188  1763 I chatty  : uid=1000(system) Binder:1188_8 expire 2 lines
02-20 11:44:30.840  1188  1733 I chatty  : uid=1000(system) Binder:1188_6 expire 13 lines
02-20 11:44:30.840  1188  1250 I chatty  : uid=1000(system) PowerManagerSer expire 6 lines
02-20 11:44:30.848  1188  1201 I chatty  : uid=1000(system) Binder:1188_2 expire 2 lines
02-20 11:44:30.953  1188  1386 I chatty  : uid=1000(system) android.anim expire 14 lines
02-20 11:44:30.965  1188  1655 I chatty  : uid=1000(system) LocationThread expire 12 lines
02-20 11:44:30.991  1529  1700 E ActivityThread: Failed to find provider info for com.huawei.vdrive.mirrorlinktogo
02-20 11:44:31.090  1188  1780 I chatty  : uid=1000(system) Binder:1188_9 expire 6 lines
02-20 11:44:31.117  1188  1428 I chatty  : uid=1000(system) HwWifiCHRStateM expire 4 lines
02-20 11:44:31.135  1188  1243 I chatty  : uid=1000(system) batterystats-sy expire 1 line
02-20 11:44:31.136  1727  1727 I HwServerApplication: startNonHardAccelPkgsService...
02-20 11:44:31.139  1188  1842 I chatty  : uid=1000(system) Binder:1188_A expire 2 lines
02-20 11:44:31.141  1745  1745 W ContextImpl: Calling a method in the system process without a qualified user: android.app.ContextImpl.startService:1656 android.content.ContextWrapper.startService:644 com.huawei.powergenie.core.PGApp.onCreate:49 android.app.Instrumentation.callApplicationOnCreate:1122 android.app.ActivityThread.handleBindApplication:6619 
02-20 11:44:31.143  1727  1727 I HwServerApplication: start HwUsbHdbEnterService
02-20 11:44:31.147  1695  1695 W ContextImpl: Calling a method in the system process without a qualified user: android.app.ContextImpl.startService:1656 com.huawei.bd.db.BDInnerProvider.onCreate:47 android.content.ContentProvider.attachInfo:1919 android.content.ContentProvider.attachInfo:1894 android.app.ActivityThread.installProvider:7212 
02-20 11:44:31.154  1727  1727 I HwServerApplication: startAntiTheftService
02-20 11:44:31.160  1695  1695 W ContextImpl: Calling a method in the system process without a qualified user: android.app.ContextImpl.startService:1656 android.content.ContextWrapper.startService:644 com.huawei.lcagent.service.HiViewApplication.startLogService:15 com.huawei.lcagent.service.HiViewApplication.onCreate:10 android.app.Instrumentation.callApplicationOnCreate:1122 
02-20 11:44:31.175  1727  1727 I HwServerApplication: start HwSaveDataEnterService
02-20 11:44:31.178  1727  1727 I HwServerApplication: start JankShieldService
02-20 11:44:31.181  1727  1727 W ContextImpl: Calling a method in the system process without a qualified user: android.app.ContextImpl.startService:1656 android.content.ContextWrapper.startService:644 com.huawei.systemserver.HwServerApplication.startJankShieldService:269 com.huawei.systemserver.HwServerApplication.startBootstrapServices:101 com.huawei.systemserver.HwServerApplication.startServices:86 
02-20 11:44:31.188  1727  1727 I HwServerApplication: setupSensorObserver
02-20 11:44:31.192  1888  1888 D ActivityThread: ActivityThread,attachApplication
02-20 11:44:31.213  1791  1791 V ActivityThread: ActivityThread,callActivityOnCreate
02-20 11:44:31.216  1188  1239 I chatty  : uid=1000(system) android.ui expire 3 lines
02-20 11:44:31.217  1188  1844 I chatty  : uid=1000(system) Binder:1188_B expire 8 lines
02-20 11:44:31.218  1727  1727 I HwServerApplication: startCoverManagerService
02-20 11:44:31.221   686   686 D libgps  : proxy_agps_set_server: called, type = 1, hostname = supl.google.com, port = 7275.
02-20 11:44:31.227  1529  1529 V KeyguardViewMediator: updateInputRestrictedLocked 1 isInputApp = false, inputRestricted = false
02-20 11:44:31.230   686   686 I libgps  : proxy_gps_configuration_update: config_data(SUPL_VER=131072
02-20 11:44:31.230   686   686 I libgps  : ) length(16)
02-20 11:44:31.230   686   686 I libgps  : proxy_gps_configuration_update: gps_init not yet done, postpone
02-20 11:44:31.230   686   686 I libgps  : proxy_gps_configuration_update: config_data size: 16
02-20 11:44:31.230   686   686 I libgps  : proxy_gps_configuration_update: config_data(SUPL_MODE=3
02-20 11:44:31.230   686   686 I libgps  : ) length(12)
02-20 11:44:31.230   686   686 I libgps  : proxy_gps_configuration_update: gps_init not yet done, postpone
02-20 11:44:31.230   686   686 I libgps  : proxy_gps_configuration_update: config_data size: 12
02-20 11:44:31.230   686   686 D libgps  : proxy_gps_configuration_update: memory for config_data already allocated, free it
02-20 11:44:31.238  1727  1727 W WindowManager_cover: CoverManager register Hall Sensor result : true
02-20 11:44:31.242   686   686 D libgps  : proxy_gps_init: called.
02-20 11:44:31.242   686   686 D libgps  : gps_client_init: called.
02-20 11:44:31.243  1188  1448 I chatty  : uid=1000(system) onProviders.ECP expire 2 lines
02-20 11:44:31.243   686   686 D libgps  : proxy_gps_xtra_init: called.
02-20 11:44:31.243   686   686 D libgps  : proxy_agps_init: called.
02-20 11:44:31.244   686  1674 D libgps  : proxy_set_system_info_cb: called.
02-20 11:44:31.245   686  1674 D libgps  : proxy_gps_set_capabilities_cb: called.
02-20 11:44:31.245   686  1674 D libgps  : proxy_agps_ril_request_setid_cb: called.
02-20 11:44:31.246   686  1674 D libgps  : proxy_agps_ril_set_set_id: called.
02-20 11:44:31.247   686   686 D libgps  : proxy_agps_set_server: called, type = 1, hostname = supl.google.com, port = 7275.
02-20 11:44:31.288  1695  1695 W ContextImpl: Calling a method in the system process without a qualified user: android.app.ContextImpl.startService:1656 android.content.ContextWrapper.startService:644 com.huawei.bd.BDApplication.startBDService:15 com.huawei.bd.BDApplication.onCreate:10 android.app.Instrumentation.callApplicationOnCreate:1122 
02-20 11:44:31.314  1695  1954 W ContextImpl: Calling a method in the system process without a qualified user: android.app.ContextImpl.sendBroadcast:1095 android.content.ContextWrapper.sendBroadcast:436 com.huawei.lcagent.service.LogCollectService.startAqvServiceByBroadcast:402 com.huawei.lcagent.service.LogCollectService.initialize:212 com.huawei.lcagent.service.LogCollectService.-wrap6:0 
02-20 11:44:31.330  1791  1791 D ActivityThread: add activity client record, r= ActivityRecord{450e0dc token=android.os.BinderProxy@a72687f {com.huawei.android.launcher/com.huawei.android.launcher.unihome.UniHomeLauncher}} token= android.os.BinderProxy@a72687f
02-20 11:44:31.336  1188  1762 I chatty  : uid=1000(system) Binder:1188_7 expire 1 line
02-20 11:44:31.448  1188  1981 I chatty  : uid=1000(system) BluetoothRouteM expire 1 line
02-20 11:44:31.459  1745  1898 W ContextImpl: Calling a method in the system process without a qualified user: android.app.ContextImpl.bindService:1736 android.content.ContextWrapper.bindService:678 com.huawei.android.location.activityrecognition.HwActivityRecognition.bindService:1088 com.huawei.android.location.activityrecognition.HwActivityRecognition.connectService:116 com.huawei.powergenie.core.contextaware.MotionDetection.connectionHwArService:109 
02-20 11:44:31.476  1188  1986 I chatty  : uid=1000(system) uteStateMachine expire 1 line
02-20 11:44:31.486  1188  1987 I chatty  : uid=1000(system) CallAudioModeSt expire 1 line
02-20 11:44:31.518  1188  1992 I chatty  : uid=1000 system_server expire 1 line
02-20 11:44:31.677  1888  1888 W ContextImpl: Calling a method in the system process without a qualified user: android.app.ContextImpl.startService:1656 android.content.ContextWrapper.startService:644 com.huawei.systemmanager.SystemManagerApplication.startMainService:342 com.huawei.systemmanager.SystemManagerApplication.startServices:189 com.huawei.systemmanager.SystemManagerApplication.onCreate:126 
02-20 11:44:31.685  1888  1888 W ContextImpl: Calling a method in the system process without a qualified user: android.app.ContextImpl.startService:1656 android.content.ContextWrapper.startService:644 com.huawei.systemmanager.SystemManagerApplication.startPermissionService:267 com.huawei.systemmanager.SystemManagerApplication.startServices:190 com.huawei.systemmanager.SystemManagerApplication.onCreate:126 
02-20 11:44:31.691  1888  1888 W ContextImpl: Calling a method in the system process without a qualified user: android.app.ContextImpl.startService:1656 android.content.ContextWrapper.startService:644 com.huawei.systemmanager.SystemManagerApplication.startBgStaticsService:288 com.huawei.systemmanager.SystemManagerApplication.startServices:195 com.huawei.systemmanager.SystemManagerApplication.onCreate:126 
02-20 11:44:31.712  1888  1888 W ContextImpl: Calling a method in the system process without a qualified user: android.app.ContextImpl.startService:1656 android.content.ContextWrapper.startService:644 com.huawei.systemmanager.SystemManagerApplication.startDeviceStorageMonitorService:295 com.huawei.systemmanager.SystemManagerApplication.startServices:197 com.huawei.systemmanager.SystemManagerApplication.onCreate:126 
02-20 11:44:31.714  1188  1238 I chatty  : uid=1000(system) ActivityManager expire 5 lines
02-20 11:44:31.718  1888  1888 W ContextImpl: Calling a method in the system process without a qualified user: android.app.ContextImpl.startService:1656 android.content.ContextWrapper.startService:644 com.huawei.systemmanager.SystemManagerApplication.startSpaceCleanService:316 com.huawei.systemmanager.SystemManagerApplication.startServices:201 com.huawei.systemmanager.SystemManagerApplication.onCreate:126 
02-20 11:44:31.720  1888  1888 W ContextImpl: Calling a method in the system process without a qualified user: android.app.ContextImpl.startService:1656 android.content.ContextWrapper.startService:644 com.huawei.systemmanager.SystemManagerApplication.startSmartControlResidentService:326 com.huawei.systemmanager.SystemManagerApplication.startServices:204 com.huawei.systemmanager.SystemManagerApplication.onCreate:126 
02-20 11:44:31.732  1888  1888 W ContextImpl: Calling a method in the system process without a qualified user: android.app.ContextImpl.startService:1656 android.content.ContextWrapper.startService:644 com.huawei.systemmanager.SystemManagerApplication.startAntivirusService:331 com.huawei.systemmanager.SystemManagerApplication.startServices:205 com.huawei.systemmanager.SystemManagerApplication.onCreate:126 
02-20 11:44:31.745  1888  1888 W ContextImpl: Calling a method in the system process without a qualified user: android.app.ContextImpl.startService:1656 android.content.ContextWrapper.startService:644 com.huawei.systemmanager.SystemManagerApplication.startCoreService:226 com.huawei.systemmanager.SystemManagerApplication.startServices:207 com.huawei.systemmanager.SystemManagerApplication.onCreate:126 
02-20 11:44:31.787  1188  1762 I chatty  : uid=1000(system) Binder:1188_7 expire 25 lines
02-20 11:44:31.808  1188  1733 I chatty  : uid=1000(system) Binder:1188_6 expire 6 lines
02-20 11:44:31.826  1188  1188 I chatty  : uid=1000 system_server expire 48 lines
02-20 11:44:31.842  1188  1508 I chatty  : uid=1000(system) EyeProtectionCo expire 13 lines
02-20 11:44:31.843  1188  1235 I chatty  : uid=1000(system) android.bg expire 2 lines
02-20 11:44:31.845  1188  1732 I chatty  : uid=1000(system) Binder:1188_5 expire 25 lines
02-20 11:44:31.853  1188  1421 I chatty  : uid=1000(system) NetdConnector expire 12 lines
02-20 11:44:31.855  1188  1842 I chatty  : uid=1000(system) Binder:1188_A expire 7 lines
02-20 11:44:31.897  1188  1584 I chatty  : uid=1000(system) Binder:1188_4 expire 10 lines
02-20 11:44:31.897  1188  1780 I chatty  : uid=1000(system) Binder:1188_9 expire 5 lines
02-20 11:44:31.913   661   661 I wificond: New interface event callback registered
02-20 11:44:31.922  1727  1727 I HwServerApplication: Start  the sar control service
02-20 11:44:31.923  1727  1727 W ContextImpl: Calling a method in the system process without a qualified user: android.app.ContextImpl.startService:1656 android.content.ContextWrapper.startService:644 com.huawei.systemserver.HwServerApplication.startSarControlService:333 com.huawei.systemserver.HwServerApplication.startCoreServices:120 com.huawei.systemserver.HwServerApplication.startServices:87 
02-20 11:44:31.926  1727  1727 I HwServerApplication: Start huawei keystore service
02-20 11:44:31.932  1727  2053 E AuthenticationService: sendCmdToHal result: 0
02-20 11:44:31.934  1727  1727 I HwKeystoreServiceImpl: HwKeystoreServiceImpl constructor
02-20 11:44:31.936  1727  2053 E AuthenticationService: sendCmdToHal result: 0
02-20 11:44:31.943  1727  2053 E AuthenticationService: sendCmdToHal result: 0
02-20 11:44:31.963  1188  2064 I chatty  : uid=1000 system_server expire 1 line
02-20 11:44:31.972  1188  2066 I chatty  : uid=1000 system_server expire 1 line
02-20 11:44:32.037  1188  1763 I chatty  : uid=1000(system) Binder:1188_8 expire 6 lines
02-20 11:44:32.063  1188  2077 I chatty  : uid=1000 system_server expire 4 lines
02-20 11:44:32.068  1188  1844 I chatty  : uid=1000(system) Binder:1188_B expire 43 lines
02-20 11:44:32.107  1188  1239 I chatty  : uid=1000(system) android.ui expire 1 line
02-20 11:44:32.163  1758  1758 W SystemConfig: <feature> android.software.home_screen is disabled in china area
02-20 11:44:32.193  1758  1758 W SystemConfig: <feature> android.software.home_screen is disabled in china area
02-20 11:44:32.194  1758  1758 W SystemConfig: No directory /system/emui/base/sysconfig, skipping
02-20 11:44:32.194  1758  1758 W SystemConfig: No directory /system/emui/china/sysconfig, skipping
02-20 11:44:32.194  1758  1758 W SystemConfig: No directory /vendor/etc/sysconfig, skipping
02-20 11:44:32.196  1888  2105 W ContextImpl: Calling a method in the system process without a qualified user: android.app.ContextImpl.sendBroadcast:1095 android.content.ContextWrapper.sendBroadcast:436 com.huawei.harassmentinterception.strategy.IntellEngineController.openSmsEngine:25 com.huawei.harassmentinterception.strategy.StrategyManager.updateStrategy:181 com.huawei.harassmentinterception.strategy.StrategyManager.updateStrategyFromDb:134 
02-20 11:44:32.201  1758  1758 W SystemConfig: <feature> android.software.home_screen is disabled in china area
02-20 11:44:32.202  1758  1758 W SystemConfig: No directory /odm/etc/sysconfig, skipping
02-20 11:44:32.202  1758  1758 W SystemConfig: No directory /product/etc/sysconfig, skipping
02-20 11:44:32.204  1758  1758 W SystemConfig: No directory /hw_odm/sysconfig, skipping
02-20 11:44:32.204  1758  1758 W SystemConfig: No directory /hw_odm/permissions, skipping
02-20 11:44:32.204  1758  1758 W SystemConfig: No directory /hw_oem/sysconfig, skipping
02-20 11:44:32.205  1758  1758 W SystemConfig: No directory /data/cust/sysconfig, skipping
02-20 11:44:32.205  1758  1758 W SystemConfig: No directory /version/region_comm/china/sysconfig, skipping
02-20 11:44:32.206  1758  1758 W SystemConfig: No directory /cust_spec/sysconfig, skipping
02-20 11:44:32.249  1188  1441 I chatty  : uid=1000(system) ConnectivitySer expire 18 lines
02-20 11:44:32.270  2111  2111 D ActivityThread: ActivityThread,attachApplication
